Picked up JAVA_TOOL_OPTIONS: -Xmx3g
id: test-155225-661, starting consumer #0
id: test-155225-661, starting consumer #0, channel #0
id: test-155225-661, starting consumer #1
id: test-155225-661, starting consumer #1, channel #0
id: test-155225-661, starting consumer #2
id: test-155225-661, starting consumer #2, channel #0
id: test-155225-661, starting consumer #3
id: test-155225-661, starting consumer #3, channel #0
id: test-155225-661, starting consumer #4
id: test-155225-661, starting consumer #4, channel #0
id: test-155225-661, starting consumer #5
id: test-155225-661, starting consumer #5, channel #0
id: test-155225-661, starting consumer #6
id: test-155225-661, starting consumer #6, channel #0
id: test-155225-661, starting consumer #7
id: test-155225-661, starting consumer #7, channel #0
id: test-155225-661, starting consumer #8
id: test-155225-661, starting consumer #8, channel #0
id: test-155225-661, starting consumer #9
id: test-155225-661, starting consumer #9, channel #0
id: test-155225-661, starting consumer #10
id: test-155225-661, starting consumer #10, channel #0
id: test-155225-661, starting consumer #11
id: test-155225-661, starting consumer #11, channel #0
id: test-155225-661, starting consumer #12
id: test-155225-661, starting consumer #12, channel #0
id: test-155225-661, starting consumer #13
id: test-155225-661, starting consumer #13, channel #0
id: test-155225-661, starting consumer #14
id: test-155225-661, starting consumer #14, channel #0
id: test-155225-661, starting consumer #15
id: test-155225-661, starting consumer #15, channel #0
id: test-155225-661, starting consumer #16
id: test-155225-661, starting consumer #16, channel #0
id: test-155225-661, starting consumer #17
id: test-155225-661, starting consumer #17, channel #0
id: test-155225-661, starting consumer #18
id: test-155225-661, starting consumer #18, channel #0
id: test-155225-661, starting consumer #19
id: test-155225-661, starting consumer #19, channel #0
id: test-155225-661, starting consumer #20
id: test-155225-661, starting consumer #20, channel #0
id: test-155225-661, starting consumer #21
id: test-155225-661, starting consumer #21, channel #0
id: test-155225-661, starting consumer #22
id: test-155225-661, starting consumer #22, channel #0
id: test-155225-661, starting consumer #23
id: test-155225-661, starting consumer #23, channel #0
id: test-155225-661, starting consumer #24
id: test-155225-661, starting consumer #24, channel #0
id: test-155225-661, starting consumer #25
id: test-155225-661, starting consumer #25, channel #0
id: test-155225-661, starting consumer #26
id: test-155225-661, starting consumer #26, channel #0
id: test-155225-661, starting consumer #27
id: test-155225-661, starting consumer #27, channel #0
id: test-155225-661, starting consumer #28
id: test-155225-661, starting consumer #28, channel #0
id: test-155225-661, starting consumer #29
id: test-155225-661, starting consumer #29, channel #0
id: test-155225-661, starting consumer #30
id: test-155225-661, starting consumer #30, channel #0
id: test-155225-661, starting consumer #31
id: test-155225-661, starting consumer #31, channel #0
id: test-155225-661, starting consumer #32
id: test-155225-661, starting consumer #32, channel #0
id: test-155225-661, starting consumer #33
id: test-155225-661, starting consumer #33, channel #0
id: test-155225-661, starting consumer #34
id: test-155225-661, starting consumer #34, channel #0
id: test-155225-661, starting consumer #35
id: test-155225-661, starting consumer #35, channel #0
id: test-155225-661, starting consumer #36
id: test-155225-661, starting consumer #36, channel #0
id: test-155225-661, starting consumer #37
id: test-155225-661, starting consumer #37, channel #0
id: test-155225-661, starting consumer #38
id: test-155225-661, starting consumer #38, channel #0
id: test-155225-661, starting consumer #39
id: test-155225-661, starting consumer #39, channel #0
id: test-155225-661, starting consumer #40
id: test-155225-661, starting consumer #40, channel #0
id: test-155225-661, starting consumer #41
id: test-155225-661, starting consumer #41, channel #0
id: test-155225-661, starting consumer #42
id: test-155225-661, starting consumer #42, channel #0
id: test-155225-661, starting consumer #43
id: test-155225-661, starting consumer #43, channel #0
id: test-155225-661, starting consumer #44
id: test-155225-661, starting consumer #44, channel #0
id: test-155225-661, starting consumer #45
id: test-155225-661, starting consumer #45, channel #0
id: test-155225-661, starting consumer #46
id: test-155225-661, starting consumer #46, channel #0
id: test-155225-661, starting consumer #47
id: test-155225-661, starting consumer #47, channel #0
id: test-155225-661, starting consumer #48
id: test-155225-661, starting consumer #48, channel #0
id: test-155225-661, starting consumer #49
id: test-155225-661, starting consumer #49, channel #0
id: test-155225-661, starting consumer #50
id: test-155225-661, starting consumer #50, channel #0
id: test-155225-661, starting consumer #51
id: test-155225-661, starting consumer #51, channel #0
id: test-155225-661, starting consumer #52
id: test-155225-661, starting consumer #52, channel #0
id: test-155225-661, starting consumer #53
id: test-155225-661, starting consumer #53, channel #0
id: test-155225-661, starting consumer #54
id: test-155225-661, starting consumer #54, channel #0
id: test-155225-661, starting consumer #55
id: test-155225-661, starting consumer #55, channel #0
id: test-155225-661, starting consumer #56
id: test-155225-661, starting consumer #56, channel #0
id: test-155225-661, starting consumer #57
id: test-155225-661, starting consumer #57, channel #0
id: test-155225-661, starting consumer #58
id: test-155225-661, starting consumer #58, channel #0
id: test-155225-661, starting consumer #59
id: test-155225-661, starting consumer #59, channel #0
id: test-155225-661, starting consumer #60
id: test-155225-661, starting consumer #60, channel #0
id: test-155225-661, starting consumer #61
id: test-155225-661, starting consumer #61, channel #0
id: test-155225-661, starting consumer #62
id: test-155225-661, starting consumer #62, channel #0
id: test-155225-661, starting consumer #63
id: test-155225-661, starting consumer #63, channel #0
id: test-155225-661, starting producer #0
id: test-155225-661, starting producer #0, channel #0
id: test-155225-661, starting producer #1
id: test-155225-661, starting producer #1, channel #0
id: test-155225-661, starting producer #2
id: test-155225-661, starting producer #2, channel #0
id: test-155225-661, starting producer #3
id: test-155225-661, starting producer #3, channel #0
id: test-155225-661, starting producer #4
id: test-155225-661, starting producer #4, channel #0
id: test-155225-661, starting producer #5
id: test-155225-661, starting producer #5, channel #0
id: test-155225-661, starting producer #6
id: test-155225-661, starting producer #6, channel #0
id: test-155225-661, starting producer #7
id: test-155225-661, starting producer #7, channel #0
id: test-155225-661, starting producer #8
id: test-155225-661, starting producer #8, channel #0
id: test-155225-661, starting producer #9
id: test-155225-661, starting producer #9, channel #0
id: test-155225-661, starting producer #10
id: test-155225-661, starting producer #10, channel #0
id: test-155225-661, starting producer #11
id: test-155225-661, starting producer #11, channel #0
id: test-155225-661, starting producer #12
id: test-155225-661, starting producer #12, channel #0
id: test-155225-661, starting producer #13
id: test-155225-661, starting producer #13, channel #0
id: test-155225-661, starting producer #14
id: test-155225-661, starting producer #14, channel #0
id: test-155225-661, starting producer #15
id: test-155225-661, starting producer #15, channel #0
id: test-155225-661, starting producer #16
id: test-155225-661, starting producer #16, channel #0
id: test-155225-661, starting producer #17
id: test-155225-661, starting producer #17, channel #0
id: test-155225-661, starting producer #18
id: test-155225-661, starting producer #18, channel #0
id: test-155225-661, starting producer #19
id: test-155225-661, starting producer #19, channel #0
id: test-155225-661, starting producer #20
id: test-155225-661, starting producer #20, channel #0
id: test-155225-661, starting producer #21
id: test-155225-661, starting producer #21, channel #0
id: test-155225-661, starting producer #22
id: test-155225-661, starting producer #22, channel #0
id: test-155225-661, starting producer #23
id: test-155225-661, starting producer #23, channel #0
id: test-155225-661, starting producer #24
id: test-155225-661, starting producer #24, channel #0
id: test-155225-661, starting producer #25
id: test-155225-661, starting producer #25, channel #0
id: test-155225-661, starting producer #26
id: test-155225-661, starting producer #26, channel #0
id: test-155225-661, starting producer #27
id: test-155225-661, starting producer #27, channel #0
id: test-155225-661, starting producer #28
id: test-155225-661, starting producer #28, channel #0
id: test-155225-661, starting producer #29
id: test-155225-661, starting producer #29, channel #0
id: test-155225-661, starting producer #30
id: test-155225-661, starting producer #30, channel #0
id: test-155225-661, starting producer #31
id: test-155225-661, starting producer #31, channel #0
id: test-155225-661, starting producer #32
id: test-155225-661, starting producer #32, channel #0
id: test-155225-661, starting producer #33
id: test-155225-661, starting producer #33, channel #0
id: test-155225-661, starting producer #34
id: test-155225-661, starting producer #34, channel #0
id: test-155225-661, starting producer #35
id: test-155225-661, starting producer #35, channel #0
id: test-155225-661, starting producer #36
id: test-155225-661, starting producer #36, channel #0
id: test-155225-661, starting producer #37
id: test-155225-661, starting producer #37, channel #0
id: test-155225-661, starting producer #38
id: test-155225-661, starting producer #38, channel #0
id: test-155225-661, starting producer #39
id: test-155225-661, starting producer #39, channel #0
id: test-155225-661, starting producer #40
id: test-155225-661, starting producer #40, channel #0
id: test-155225-661, starting producer #41
id: test-155225-661, starting producer #41, channel #0
id: test-155225-661, starting producer #42
id: test-155225-661, starting producer #42, channel #0
id: test-155225-661, starting producer #43
id: test-155225-661, starting producer #43, channel #0
id: test-155225-661, starting producer #44
id: test-155225-661, starting producer #44, channel #0
id: test-155225-661, starting producer #45
id: test-155225-661, starting producer #45, channel #0
id: test-155225-661, starting producer #46
id: test-155225-661, starting producer #46, channel #0
id: test-155225-661, starting producer #47
id: test-155225-661, starting producer #47, channel #0
id: test-155225-661, starting producer #48
id: test-155225-661, starting producer #48, channel #0
id: test-155225-661, starting producer #49
id: test-155225-661, starting producer #49, channel #0
id: test-155225-661, starting producer #50
id: test-155225-661, starting producer #50, channel #0
id: test-155225-661, starting producer #51
id: test-155225-661, starting producer #51, channel #0
id: test-155225-661, starting producer #52
id: test-155225-661, starting producer #52, channel #0
id: test-155225-661, starting producer #53
id: test-155225-661, starting producer #53, channel #0
id: test-155225-661, starting producer #54
id: test-155225-661, starting producer #54, channel #0
id: test-155225-661, starting producer #55
id: test-155225-661, starting producer #55, channel #0
id: test-155225-661, starting producer #56
id: test-155225-661, starting producer #56, channel #0
id: test-155225-661, starting producer #57
id: test-155225-661, starting producer #57, channel #0
id: test-155225-661, starting producer #58
id: test-155225-661, starting producer #58, channel #0
id: test-155225-661, starting producer #59
id: test-155225-661, starting producer #59, channel #0
id: test-155225-661, starting producer #60
id: test-155225-661, starting producer #60, channel #0
id: test-155225-661, starting producer #61
id: test-155225-661, starting producer #61, channel #0
id: test-155225-661, starting producer #62
id: test-155225-661, starting producer #62, channel #0
id: test-155225-661, starting producer #63
id: test-155225-661, starting producer #63, channel #0
id: test-155225-661, time 1.016 s, sent: 62392 msg/s, confirmed: 59675 msg/s, nacked: 0 msg/s, received: 48265 msg/s, min/median/75th/95th/99th/max consumer latency: 152/103819/260983/469774/631274/823967 µs, confirm latency: 202/12393/55183/341228/386656/592120 µs
id: test-155225-661, time 2.009 s, sent: 108372 msg/s, confirmed: 108777 msg/s, nacked: 0 msg/s, received: 97638 msg/s, min/median/75th/95th/99th/max consumer latency: 727/229934/359758/601070/732375/829175 µs, confirm latency: 179/5205/122646/237473/393957/479948 µs
id: test-155225-661, time 3.002 s, sent: 113877 msg/s, confirmed: 113939 msg/s, nacked: 0 msg/s, received: 110644 msg/s, min/median/75th/95th/99th/max consumer latency: 398/207211/371089/560902/706975/845453 µs, confirm latency: 124/3755/8202/88450/290325/349304 µs
id: test-155225-661, time 4.001 s, sent: 190839 msg/s, confirmed: 182771 msg/s, nacked: 0 msg/s, received: 195354 msg/s, min/median/75th/95th/99th/max consumer latency: 1723/75691/149050/529419/681362/726800 µs, confirm latency: 218/26149/67127/142778/181729/307829 µs
id: test-155225-661, time 5.000 s, sent: 266765 msg/s, confirmed: 265641 msg/s, nacked: 0 msg/s, received: 259085 msg/s, min/median/75th/95th/99th/max consumer latency: 1939/74722/129225/346180/468003/488090 µs, confirm latency: 2030/29871/44194/75848/103307/133190 µs
id: test-155225-661, time 6.001 s, sent: 291613 msg/s, confirmed: 293040 msg/s, nacked: 0 msg/s, received: 278259 msg/s, min/median/75th/95th/99th/max consumer latency: 12657/109598/187246/398995/471955/532034 µs, confirm latency: 7025/38904/47073/61699/72770/84471 µs
id: test-155225-661, time 7.002 s, sent: 221099 msg/s, confirmed: 221492 msg/s, nacked: 0 msg/s, received: 221560 msg/s, min/median/75th/95th/99th/max consumer latency: 6373/156290/275480/525938/707393/737833 µs, confirm latency: 3557/41024/51454/104173/246360/280366 µs
id: test-155225-661, time 8.001 s, sent: 287883 msg/s, confirmed: 285509 msg/s, nacked: 0 msg/s, received: 281516 msg/s, min/median/75th/95th/99th/max consumer latency: 10692/132588/245011/488384/601086/650547 µs, confirm latency: 2732/38533/49476/67182/86713/112038 µs
id: test-155225-661, time 9.004 s, sent: 233419 msg/s, confirmed: 234171 msg/s, nacked: 0 msg/s, received: 230764 msg/s, min/median/75th/95th/99th/max consumer latency: 10852/213118/334535/527420/765075/818354 µs, confirm latency: 6176/41744/53152/150515/194588/245009 µs
id: test-155225-661, time 10.000 s, sent: 235514 msg/s, confirmed: 234520 msg/s, nacked: 0 msg/s, received: 225849 msg/s, min/median/75th/95th/99th/max consumer latency: 18269/232475/304434/665146/774394/827120 µs, confirm latency: 5204/42533/54830/101617/138456/203643 µs
id: test-155225-661, time 11.002 s, sent: 239369 msg/s, confirmed: 240540 msg/s, nacked: 0 msg/s, received: 235033 msg/s, min/median/75th/95th/99th/max consumer latency: 28856/278185/414177/654723/812414/867082 µs, confirm latency: 6140/44486/62089/101966/116846/147736 µs
id: test-155225-661, time 12.001 s, sent: 275403 msg/s, confirmed: 275704 msg/s, nacked: 0 msg/s, received: 273080 msg/s, min/median/75th/95th/99th/max consumer latency: 10818/261857/366373/592803/640012/684158 µs, confirm latency: 2917/39366/51084/75907/98351/146490 µs
id: test-155225-661, time 13.000 s, sent: 257288 msg/s, confirmed: 256332 msg/s, nacked: 0 msg/s, received: 254831 msg/s, min/median/75th/95th/99th/max consumer latency: 18836/235957/381790/693382/772577/789618 µs, confirm latency: 3342/42002/51995/85418/119517/176805 µs
id: test-155225-661, time 14.002 s, sent: 242557 msg/s, confirmed: 241498 msg/s, nacked: 0 msg/s, received: 245498 msg/s, min/median/75th/95th/99th/max consumer latency: 8947/195075/324954/693165/726102/739150 µs, confirm latency: 1855/40725/50455/87541/117166/149179 µs
id: test-155225-661, time 15.000 s, sent: 205430 msg/s, confirmed: 206059 msg/s, nacked: 0 msg/s, received: 205790 msg/s, min/median/75th/95th/99th/max consumer latency: 16441/245480/499111/1006684/1103412/1150164 µs, confirm latency: 2912/42321/66349/172981/234074/390912 µs
id: test-155225-661, time 16.000 s, sent: 271150 msg/s, confirmed: 271046 msg/s, nacked: 0 msg/s, received: 271198 msg/s, min/median/75th/95th/99th/max consumer latency: 12497/176142/254605/705152/761673/938884 µs, confirm latency: 1923/39677/50154/75203/110049/133230 µs
id: test-155225-661, time 17.001 s, sent: 197608 msg/s, confirmed: 198567 msg/s, nacked: 0 msg/s, received: 200298 msg/s, min/median/75th/95th/99th/max consumer latency: 9899/214682/421720/892032/1046829/1089901 µs, confirm latency: 2567/46012/79827/128173/151325/181608 µs
id: test-155225-661, time 18.000 s, sent: 276170 msg/s, confirmed: 275579 msg/s, nacked: 0 msg/s, received: 278780 msg/s, min/median/75th/95th/99th/max consumer latency: 3704/144141/327458/961879/1078752/1098553 µs, confirm latency: 1868/39001/51035/68368/99666/142331 µs
id: test-155225-661, time 19.001 s, sent: 170764 msg/s, confirmed: 169892 msg/s, nacked: 0 msg/s, received: 168708 msg/s, min/median/75th/95th/99th/max consumer latency: 6852/184583/359363/773967/838787/994664 µs, confirm latency: 3213/41561/55062/213871/374726/396049 µs
id: test-155225-661, time 20.001 s, sent: 102572 msg/s, confirmed: 103679 msg/s, nacked: 0 msg/s, received: 103655 msg/s, min/median/75th/95th/99th/max consumer latency: 32314/601523/821965/1564930/1716101/1743386 µs, confirm latency: 19043/127592/178689/297569/449920/551953 µs
id: test-155225-661, time 21.000 s, sent: 240360 msg/s, confirmed: 240156 msg/s, nacked: 0 msg/s, received: 239132 msg/s, min/median/75th/95th/99th/max consumer latency: 1995/208166/293759/1601060/1740274/1763026 µs, confirm latency: 2539/46806/56797/80686/119057/143771 µs
id: test-155225-661, time 22.000 s, sent: 209201 msg/s, confirmed: 208574 msg/s, nacked: 0 msg/s, received: 208027 msg/s, min/median/75th/95th/99th/max consumer latency: 22197/204106/301766/816998/860426/995921 µs, confirm latency: 12802/41779/52317/198283/262624/283468 µs
id: test-155225-661, time 23.001 s, sent: 249424 msg/s, confirmed: 250142 msg/s, nacked: 0 msg/s, received: 251088 msg/s, min/median/75th/95th/99th/max consumer latency: 22610/231993/427292/1010324/1139714/1167935 µs, confirm latency: 5185/42545/56643/113857/143911/166465 µs
id: test-155225-661, time 24.001 s, sent: 257907 msg/s, confirmed: 257840 msg/s, nacked: 0 msg/s, received: 260968 msg/s, min/median/75th/95th/99th/max consumer latency: 7567/195662/253047/737011/796417/853296 µs, confirm latency: 2063/41375/50105/90356/116605/132469 µs
id: test-155225-661, time 25.000 s, sent: 261369 msg/s, confirmed: 261718 msg/s, nacked: 0 msg/s, received: 257832 msg/s, min/median/75th/95th/99th/max consumer latency: 10600/180229/271817/830542/882249/920127 µs, confirm latency: 1812/42018/52626/82984/105791/115166 µs
id: test-155225-661, time 26.001 s, sent: 50916 msg/s, confirmed: 62179 msg/s, nacked: 0 msg/s, received: 94597 msg/s, min/median/75th/95th/99th/max consumer latency: 21933/184958/280626/793684/871077/887719 µs, confirm latency: 8447/42474/52587/81425/108460/115539 µs
test stopped (Reached time limit)
id: test-155225-661, sending rate avg: 184807 msg/s
id: test-155225-661, receiving rate avg: 184366 msg/s
id: test-155225-661, consumer latency min/median/75th/95th/99th/max 1464/189534/327021/799546/1135872/1716286 µs
id: test-155225-661, confirm latency min/median/75th/95th/99th/max 180/41693/54527/105466/199938/328770 µs
