Picked up JAVA_TOOL_OPTIONS: -Xmx3g
id: test-155023-218, starting consumer #0
id: test-155023-218, starting consumer #0, channel #0
id: test-155023-218, starting consumer #1
id: test-155023-218, starting consumer #1, channel #0
id: test-155023-218, starting consumer #2
id: test-155023-218, starting consumer #2, channel #0
id: test-155023-218, starting consumer #3
id: test-155023-218, starting consumer #3, channel #0
id: test-155023-218, starting consumer #4
id: test-155023-218, starting consumer #4, channel #0
id: test-155023-218, starting consumer #5
id: test-155023-218, starting consumer #5, channel #0
id: test-155023-218, starting consumer #6
id: test-155023-218, starting consumer #6, channel #0
id: test-155023-218, starting consumer #7
id: test-155023-218, starting consumer #7, channel #0
id: test-155023-218, starting consumer #8
id: test-155023-218, starting consumer #8, channel #0
id: test-155023-218, starting consumer #9
id: test-155023-218, starting consumer #9, channel #0
id: test-155023-218, starting consumer #10
id: test-155023-218, starting consumer #10, channel #0
id: test-155023-218, starting consumer #11
id: test-155023-218, starting consumer #11, channel #0
id: test-155023-218, starting consumer #12
id: test-155023-218, starting consumer #12, channel #0
id: test-155023-218, starting consumer #13
id: test-155023-218, starting consumer #13, channel #0
id: test-155023-218, starting consumer #14
id: test-155023-218, starting consumer #14, channel #0
id: test-155023-218, starting consumer #15
id: test-155023-218, starting consumer #15, channel #0
id: test-155023-218, starting consumer #16
id: test-155023-218, starting consumer #16, channel #0
id: test-155023-218, starting consumer #17
id: test-155023-218, starting consumer #17, channel #0
id: test-155023-218, starting consumer #18
id: test-155023-218, starting consumer #18, channel #0
id: test-155023-218, starting consumer #19
id: test-155023-218, starting consumer #19, channel #0
id: test-155023-218, starting consumer #20
id: test-155023-218, starting consumer #20, channel #0
id: test-155023-218, starting consumer #21
id: test-155023-218, starting consumer #21, channel #0
id: test-155023-218, starting consumer #22
id: test-155023-218, starting consumer #22, channel #0
id: test-155023-218, starting consumer #23
id: test-155023-218, starting consumer #23, channel #0
id: test-155023-218, starting consumer #24
id: test-155023-218, starting consumer #24, channel #0
id: test-155023-218, starting consumer #25
id: test-155023-218, starting consumer #25, channel #0
id: test-155023-218, starting consumer #26
id: test-155023-218, starting consumer #26, channel #0
id: test-155023-218, starting consumer #27
id: test-155023-218, starting consumer #27, channel #0
id: test-155023-218, starting consumer #28
id: test-155023-218, starting consumer #28, channel #0
id: test-155023-218, starting consumer #29
id: test-155023-218, starting consumer #29, channel #0
id: test-155023-218, starting consumer #30
id: test-155023-218, starting consumer #30, channel #0
id: test-155023-218, starting consumer #31
id: test-155023-218, starting consumer #31, channel #0
id: test-155023-218, starting consumer #32
id: test-155023-218, starting consumer #32, channel #0
id: test-155023-218, starting consumer #33
id: test-155023-218, starting consumer #33, channel #0
id: test-155023-218, starting consumer #34
id: test-155023-218, starting consumer #34, channel #0
id: test-155023-218, starting consumer #35
id: test-155023-218, starting consumer #35, channel #0
id: test-155023-218, starting consumer #36
id: test-155023-218, starting consumer #36, channel #0
id: test-155023-218, starting consumer #37
id: test-155023-218, starting consumer #37, channel #0
id: test-155023-218, starting consumer #38
id: test-155023-218, starting consumer #38, channel #0
id: test-155023-218, starting consumer #39
id: test-155023-218, starting consumer #39, channel #0
id: test-155023-218, starting consumer #40
id: test-155023-218, starting consumer #40, channel #0
id: test-155023-218, starting consumer #41
id: test-155023-218, starting consumer #41, channel #0
id: test-155023-218, starting consumer #42
id: test-155023-218, starting consumer #42, channel #0
id: test-155023-218, starting consumer #43
id: test-155023-218, starting consumer #43, channel #0
id: test-155023-218, starting consumer #44
id: test-155023-218, starting consumer #44, channel #0
id: test-155023-218, starting consumer #45
id: test-155023-218, starting consumer #45, channel #0
id: test-155023-218, starting consumer #46
id: test-155023-218, starting consumer #46, channel #0
id: test-155023-218, starting consumer #47
id: test-155023-218, starting consumer #47, channel #0
id: test-155023-218, starting consumer #48
id: test-155023-218, starting consumer #48, channel #0
id: test-155023-218, starting consumer #49
id: test-155023-218, starting consumer #49, channel #0
id: test-155023-218, starting consumer #50
id: test-155023-218, starting consumer #50, channel #0
id: test-155023-218, starting consumer #51
id: test-155023-218, starting consumer #51, channel #0
id: test-155023-218, starting consumer #52
id: test-155023-218, starting consumer #52, channel #0
id: test-155023-218, starting consumer #53
id: test-155023-218, starting consumer #53, channel #0
id: test-155023-218, starting consumer #54
id: test-155023-218, starting consumer #54, channel #0
id: test-155023-218, starting consumer #55
id: test-155023-218, starting consumer #55, channel #0
id: test-155023-218, starting consumer #56
id: test-155023-218, starting consumer #56, channel #0
id: test-155023-218, starting consumer #57
id: test-155023-218, starting consumer #57, channel #0
id: test-155023-218, starting consumer #58
id: test-155023-218, starting consumer #58, channel #0
id: test-155023-218, starting consumer #59
id: test-155023-218, starting consumer #59, channel #0
id: test-155023-218, starting consumer #60
id: test-155023-218, starting consumer #60, channel #0
id: test-155023-218, starting consumer #61
id: test-155023-218, starting consumer #61, channel #0
id: test-155023-218, starting consumer #62
id: test-155023-218, starting consumer #62, channel #0
id: test-155023-218, starting consumer #63
id: test-155023-218, starting consumer #63, channel #0
id: test-155023-218, starting producer #0
id: test-155023-218, starting producer #0, channel #0
id: test-155023-218, starting producer #1
id: test-155023-218, starting producer #1, channel #0
id: test-155023-218, starting producer #2
id: test-155023-218, starting producer #2, channel #0
id: test-155023-218, starting producer #3
id: test-155023-218, starting producer #3, channel #0
id: test-155023-218, starting producer #4
id: test-155023-218, starting producer #4, channel #0
id: test-155023-218, starting producer #5
id: test-155023-218, starting producer #5, channel #0
id: test-155023-218, starting producer #6
id: test-155023-218, starting producer #6, channel #0
id: test-155023-218, starting producer #7
id: test-155023-218, starting producer #7, channel #0
id: test-155023-218, starting producer #8
id: test-155023-218, starting producer #8, channel #0
id: test-155023-218, starting producer #9
id: test-155023-218, starting producer #9, channel #0
id: test-155023-218, starting producer #10
id: test-155023-218, starting producer #10, channel #0
id: test-155023-218, starting producer #11
id: test-155023-218, starting producer #11, channel #0
id: test-155023-218, starting producer #12
id: test-155023-218, starting producer #12, channel #0
id: test-155023-218, starting producer #13
id: test-155023-218, starting producer #13, channel #0
id: test-155023-218, starting producer #14
id: test-155023-218, starting producer #14, channel #0
id: test-155023-218, starting producer #15
id: test-155023-218, starting producer #15, channel #0
id: test-155023-218, starting producer #16
id: test-155023-218, starting producer #16, channel #0
id: test-155023-218, starting producer #17
id: test-155023-218, starting producer #17, channel #0
id: test-155023-218, starting producer #18
id: test-155023-218, starting producer #18, channel #0
id: test-155023-218, starting producer #19
id: test-155023-218, starting producer #19, channel #0
id: test-155023-218, starting producer #20
id: test-155023-218, starting producer #20, channel #0
id: test-155023-218, starting producer #21
id: test-155023-218, starting producer #21, channel #0
id: test-155023-218, starting producer #22
id: test-155023-218, starting producer #22, channel #0
id: test-155023-218, starting producer #23
id: test-155023-218, starting producer #23, channel #0
id: test-155023-218, starting producer #24
id: test-155023-218, starting producer #24, channel #0
id: test-155023-218, starting producer #25
id: test-155023-218, starting producer #25, channel #0
id: test-155023-218, starting producer #26
id: test-155023-218, starting producer #26, channel #0
id: test-155023-218, starting producer #27
id: test-155023-218, starting producer #27, channel #0
id: test-155023-218, starting producer #28
id: test-155023-218, starting producer #28, channel #0
id: test-155023-218, starting producer #29
id: test-155023-218, starting producer #29, channel #0
id: test-155023-218, starting producer #30
id: test-155023-218, starting producer #30, channel #0
id: test-155023-218, starting producer #31
id: test-155023-218, starting producer #31, channel #0
id: test-155023-218, starting producer #32
id: test-155023-218, starting producer #32, channel #0
id: test-155023-218, starting producer #33
id: test-155023-218, starting producer #33, channel #0
id: test-155023-218, starting producer #34
id: test-155023-218, starting producer #34, channel #0
id: test-155023-218, starting producer #35
id: test-155023-218, starting producer #35, channel #0
id: test-155023-218, starting producer #36
id: test-155023-218, starting producer #36, channel #0
id: test-155023-218, starting producer #37
id: test-155023-218, starting producer #37, channel #0
id: test-155023-218, starting producer #38
id: test-155023-218, starting producer #38, channel #0
id: test-155023-218, starting producer #39
id: test-155023-218, starting producer #39, channel #0
id: test-155023-218, starting producer #40
id: test-155023-218, starting producer #40, channel #0
id: test-155023-218, starting producer #41
id: test-155023-218, starting producer #41, channel #0
id: test-155023-218, starting producer #42
id: test-155023-218, starting producer #42, channel #0
id: test-155023-218, starting producer #43
id: test-155023-218, starting producer #43, channel #0
id: test-155023-218, starting producer #44
id: test-155023-218, starting producer #44, channel #0
id: test-155023-218, starting producer #45
id: test-155023-218, starting producer #45, channel #0
id: test-155023-218, starting producer #46
id: test-155023-218, starting producer #46, channel #0
id: test-155023-218, starting producer #47
id: test-155023-218, starting producer #47, channel #0
id: test-155023-218, starting producer #48
id: test-155023-218, starting producer #48, channel #0
id: test-155023-218, starting producer #49
id: test-155023-218, starting producer #49, channel #0
id: test-155023-218, starting producer #50
id: test-155023-218, starting producer #50, channel #0
id: test-155023-218, starting producer #51
id: test-155023-218, starting producer #51, channel #0
id: test-155023-218, starting producer #52
id: test-155023-218, starting producer #52, channel #0
id: test-155023-218, starting producer #53
id: test-155023-218, starting producer #53, channel #0
id: test-155023-218, starting producer #54
id: test-155023-218, starting producer #54, channel #0
id: test-155023-218, starting producer #55
id: test-155023-218, starting producer #55, channel #0
id: test-155023-218, starting producer #56
id: test-155023-218, starting producer #56, channel #0
id: test-155023-218, starting producer #57
id: test-155023-218, starting producer #57, channel #0
id: test-155023-218, starting producer #58
id: test-155023-218, starting producer #58, channel #0
id: test-155023-218, starting producer #59
id: test-155023-218, starting producer #59, channel #0
id: test-155023-218, starting producer #60
id: test-155023-218, starting producer #60, channel #0
id: test-155023-218, starting producer #61
id: test-155023-218, starting producer #61, channel #0
id: test-155023-218, starting producer #62
id: test-155023-218, starting producer #62, channel #0
id: test-155023-218, starting producer #63
id: test-155023-218, starting producer #63, channel #0
id: test-155023-218, time 1.006 s, sent: 46004 msg/s, confirmed: 45232 msg/s, nacked: 0 msg/s, received: 44824 msg/s, min/median/75th/95th/99th/max consumer latency: 351/18483/30006/82539/203025/255261 µs, confirm latency: 453/13677/21513/40388/58809/198777 µs
id: test-155023-218, time 2.005 s, sent: 57455 msg/s, confirmed: 57919 msg/s, nacked: 0 msg/s, received: 57047 msg/s, min/median/75th/95th/99th/max consumer latency: 150/16871/43603/133643/242063/377300 µs, confirm latency: 199/4410/8855/61919/110230/184822 µs
id: test-155023-218, time 3.001 s, sent: 160554 msg/s, confirmed: 159583 msg/s, nacked: 0 msg/s, received: 160982 msg/s, min/median/75th/95th/99th/max consumer latency: 177/5096/9193/30212/168190/283954 µs, confirm latency: 195/3883/6474/13603/24371/155143 µs
id: test-155023-218, time 4.000 s, sent: 205574 msg/s, confirmed: 205599 msg/s, nacked: 0 msg/s, received: 205649 msg/s, min/median/75th/95th/99th/max consumer latency: 608/3820/6139/11674/19237/54488 µs, confirm latency: 171/4655/7402/14569/27877/56774 µs
id: test-155023-218, time 5.001 s, sent: 181328 msg/s, confirmed: 181358 msg/s, nacked: 0 msg/s, received: 181218 msg/s, min/median/75th/95th/99th/max consumer latency: 358/3738/6095/12101/22053/37600 µs, confirm latency: 337/4955/7927/18320/27429/38007 µs
id: test-155023-218, time 6.000 s, sent: 244745 msg/s, confirmed: 244691 msg/s, nacked: 0 msg/s, received: 244751 msg/s, min/median/75th/95th/99th/max consumer latency: 494/3137/5261/9087/13904/54645 µs, confirm latency: 725/4173/6341/10079/14402/55662 µs
id: test-155023-218, time 7.000 s, sent: 154677 msg/s, confirmed: 154677 msg/s, nacked: 0 msg/s, received: 154697 msg/s, min/median/75th/95th/99th/max consumer latency: 239/4683/8610/16027/30778/42995 µs, confirm latency: 343/5190/9486/20485/30259/45259 µs
id: test-155023-218, time 8.000 s, sent: 193511 msg/s, confirmed: 193511 msg/s, nacked: 0 msg/s, received: 193811 msg/s, min/median/75th/95th/99th/max consumer latency: 539/3563/5946/11849/26497/75117 µs, confirm latency: 1221/4517/7294/15462/34368/65285 µs
id: test-155023-218, time 9.001 s, sent: 193668 msg/s, confirmed: 193668 msg/s, nacked: 0 msg/s, received: 193488 msg/s, min/median/75th/95th/99th/max consumer latency: 456/3687/5797/14058/23975/38007 µs, confirm latency: 221/4477/7032/19950/31389/53885 µs
id: test-155023-218, time 10.000 s, sent: 216227 msg/s, confirmed: 216307 msg/s, nacked: 0 msg/s, received: 216219 msg/s, min/median/75th/95th/99th/max consumer latency: 482/3319/5780/10920/19869/44564 µs, confirm latency: 374/4285/6401/13569/34728/55680 µs
id: test-155023-218, time 11.001 s, sent: 262136 msg/s, confirmed: 262138 msg/s, nacked: 0 msg/s, received: 262107 msg/s, min/median/75th/95th/99th/max consumer latency: 371/3131/5140/8445/11384/15399 µs, confirm latency: 367/3999/6072/9910/12055/13820 µs
id: test-155023-218, time 12.002 s, sent: 123087 msg/s, confirmed: 123005 msg/s, nacked: 0 msg/s, received: 123184 msg/s, min/median/75th/95th/99th/max consumer latency: 556/5022/11421/21033/42052/49005 µs, confirm latency: 758/6580/18048/29469/42184/53395 µs
id: test-155023-218, time 13.000 s, sent: 250063 msg/s, confirmed: 250063 msg/s, nacked: 0 msg/s, received: 250003 msg/s, min/median/75th/95th/99th/max consumer latency: 506/3415/5276/8890/12662/26742 µs, confirm latency: 803/4318/6145/9955/13086/32766 µs
id: test-155023-218, time 14.000 s, sent: 185738 msg/s, confirmed: 185738 msg/s, nacked: 0 msg/s, received: 185818 msg/s, min/median/75th/95th/99th/max consumer latency: 493/3456/6377/15267/28811/54096 µs, confirm latency: 738/4481/7153/21957/46325/55076 µs
id: test-155023-218, time 15.000 s, sent: 265790 msg/s, confirmed: 265888 msg/s, nacked: 0 msg/s, received: 265768 msg/s, min/median/75th/95th/99th/max consumer latency: 345/3043/5165/8238/10676/18328 µs, confirm latency: 550/3921/5734/9027/11753/13436 µs
id: test-155023-218, time 16.000 s, sent: 167437 msg/s, confirmed: 167339 msg/s, nacked: 0 msg/s, received: 167477 msg/s, min/median/75th/95th/99th/max consumer latency: 638/3591/6456/17912/34095/65848 µs, confirm latency: 1030/4785/8024/25490/41471/54827 µs
id: test-155023-218, time 17.000 s, sent: 265450 msg/s, confirmed: 265491 msg/s, nacked: 0 msg/s, received: 265413 msg/s, min/median/75th/95th/99th/max consumer latency: 576/3128/5109/8313/10819/12746 µs, confirm latency: 857/4096/6076/9712/11398/13688 µs
id: test-155023-218, time 18.001 s, sent: 148967 msg/s, confirmed: 148986 msg/s, nacked: 0 msg/s, received: 148835 msg/s, min/median/75th/95th/99th/max consumer latency: 299/4567/8383/16601/34652/48368 µs, confirm latency: 1157/5909/11198/20360/39877/56492 µs
id: test-155023-218, time 19.000 s, sent: 256945 msg/s, confirmed: 256885 msg/s, nacked: 0 msg/s, received: 257029 msg/s, min/median/75th/95th/99th/max consumer latency: 295/3435/5412/8413/11302/14027 µs, confirm latency: 1077/4108/6087/9449/11581/14572 µs
id: test-155023-218, time 20.000 s, sent: 202692 msg/s, confirmed: 202692 msg/s, nacked: 0 msg/s, received: 202722 msg/s, min/median/75th/95th/99th/max consumer latency: 537/3278/5370/9954/16158/95422 µs, confirm latency: 905/4625/6853/11303/50273/93118 µs
id: test-155023-218, time 21.000 s, sent: 242349 msg/s, confirmed: 242349 msg/s, nacked: 0 msg/s, received: 242387 msg/s, min/median/75th/95th/99th/max consumer latency: 600/3593/5668/8865/11645/19050 µs, confirm latency: 1031/4279/6325/9647/12065/16308 µs
id: test-155023-218, time 22.000 s, sent: 109389 msg/s, confirmed: 109579 msg/s, nacked: 0 msg/s, received: 109399 msg/s, min/median/75th/95th/99th/max consumer latency: 476/5573/11956/21071/52265/120950 µs, confirm latency: 1243/6037/16811/26941/112191/127142 µs
id: test-155023-218, time 23.000 s, sent: 257360 msg/s, confirmed: 257170 msg/s, nacked: 0 msg/s, received: 257410 msg/s, min/median/75th/95th/99th/max consumer latency: 395/3305/5193/8240/10300/16351 µs, confirm latency: 490/4171/6143/9599/12139/15557 µs
id: test-155023-218, time 24.000 s, sent: 244464 msg/s, confirmed: 244464 msg/s, nacked: 0 msg/s, received: 244436 msg/s, min/median/75th/95th/99th/max consumer latency: 457/3374/5599/9327/22594/48628 µs, confirm latency: 1293/4380/6409/9675/17219/34849 µs
id: test-155023-218, time 25.000 s, sent: 209022 msg/s, confirmed: 209062 msg/s, nacked: 0 msg/s, received: 208927 msg/s, min/median/75th/95th/99th/max consumer latency: 257/3611/5798/10696/17966/32627 µs, confirm latency: 606/4798/7278/14635/21086/37650 µs
test stopped (Reached time limit)
id: test-155023-218, sending rate avg: 194167 msg/s
id: test-155023-218, receiving rate avg: 194212 msg/s
id: test-155023-218, consumer latency min/median/75th/95th/99th/max 240/3418/5923/13608/31621/267976 µs
id: test-155023-218, confirm latency min/median/75th/95th/99th/max 370/4528/6928/14918/37919/152611 µs
