Picked up JAVA_TOOL_OPTIONS: -Xmx3g
id: test-154238-797, starting consumer #0
id: test-154238-797, starting consumer #0, channel #0
id: test-154238-797, starting consumer #1
id: test-154238-797, starting consumer #1, channel #0
id: test-154238-797, starting producer #0
id: test-154238-797, starting producer #0, channel #0
id: test-154238-797, starting producer #1
id: test-154238-797, starting producer #1, channel #0
id: test-154238-797, time 1.000 s, sent: 10017 msg/s, confirmed: 10014 msg/s, nacked: 0 msg/s, received: 10015 msg/s, min/median/75th/95th/99th/max consumer latency: 41/3799/6910/16240/33147/36479 µs, confirm latency: 99/2292/5096/9969/30277/31101 µs
id: test-154238-797, time 2.000 s, sent: 10009 msg/s, confirmed: 10009 msg/s, nacked: 0 msg/s, received: 10009 msg/s, min/median/75th/95th/99th/max consumer latency: 31/216/285/1463/11603/18385 µs, confirm latency: 89/293/360/1834/12620/19977 µs
id: test-154238-797, time 3.000 s, sent: 10000 msg/s, confirmed: 10002 msg/s, nacked: 0 msg/s, received: 10001 msg/s, min/median/75th/95th/99th/max consumer latency: 30/206/276/1137/32617/33037 µs, confirm latency: 88/280/347/1940/34658/34765 µs
id: test-154238-797, time 4.000 s, sent: 10000 msg/s, confirmed: 9998 msg/s, nacked: 0 msg/s, received: 9998 msg/s, min/median/75th/95th/99th/max consumer latency: 30/206/275/397/1380/2809 µs, confirm latency: 89/273/342/414/1456/1999 µs
id: test-154238-797, time 5.000 s, sent: 10010 msg/s, confirmed: 10010 msg/s, nacked: 0 msg/s, received: 10012 msg/s, min/median/75th/95th/99th/max consumer latency: 31/215/282/2003/18741/31834 µs, confirm latency: 91/291/359/2697/30211/35013 µs
id: test-154238-797, time 6.000 s, sent: 10000 msg/s, confirmed: 10000 msg/s, nacked: 0 msg/s, received: 9999 msg/s, min/median/75th/95th/99th/max consumer latency: 32/208/275/520/1585/2878 µs, confirm latency: 86/278/341/491/1373/2412 µs
id: test-154238-797, time 7.000 s, sent: 10001 msg/s, confirmed: 10002 msg/s, nacked: 0 msg/s, received: 10001 msg/s, min/median/75th/95th/99th/max consumer latency: 32/219/286/2309/18959/19640 µs, confirm latency: 86/294/362/3002/20695/27167 µs
id: test-154238-797, time 8.000 s, sent: 10000 msg/s, confirmed: 9898 msg/s, nacked: 0 msg/s, received: 9900 msg/s, min/median/75th/95th/99th/max consumer latency: 32/286/1531/5861/82884/90803 µs, confirm latency: 96/361/2309/9535/80769/91730 µs
id: test-154238-797, time 9.000 s, sent: 10009 msg/s, confirmed: 10112 msg/s, nacked: 0 msg/s, received: 10110 msg/s, min/median/75th/95th/99th/max consumer latency: 31/271/1513/8525/21911/34218 µs, confirm latency: 86/354/2867/9996/20946/31416 µs
id: test-154238-797, time 10.000 s, sent: 10000 msg/s, confirmed: 10000 msg/s, nacked: 0 msg/s, received: 10000 msg/s, min/median/75th/95th/99th/max consumer latency: 29/208/271/491/1484/3415 µs, confirm latency: 87/196/332/416/1342/3144 µs
id: test-154238-797, time 11.000 s, sent: 10001 msg/s, confirmed: 10000 msg/s, nacked: 0 msg/s, received: 10000 msg/s, min/median/75th/95th/99th/max consumer latency: 29/205/276/1095/28088/35821 µs, confirm latency: 86/283/349/2524/32573/37810 µs
id: test-154238-797, time 12.000 s, sent: 10009 msg/s, confirmed: 10010 msg/s, nacked: 0 msg/s, received: 10010 msg/s, min/median/75th/95th/99th/max consumer latency: 31/205/272/602/3655/5872 µs, confirm latency: 90/269/340/818/6259/9273 µs
id: test-154238-797, time 13.000 s, sent: 10001 msg/s, confirmed: 9999 msg/s, nacked: 0 msg/s, received: 10001 msg/s, min/median/75th/95th/99th/max consumer latency: 33/264/857/5695/14688/41473 µs, confirm latency: 94/342/992/8542/15492/41072 µs
id: test-154238-797, time 14.000 s, sent: 10010 msg/s, confirmed: 9992 msg/s, nacked: 0 msg/s, received: 10000 msg/s, min/median/75th/95th/99th/max consumer latency: 31/194/266/381/1239/2650 µs, confirm latency: 88/275/339/555/1366/3662 µs
id: test-154238-797, time 15.000 s, sent: 10001 msg/s, confirmed: 10018 msg/s, nacked: 0 msg/s, received: 10009 msg/s, min/median/75th/95th/99th/max consumer latency: 30/206/266/1066/5041/13391 µs, confirm latency: 88/273/333/1091/10617/20272 µs
id: test-154238-797, time 16.000 s, sent: 9999 msg/s, confirmed: 9999 msg/s, nacked: 0 msg/s, received: 10000 msg/s, min/median/75th/95th/99th/max consumer latency: 31/220/284/1964/49221/60758 µs, confirm latency: 89/301/367/2932/51699/61400 µs
id: test-154238-797, time 17.000 s, sent: 10011 msg/s, confirmed: 10011 msg/s, nacked: 0 msg/s, received: 10012 msg/s, min/median/75th/95th/99th/max consumer latency: 34/233/295/1572/32034/41268 µs, confirm latency: 89/314/371/1954/34829/42337 µs
id: test-154238-797, time 18.000 s, sent: 9999 msg/s, confirmed: 10000 msg/s, nacked: 0 msg/s, received: 9998 msg/s, min/median/75th/95th/99th/max consumer latency: 31/207/268/470/1213/4777 µs, confirm latency: 91/276/336/497/1201/4840 µs
id: test-154238-797, time 19.000 s, sent: 10010 msg/s, confirmed: 10010 msg/s, nacked: 0 msg/s, received: 10010 msg/s, min/median/75th/95th/99th/max consumer latency: 31/224/284/2975/16093/26028 µs, confirm latency: 91/292/353/1714/14576/26400 µs
id: test-154238-797, time 20.000 s, sent: 10000 msg/s, confirmed: 10000 msg/s, nacked: 0 msg/s, received: 10000 msg/s, min/median/75th/95th/99th/max consumer latency: 31/213/285/730/11007/21672 µs, confirm latency: 95/289/358/615/4882/21048 µs
id: test-154238-797, time 21.000 s, sent: 10011 msg/s, confirmed: 10010 msg/s, nacked: 0 msg/s, received: 10011 msg/s, min/median/75th/95th/99th/max consumer latency: 31/217/279/1374/19215/29430 µs, confirm latency: 91/290/361/1964/20701/32247 µs
id: test-154238-797, time 22.000 s, sent: 10010 msg/s, confirmed: 10011 msg/s, nacked: 0 msg/s, received: 10010 msg/s, min/median/75th/95th/99th/max consumer latency: 30/177/268/454/1242/3386 µs, confirm latency: 91/270/344/512/1399/3132 µs
id: test-154238-797, time 23.003 s, sent: 9986 msg/s, confirmed: 9934 msg/s, nacked: 0 msg/s, received: 9935 msg/s, min/median/75th/95th/99th/max consumer latency: 30/207/278/421/1178/2558 µs, confirm latency: 92/266/349/490/1271/3660 µs
id: test-154238-797, time 24.000 s, sent: 10023 msg/s, confirmed: 10075 msg/s, nacked: 0 msg/s, received: 10075 msg/s, min/median/75th/95th/99th/max consumer latency: 30/209/283/1810/15975/29099 µs, confirm latency: 91/283/356/1892/18851/34177 µs
id: test-154238-797, time 25.000 s, sent: 10001 msg/s, confirmed: 10000 msg/s, nacked: 0 msg/s, received: 9999 msg/s, min/median/75th/95th/99th/max consumer latency: 31/202/275/377/1304/2917 µs, confirm latency: 93/275/350/557/1930/5936 µs
test stopped (Reached time limit)
id: test-154238-797, sending rate avg: 10229 msg/s
id: test-154238-797, receiving rate avg: 10229 msg/s
id: test-154238-797, consumer latency min/median/75th/95th/99th/max 30/220/283/3604/19700/74207 µs
id: test-154238-797, confirm latency min/median/75th/95th/99th/max 89/279/353/2865/15773/34615 µs
