Picked up JAVA_TOOL_OPTIONS: -Xmx3g
id: test-154035-275, starting consumer #0
id: test-154035-275, starting consumer #0, channel #0
id: test-154035-275, starting consumer #1
id: test-154035-275, starting consumer #1, channel #0
id: test-154035-275, starting consumer #2
id: test-154035-275, starting consumer #2, channel #0
id: test-154035-275, starting consumer #3
id: test-154035-275, starting consumer #3, channel #0
id: test-154035-275, starting consumer #4
id: test-154035-275, starting consumer #4, channel #0
id: test-154035-275, starting consumer #5
id: test-154035-275, starting consumer #5, channel #0
id: test-154035-275, starting consumer #6
id: test-154035-275, starting consumer #6, channel #0
id: test-154035-275, starting consumer #7
id: test-154035-275, starting consumer #7, channel #0
id: test-154035-275, starting consumer #8
id: test-154035-275, starting consumer #8, channel #0
id: test-154035-275, starting consumer #9
id: test-154035-275, starting consumer #9, channel #0
id: test-154035-275, starting consumer #10
id: test-154035-275, starting consumer #10, channel #0
id: test-154035-275, starting consumer #11
id: test-154035-275, starting consumer #11, channel #0
id: test-154035-275, starting consumer #12
id: test-154035-275, starting consumer #12, channel #0
id: test-154035-275, starting consumer #13
id: test-154035-275, starting consumer #13, channel #0
id: test-154035-275, starting consumer #14
id: test-154035-275, starting consumer #14, channel #0
id: test-154035-275, starting consumer #15
id: test-154035-275, starting consumer #15, channel #0
id: test-154035-275, starting consumer #16
id: test-154035-275, starting consumer #16, channel #0
id: test-154035-275, starting consumer #17
id: test-154035-275, starting consumer #17, channel #0
id: test-154035-275, starting consumer #18
id: test-154035-275, starting consumer #18, channel #0
id: test-154035-275, starting consumer #19
id: test-154035-275, starting consumer #19, channel #0
id: test-154035-275, starting consumer #20
id: test-154035-275, starting consumer #20, channel #0
id: test-154035-275, starting consumer #21
id: test-154035-275, starting consumer #21, channel #0
id: test-154035-275, starting consumer #22
id: test-154035-275, starting consumer #22, channel #0
id: test-154035-275, starting consumer #23
id: test-154035-275, starting consumer #23, channel #0
id: test-154035-275, starting consumer #24
id: test-154035-275, starting consumer #24, channel #0
id: test-154035-275, starting consumer #25
id: test-154035-275, starting consumer #25, channel #0
id: test-154035-275, starting consumer #26
id: test-154035-275, starting consumer #26, channel #0
id: test-154035-275, starting consumer #27
id: test-154035-275, starting consumer #27, channel #0
id: test-154035-275, starting consumer #28
id: test-154035-275, starting consumer #28, channel #0
id: test-154035-275, starting consumer #29
id: test-154035-275, starting consumer #29, channel #0
id: test-154035-275, starting consumer #30
id: test-154035-275, starting consumer #30, channel #0
id: test-154035-275, starting consumer #31
id: test-154035-275, starting consumer #31, channel #0
id: test-154035-275, starting consumer #32
id: test-154035-275, starting consumer #32, channel #0
id: test-154035-275, starting consumer #33
id: test-154035-275, starting consumer #33, channel #0
id: test-154035-275, starting consumer #34
id: test-154035-275, starting consumer #34, channel #0
id: test-154035-275, starting consumer #35
id: test-154035-275, starting consumer #35, channel #0
id: test-154035-275, starting consumer #36
id: test-154035-275, starting consumer #36, channel #0
id: test-154035-275, starting consumer #37
id: test-154035-275, starting consumer #37, channel #0
id: test-154035-275, starting consumer #38
id: test-154035-275, starting consumer #38, channel #0
id: test-154035-275, starting consumer #39
id: test-154035-275, starting consumer #39, channel #0
id: test-154035-275, starting consumer #40
id: test-154035-275, starting consumer #40, channel #0
id: test-154035-275, starting consumer #41
id: test-154035-275, starting consumer #41, channel #0
id: test-154035-275, starting consumer #42
id: test-154035-275, starting consumer #42, channel #0
id: test-154035-275, starting consumer #43
id: test-154035-275, starting consumer #43, channel #0
id: test-154035-275, starting consumer #44
id: test-154035-275, starting consumer #44, channel #0
id: test-154035-275, starting consumer #45
id: test-154035-275, starting consumer #45, channel #0
id: test-154035-275, starting consumer #46
id: test-154035-275, starting consumer #46, channel #0
id: test-154035-275, starting consumer #47
id: test-154035-275, starting consumer #47, channel #0
id: test-154035-275, starting consumer #48
id: test-154035-275, starting consumer #48, channel #0
id: test-154035-275, starting consumer #49
id: test-154035-275, starting consumer #49, channel #0
id: test-154035-275, starting consumer #50
id: test-154035-275, starting consumer #50, channel #0
id: test-154035-275, starting consumer #51
id: test-154035-275, starting consumer #51, channel #0
id: test-154035-275, starting consumer #52
id: test-154035-275, starting consumer #52, channel #0
id: test-154035-275, starting consumer #53
id: test-154035-275, starting consumer #53, channel #0
id: test-154035-275, starting consumer #54
id: test-154035-275, starting consumer #54, channel #0
id: test-154035-275, starting consumer #55
id: test-154035-275, starting consumer #55, channel #0
id: test-154035-275, starting consumer #56
id: test-154035-275, starting consumer #56, channel #0
id: test-154035-275, starting consumer #57
id: test-154035-275, starting consumer #57, channel #0
id: test-154035-275, starting consumer #58
id: test-154035-275, starting consumer #58, channel #0
id: test-154035-275, starting consumer #59
id: test-154035-275, starting consumer #59, channel #0
id: test-154035-275, starting consumer #60
id: test-154035-275, starting consumer #60, channel #0
id: test-154035-275, starting consumer #61
id: test-154035-275, starting consumer #61, channel #0
id: test-154035-275, starting consumer #62
id: test-154035-275, starting consumer #62, channel #0
id: test-154035-275, starting consumer #63
id: test-154035-275, starting consumer #63, channel #0
id: test-154035-275, starting producer #0
id: test-154035-275, starting producer #0, channel #0
id: test-154035-275, starting producer #1
id: test-154035-275, starting producer #1, channel #0
id: test-154035-275, starting producer #2
id: test-154035-275, starting producer #2, channel #0
id: test-154035-275, starting producer #3
id: test-154035-275, starting producer #3, channel #0
id: test-154035-275, starting producer #4
id: test-154035-275, starting producer #4, channel #0
id: test-154035-275, starting producer #5
id: test-154035-275, starting producer #5, channel #0
id: test-154035-275, starting producer #6
id: test-154035-275, starting producer #6, channel #0
id: test-154035-275, starting producer #7
id: test-154035-275, starting producer #7, channel #0
id: test-154035-275, starting producer #8
id: test-154035-275, starting producer #8, channel #0
id: test-154035-275, starting producer #9
id: test-154035-275, starting producer #9, channel #0
id: test-154035-275, starting producer #10
id: test-154035-275, starting producer #10, channel #0
id: test-154035-275, starting producer #11
id: test-154035-275, starting producer #11, channel #0
id: test-154035-275, starting producer #12
id: test-154035-275, starting producer #12, channel #0
id: test-154035-275, starting producer #13
id: test-154035-275, starting producer #13, channel #0
id: test-154035-275, starting producer #14
id: test-154035-275, starting producer #14, channel #0
id: test-154035-275, starting producer #15
id: test-154035-275, starting producer #15, channel #0
id: test-154035-275, starting producer #16
id: test-154035-275, starting producer #16, channel #0
id: test-154035-275, starting producer #17
id: test-154035-275, starting producer #17, channel #0
id: test-154035-275, starting producer #18
id: test-154035-275, starting producer #18, channel #0
id: test-154035-275, starting producer #19
id: test-154035-275, starting producer #19, channel #0
id: test-154035-275, starting producer #20
id: test-154035-275, starting producer #20, channel #0
id: test-154035-275, starting producer #21
id: test-154035-275, starting producer #21, channel #0
id: test-154035-275, starting producer #22
id: test-154035-275, starting producer #22, channel #0
id: test-154035-275, starting producer #23
id: test-154035-275, starting producer #23, channel #0
id: test-154035-275, starting producer #24
id: test-154035-275, starting producer #24, channel #0
id: test-154035-275, starting producer #25
id: test-154035-275, starting producer #25, channel #0
id: test-154035-275, starting producer #26
id: test-154035-275, starting producer #26, channel #0
id: test-154035-275, starting producer #27
id: test-154035-275, starting producer #27, channel #0
id: test-154035-275, starting producer #28
id: test-154035-275, starting producer #28, channel #0
id: test-154035-275, starting producer #29
id: test-154035-275, starting producer #29, channel #0
id: test-154035-275, starting producer #30
id: test-154035-275, starting producer #30, channel #0
id: test-154035-275, starting producer #31
id: test-154035-275, starting producer #31, channel #0
id: test-154035-275, starting producer #32
id: test-154035-275, starting producer #32, channel #0
id: test-154035-275, starting producer #33
id: test-154035-275, starting producer #33, channel #0
id: test-154035-275, starting producer #34
id: test-154035-275, starting producer #34, channel #0
id: test-154035-275, starting producer #35
id: test-154035-275, starting producer #35, channel #0
id: test-154035-275, starting producer #36
id: test-154035-275, starting producer #36, channel #0
id: test-154035-275, starting producer #37
id: test-154035-275, starting producer #37, channel #0
id: test-154035-275, starting producer #38
id: test-154035-275, starting producer #38, channel #0
id: test-154035-275, starting producer #39
id: test-154035-275, starting producer #39, channel #0
id: test-154035-275, starting producer #40
id: test-154035-275, starting producer #40, channel #0
id: test-154035-275, starting producer #41
id: test-154035-275, starting producer #41, channel #0
id: test-154035-275, starting producer #42
id: test-154035-275, starting producer #42, channel #0
id: test-154035-275, starting producer #43
id: test-154035-275, starting producer #43, channel #0
id: test-154035-275, starting producer #44
id: test-154035-275, starting producer #44, channel #0
id: test-154035-275, starting producer #45
id: test-154035-275, starting producer #45, channel #0
id: test-154035-275, starting producer #46
id: test-154035-275, starting producer #46, channel #0
id: test-154035-275, starting producer #47
id: test-154035-275, starting producer #47, channel #0
id: test-154035-275, starting producer #48
id: test-154035-275, starting producer #48, channel #0
id: test-154035-275, starting producer #49
id: test-154035-275, starting producer #49, channel #0
id: test-154035-275, starting producer #50
id: test-154035-275, starting producer #50, channel #0
id: test-154035-275, starting producer #51
id: test-154035-275, starting producer #51, channel #0
id: test-154035-275, starting producer #52
id: test-154035-275, starting producer #52, channel #0
id: test-154035-275, starting producer #53
id: test-154035-275, starting producer #53, channel #0
id: test-154035-275, starting producer #54
id: test-154035-275, starting producer #54, channel #0
id: test-154035-275, starting producer #55
id: test-154035-275, starting producer #55, channel #0
id: test-154035-275, starting producer #56
id: test-154035-275, starting producer #56, channel #0
id: test-154035-275, starting producer #57
id: test-154035-275, starting producer #57, channel #0
id: test-154035-275, starting producer #58
id: test-154035-275, starting producer #58, channel #0
id: test-154035-275, starting producer #59
id: test-154035-275, starting producer #59, channel #0
id: test-154035-275, starting producer #60
id: test-154035-275, starting producer #60, channel #0
id: test-154035-275, starting producer #61
id: test-154035-275, starting producer #61, channel #0
id: test-154035-275, starting producer #62
id: test-154035-275, starting producer #62, channel #0
id: test-154035-275, starting producer #63
id: test-154035-275, starting producer #63, channel #0
id: test-154035-275, time 1.001 s, sent: 66901 msg/s, confirmed: 65729 msg/s, nacked: 0 msg/s, received: 64691 msg/s, min/median/75th/95th/99th/max consumer latency: 638/17261/31159/73514/114020/253741 µs, confirm latency: 311/10186/17210/37074/60396/84512 µs
id: test-154035-275, time 2.000 s, sent: 67794 msg/s, confirmed: 67686 msg/s, nacked: 0 msg/s, received: 68782 msg/s, min/median/75th/95th/99th/max consumer latency: 7270/13201/20018/54487/147646/193835 µs, confirm latency: 7087/14219/20745/45601/68475/74675 µs
id: test-154035-275, time 3.000 s, sent: 95655 msg/s, confirmed: 95655 msg/s, nacked: 0 msg/s, received: 95678 msg/s, min/median/75th/95th/99th/max consumer latency: 6460/12057/13271/16975/52871/64994 µs, confirm latency: 8352/12701/14016/18695/37543/55068 µs
id: test-154035-275, time 4.000 s, sent: 104680 msg/s, confirmed: 104680 msg/s, nacked: 0 msg/s, received: 104740 msg/s, min/median/75th/95th/99th/max consumer latency: 7043/11514/12610/15491/20047/25144 µs, confirm latency: 7039/12135/13174/15433/21904/26402 µs
id: test-154035-275, time 5.000 s, sent: 91687 msg/s, confirmed: 91700 msg/s, nacked: 0 msg/s, received: 91580 msg/s, min/median/75th/95th/99th/max consumer latency: 7403/11674/12862/20365/56083/59699 µs, confirm latency: 7900/12293/13667/21150/57604/59905 µs
id: test-154035-275, time 6.000 s, sent: 82363 msg/s, confirmed: 82393 msg/s, nacked: 0 msg/s, received: 82400 msg/s, min/median/75th/95th/99th/max consumer latency: 6972/11690/12897/38265/53902/62782 µs, confirm latency: 7045/12322/13926/45481/60278/63922 µs
id: test-154035-275, time 7.000 s, sent: 101091 msg/s, confirmed: 101108 msg/s, nacked: 0 msg/s, received: 101081 msg/s, min/median/75th/95th/99th/max consumer latency: 5086/11594/12612/14452/64263/69202 µs, confirm latency: 7675/12136/13218/14864/66987/69471 µs
id: test-154035-275, time 8.000 s, sent: 93260 msg/s, confirmed: 93300 msg/s, nacked: 0 msg/s, received: 93320 msg/s, min/median/75th/95th/99th/max consumer latency: 6740/11571/12557/21747/39670/51442 µs, confirm latency: 6965/12144/13321/26762/49032/57468 µs
id: test-154035-275, time 9.000 s, sent: 98318 msg/s, confirmed: 98218 msg/s, nacked: 0 msg/s, received: 98260 msg/s, min/median/75th/95th/99th/max consumer latency: 7156/11717/12784/15334/25693/60063 µs, confirm latency: 7972/12367/13416/18764/24106/60530 µs
id: test-154035-275, time 10.000 s, sent: 106246 msg/s, confirmed: 106250 msg/s, nacked: 0 msg/s, received: 106324 msg/s, min/median/75th/95th/99th/max consumer latency: 7314/11346/12173/14379/18583/27022 µs, confirm latency: 6609/12093/13023/14945/20245/30881 µs
id: test-154035-275, time 11.000 s, sent: 99319 msg/s, confirmed: 99315 msg/s, nacked: 0 msg/s, received: 99299 msg/s, min/median/75th/95th/99th/max consumer latency: 6418/11667/12631/16079/36690/61177 µs, confirm latency: 8073/12293/13395/16468/21644/61530 µs
id: test-154035-275, time 12.000 s, sent: 102840 msg/s, confirmed: 102840 msg/s, nacked: 0 msg/s, received: 102860 msg/s, min/median/75th/95th/99th/max consumer latency: 7285/11772/12863/15101/19881/30274 µs, confirm latency: 8039/12284/13452/16088/20762/24747 µs
id: test-154035-275, time 13.000 s, sent: 85900 msg/s, confirmed: 85900 msg/s, nacked: 0 msg/s, received: 85780 msg/s, min/median/75th/95th/99th/max consumer latency: 5991/11621/12647/43376/75449/84019 µs, confirm latency: 7575/12186/13237/46259/72013/86803 µs
id: test-154035-275, time 14.000 s, sent: 92292 msg/s, confirmed: 92292 msg/s, nacked: 0 msg/s, received: 92312 msg/s, min/median/75th/95th/99th/max consumer latency: 6818/11578/12730/28476/46085/50593 µs, confirm latency: 8376/12125/13427/34472/47674/58986 µs
id: test-154035-275, time 15.000 s, sent: 92073 msg/s, confirmed: 92080 msg/s, nacked: 0 msg/s, received: 92040 msg/s, min/median/75th/95th/99th/max consumer latency: 6484/11940/13393/21547/52834/64218 µs, confirm latency: 7066/12626/14203/24403/51980/64745 µs
id: test-154035-275, time 16.000 s, sent: 88887 msg/s, confirmed: 88880 msg/s, nacked: 0 msg/s, received: 88920 msg/s, min/median/75th/95th/99th/max consumer latency: 6088/12040/13220/32586/51184/57864 µs, confirm latency: 6996/12544/13955/31782/54527/62589 µs
id: test-154035-275, time 17.000 s, sent: 100082 msg/s, confirmed: 100140 msg/s, nacked: 0 msg/s, received: 100100 msg/s, min/median/75th/95th/99th/max consumer latency: 7919/11438/12454/15585/39045/58640 µs, confirm latency: 8411/11930/12998/18154/45566/59012 µs
id: test-154035-275, time 18.000 s, sent: 106584 msg/s, confirmed: 106526 msg/s, nacked: 0 msg/s, received: 106666 msg/s, min/median/75th/95th/99th/max consumer latency: 5313/11203/12164/14122/19647/24352 µs, confirm latency: 8050/11763/12838/15351/20659/25300 µs
id: test-154035-275, time 19.000 s, sent: 86520 msg/s, confirmed: 86520 msg/s, nacked: 0 msg/s, received: 86500 msg/s, min/median/75th/95th/99th/max consumer latency: 7652/11615/12723/38055/55421/63801 µs, confirm latency: 7841/12171/13351/28214/56122/61587 µs
id: test-154035-275, time 20.000 s, sent: 91511 msg/s, confirmed: 91511 msg/s, nacked: 0 msg/s, received: 91511 msg/s, min/median/75th/95th/99th/max consumer latency: 7145/11531/12768/25731/51414/88556 µs, confirm latency: 8093/11922/13188/31063/54948/58118 µs
id: test-154035-275, time 21.000 s, sent: 100740 msg/s, confirmed: 100840 msg/s, nacked: 0 msg/s, received: 100740 msg/s, min/median/75th/95th/99th/max consumer latency: 7728/11241/12388/14964/49997/63992 µs, confirm latency: 8287/11881/13191/17151/50576/66356 µs
id: test-154035-275, time 22.000 s, sent: 63740 msg/s, confirmed: 63640 msg/s, nacked: 0 msg/s, received: 63760 msg/s, min/median/75th/95th/99th/max consumer latency: 7938/12073/14456/52074/61450/90053 µs, confirm latency: 7340/12906/16294/58200/63810/75125 µs
id: test-154035-275, time 23.000 s, sent: 76356 msg/s, confirmed: 76356 msg/s, nacked: 0 msg/s, received: 76277 msg/s, min/median/75th/95th/99th/max consumer latency: 7744/11724/12877/49416/59116/60699 µs, confirm latency: 8486/12268/13477/54223/58340/62470 µs
id: test-154035-275, time 24.000 s, sent: 97340 msg/s, confirmed: 97340 msg/s, nacked: 0 msg/s, received: 97419 msg/s, min/median/75th/95th/99th/max consumer latency: 7395/11677/12787/15910/48096/51548 µs, confirm latency: 8179/12422/13565/18834/48325/51849 µs
id: test-154035-275, time 25.000 s, sent: 99179 msg/s, confirmed: 99179 msg/s, nacked: 0 msg/s, received: 99179 msg/s, min/median/75th/95th/99th/max consumer latency: 7497/11582/12612/18181/48562/57367 µs, confirm latency: 6746/12078/13254/18546/49115/57668 µs
test stopped (Reached time limit)
id: test-154035-275, sending rate avg: 91678 msg/s
id: test-154035-275, receiving rate avg: 91720 msg/s
id: test-154035-275, consumer latency min/median/75th/95th/99th/max 4796/11682/12883/21587/52191/163821 µs
id: test-154035-275, confirm latency min/median/75th/95th/99th/max 702/12232/13540/21095/56971/87176 µs
