Picked up JAVA_TOOL_OPTIONS: -Xmx3g
id: test-154953-119, starting consumer #0
id: test-154953-119, starting consumer #0, channel #0
id: test-154953-119, starting consumer #1
id: test-154953-119, starting consumer #1, channel #0
id: test-154953-119, starting consumer #2
id: test-154953-119, starting consumer #2, channel #0
id: test-154953-119, starting consumer #3
id: test-154953-119, starting consumer #3, channel #0
id: test-154953-119, starting consumer #4
id: test-154953-119, starting consumer #4, channel #0
id: test-154953-119, starting consumer #5
id: test-154953-119, starting consumer #5, channel #0
id: test-154953-119, starting consumer #6
id: test-154953-119, starting consumer #6, channel #0
id: test-154953-119, starting consumer #7
id: test-154953-119, starting consumer #7, channel #0
id: test-154953-119, starting consumer #8
id: test-154953-119, starting consumer #8, channel #0
id: test-154953-119, starting consumer #9
id: test-154953-119, starting consumer #9, channel #0
id: test-154953-119, starting consumer #10
id: test-154953-119, starting consumer #10, channel #0
id: test-154953-119, starting consumer #11
id: test-154953-119, starting consumer #11, channel #0
id: test-154953-119, starting consumer #12
id: test-154953-119, starting consumer #12, channel #0
id: test-154953-119, starting consumer #13
id: test-154953-119, starting consumer #13, channel #0
id: test-154953-119, starting consumer #14
id: test-154953-119, starting consumer #14, channel #0
id: test-154953-119, starting consumer #15
id: test-154953-119, starting consumer #15, channel #0
id: test-154953-119, starting consumer #16
id: test-154953-119, starting consumer #16, channel #0
id: test-154953-119, starting consumer #17
id: test-154953-119, starting consumer #17, channel #0
id: test-154953-119, starting consumer #18
id: test-154953-119, starting consumer #18, channel #0
id: test-154953-119, starting consumer #19
id: test-154953-119, starting consumer #19, channel #0
id: test-154953-119, starting producer #0
id: test-154953-119, starting producer #0, channel #0
id: test-154953-119, time 1.000 s, sent: 4228 msg/s, confirmed: 4128 msg/s, nacked: 0 msg/s, received: 83532 msg/s, min/median/75th/95th/99th/max consumer latency: 322/8016/17032/35716/61381/71482 µs, confirm latency: 2320/15746/35690/52277/81417/83146 µs
id: test-154953-119, time 2.000 s, sent: 5533 msg/s, confirmed: 5533 msg/s, nacked: 0 msg/s, received: 111579 msg/s, min/median/75th/95th/99th/max consumer latency: 303/7412/11693/24917/31349/37220 µs, confirm latency: 2034/13843/24931/37169/45522/50777 µs
id: test-154953-119, time 3.000 s, sent: 6608 msg/s, confirmed: 6608 msg/s, nacked: 0 msg/s, received: 131848 msg/s, min/median/75th/95th/99th/max consumer latency: 328/6129/8320/12853/32980/97793 µs, confirm latency: 1976/11447/14177/24455/100105/111732 µs
id: test-154953-119, time 4.000 s, sent: 3012 msg/s, confirmed: 3012 msg/s, nacked: 0 msg/s, received: 59531 msg/s, min/median/75th/95th/99th/max consumer latency: 204/6827/18421/42101/125703/128709 µs, confirm latency: 2297/22358/36407/124032/132886/136591 µs
id: test-154953-119, time 5.002 s, sent: 2004 msg/s, confirmed: 2004 msg/s, nacked: 0 msg/s, received: 40259 msg/s, min/median/75th/95th/99th/max consumer latency: 220/13022/25624/113495/132403/155346 µs, confirm latency: 12346/26721/68972/137792/164806/170212 µs
id: test-154953-119, time 6.000 s, sent: 2173 msg/s, confirmed: 2173 msg/s, nacked: 0 msg/s, received: 42979 msg/s, min/median/75th/95th/99th/max consumer latency: 203/10261/24594/61059/182931/191751 µs, confirm latency: 5482/28140/37334/133879/239565/239583 µs
id: test-154953-119, time 7.000 s, sent: 2254 msg/s, confirmed: 2254 msg/s, nacked: 0 msg/s, received: 45748 msg/s, min/median/75th/95th/99th/max consumer latency: 352/11365/24904/63336/143619/180981 µs, confirm latency: 8237/29047/40802/145706/181757/188842 µs
id: test-154953-119, time 8.000 s, sent: 2247 msg/s, confirmed: 2247 msg/s, nacked: 0 msg/s, received: 44515 msg/s, min/median/75th/95th/99th/max consumer latency: 276/15520/28960/87837/113127/128756 µs, confirm latency: 11104/33112/39114/112289/132018/132047 µs
id: test-154953-119, time 9.001 s, sent: 1486 msg/s, confirmed: 1486 msg/s, nacked: 0 msg/s, received: 29627 msg/s, min/median/75th/95th/99th/max consumer latency: 370/23225/40709/110302/177135/214776 µs, confirm latency: 14525/45480/109216/177146/236652/236671 µs
id: test-154953-119, time 10.001 s, sent: 1398 msg/s, confirmed: 1398 msg/s, nacked: 0 msg/s, received: 27611 msg/s, min/median/75th/95th/99th/max consumer latency: 259/23237/35016/120169/175882/176601 µs, confirm latency: 18016/44063/111630/175993/177124/180294 µs
id: test-154953-119, time 11.000 s, sent: 1356 msg/s, confirmed: 1356 msg/s, nacked: 0 msg/s, received: 27878 msg/s, min/median/75th/95th/99th/max consumer latency: 326/28080/50735/143184/173841/178855 µs, confirm latency: 17332/46426/120761/173893/179067/181531 µs
id: test-154953-119, time 12.001 s, sent: 1279 msg/s, confirmed: 1279 msg/s, nacked: 0 msg/s, received: 25906 msg/s, min/median/75th/95th/99th/max consumer latency: 333/23863/43038/117939/127038/180199 µs, confirm latency: 20108/64077/117003/127367/180458/188657 µs
id: test-154953-119, time 13.003 s, sent: 1432 msg/s, confirmed: 1432 msg/s, nacked: 0 msg/s, received: 28462 msg/s, min/median/75th/95th/99th/max consumer latency: 218/26006/37772/120136/198820/203541 µs, confirm latency: 13918/41175/118762/200286/205139/205156 µs
id: test-154953-119, time 14.001 s, sent: 684 msg/s, confirmed: 684 msg/s, nacked: 0 msg/s, received: 13046 msg/s, min/median/75th/95th/99th/max consumer latency: 537/59900/111347/294530/396233/396435 µs, confirm latency: 46516/130425/146021/397042/397229/397238 µs
id: test-154953-119, time 15.001 s, sent: 1065 msg/s, confirmed: 1065 msg/s, nacked: 0 msg/s, received: 21196 msg/s, min/median/75th/95th/99th/max consumer latency: 341/30708/97372/161431/179193/183671 µs, confirm latency: 15691/124855/147382/182173/187595/206618 µs
id: test-154953-119, time 16.000 s, sent: 1282 msg/s, confirmed: 1282 msg/s, nacked: 0 msg/s, received: 25386 msg/s, min/median/75th/95th/99th/max consumer latency: 320/28286/40454/125156/136940/156710 µs, confirm latency: 20835/72289/120959/136736/150553/161131 µs
id: test-154953-119, time 17.000 s, sent: 1148 msg/s, confirmed: 1148 msg/s, nacked: 0 msg/s, received: 23992 msg/s, min/median/75th/95th/99th/max consumer latency: 300/27311/47666/170655/176336/179077 µs, confirm latency: 16022/57531/123872/182142/183715/190271 µs
id: test-154953-119, time 18.001 s, sent: 1211 msg/s, confirmed: 1211 msg/s, nacked: 0 msg/s, received: 24398 msg/s, min/median/75th/95th/99th/max consumer latency: 231/31554/51603/129716/170166/206529 µs, confirm latency: 21542/58466/121783/171691/206875/207080 µs
id: test-154953-119, time 19.000 s, sent: 1493 msg/s, confirmed: 1493 msg/s, nacked: 0 msg/s, received: 29154 msg/s, min/median/75th/95th/99th/max consumer latency: 304/23455/34344/105766/141742/147208 µs, confirm latency: 18162/57143/105682/138566/146728/148494 µs
id: test-154953-119, time 20.001 s, sent: 1088 msg/s, confirmed: 1088 msg/s, nacked: 0 msg/s, received: 22372 msg/s, min/median/75th/95th/99th/max consumer latency: 232/28325/75796/123873/186029/194128 µs, confirm latency: 13980/84691/121647/178617/192666/193637 µs
id: test-154953-119, time 21.000 s, sent: 1350 msg/s, confirmed: 1350 msg/s, nacked: 0 msg/s, received: 26218 msg/s, min/median/75th/95th/99th/max consumer latency: 381/26226/35614/113879/176548/198121 µs, confirm latency: 17218/47683/106890/182873/198194/198261 µs
id: test-154953-119, time 22.000 s, sent: 1108 msg/s, confirmed: 1108 msg/s, nacked: 0 msg/s, received: 22166 msg/s, min/median/75th/95th/99th/max consumer latency: 209/21356/50760/117800/169837/175951 µs, confirm latency: 11966/85604/117992/172304/175923/177286 µs
id: test-154953-119, time 23.000 s, sent: 1335 msg/s, confirmed: 1335 msg/s, nacked: 0 msg/s, received: 26984 msg/s, min/median/75th/95th/99th/max consumer latency: 320/25651/48548/143604/201825/209877 µs, confirm latency: 17863/58950/107057/194474/210208/210234 µs
id: test-154953-119, time 24.001 s, sent: 1216 msg/s, confirmed: 1216 msg/s, nacked: 0 msg/s, received: 24920 msg/s, min/median/75th/95th/99th/max consumer latency: 525/29870/57703/118794/144724/235973 µs, confirm latency: 15497/66961/98602/134682/236012/236067 µs
id: test-154953-119, time 25.002 s, sent: 1372 msg/s, confirmed: 1372 msg/s, nacked: 0 msg/s, received: 27440 msg/s, min/median/75th/95th/99th/max consumer latency: 337/25279/36177/129204/145802/148003 µs, confirm latency: 18309/40397/130460/147568/164209/164223 µs
test stopped (Reached time limit)
id: test-154953-119, sending rate avg: 1967 msg/s
id: test-154953-119, receiving rate avg: 39346 msg/s
id: test-154953-119, consumer latency min/median/75th/95th/99th/max 206/13838/32044/116519/170394/183357 µs
id: test-154953-119, confirm latency min/median/75th/95th/99th/max 2560/33907/78406/150798/192762/397219 µs
