Picked up JAVA_TOOL_OPTIONS: -Xmx3g
id: test-154632-588, starting consumer #0
id: test-154632-588, starting consumer #0, channel #0
id: test-154632-588, starting consumer #1
id: test-154632-588, starting consumer #1, channel #0
id: test-154632-588, starting consumer #2
id: test-154632-588, starting consumer #2, channel #0
id: test-154632-588, starting consumer #3
id: test-154632-588, starting consumer #3, channel #0
id: test-154632-588, starting consumer #4
id: test-154632-588, starting consumer #4, channel #0
id: test-154632-588, starting consumer #5
id: test-154632-588, starting consumer #5, channel #0
id: test-154632-588, starting consumer #6
id: test-154632-588, starting consumer #6, channel #0
id: test-154632-588, starting consumer #7
id: test-154632-588, starting consumer #7, channel #0
id: test-154632-588, starting consumer #8
id: test-154632-588, starting consumer #8, channel #0
id: test-154632-588, starting consumer #9
id: test-154632-588, starting consumer #9, channel #0
id: test-154632-588, starting consumer #10
id: test-154632-588, starting consumer #10, channel #0
id: test-154632-588, starting consumer #11
id: test-154632-588, starting consumer #11, channel #0
id: test-154632-588, starting consumer #12
id: test-154632-588, starting consumer #12, channel #0
id: test-154632-588, starting consumer #13
id: test-154632-588, starting consumer #13, channel #0
id: test-154632-588, starting consumer #14
id: test-154632-588, starting consumer #14, channel #0
id: test-154632-588, starting consumer #15
id: test-154632-588, starting consumer #15, channel #0
id: test-154632-588, starting consumer #16
id: test-154632-588, starting consumer #16, channel #0
id: test-154632-588, starting consumer #17
id: test-154632-588, starting consumer #17, channel #0
id: test-154632-588, starting consumer #18
id: test-154632-588, starting consumer #18, channel #0
id: test-154632-588, starting consumer #19
id: test-154632-588, starting consumer #19, channel #0
id: test-154632-588, starting consumer #20
id: test-154632-588, starting consumer #20, channel #0
id: test-154632-588, starting consumer #21
id: test-154632-588, starting consumer #21, channel #0
id: test-154632-588, starting consumer #22
id: test-154632-588, starting consumer #22, channel #0
id: test-154632-588, starting consumer #23
id: test-154632-588, starting consumer #23, channel #0
id: test-154632-588, starting consumer #24
id: test-154632-588, starting consumer #24, channel #0
id: test-154632-588, starting consumer #25
id: test-154632-588, starting consumer #25, channel #0
id: test-154632-588, starting consumer #26
id: test-154632-588, starting consumer #26, channel #0
id: test-154632-588, starting consumer #27
id: test-154632-588, starting consumer #27, channel #0
id: test-154632-588, starting consumer #28
id: test-154632-588, starting consumer #28, channel #0
id: test-154632-588, starting consumer #29
id: test-154632-588, starting consumer #29, channel #0
id: test-154632-588, starting consumer #30
id: test-154632-588, starting consumer #30, channel #0
id: test-154632-588, starting consumer #31
id: test-154632-588, starting consumer #31, channel #0
id: test-154632-588, starting consumer #32
id: test-154632-588, starting consumer #32, channel #0
id: test-154632-588, starting consumer #33
id: test-154632-588, starting consumer #33, channel #0
id: test-154632-588, starting consumer #34
id: test-154632-588, starting consumer #34, channel #0
id: test-154632-588, starting consumer #35
id: test-154632-588, starting consumer #35, channel #0
id: test-154632-588, starting consumer #36
id: test-154632-588, starting consumer #36, channel #0
id: test-154632-588, starting consumer #37
id: test-154632-588, starting consumer #37, channel #0
id: test-154632-588, starting consumer #38
id: test-154632-588, starting consumer #38, channel #0
id: test-154632-588, starting consumer #39
id: test-154632-588, starting consumer #39, channel #0
id: test-154632-588, starting consumer #40
id: test-154632-588, starting consumer #40, channel #0
id: test-154632-588, starting consumer #41
id: test-154632-588, starting consumer #41, channel #0
id: test-154632-588, starting consumer #42
id: test-154632-588, starting consumer #42, channel #0
id: test-154632-588, starting consumer #43
id: test-154632-588, starting consumer #43, channel #0
id: test-154632-588, starting consumer #44
id: test-154632-588, starting consumer #44, channel #0
id: test-154632-588, starting consumer #45
id: test-154632-588, starting consumer #45, channel #0
id: test-154632-588, starting consumer #46
id: test-154632-588, starting consumer #46, channel #0
id: test-154632-588, starting consumer #47
id: test-154632-588, starting consumer #47, channel #0
id: test-154632-588, starting consumer #48
id: test-154632-588, starting consumer #48, channel #0
id: test-154632-588, starting consumer #49
id: test-154632-588, starting consumer #49, channel #0
id: test-154632-588, starting consumer #50
id: test-154632-588, starting consumer #50, channel #0
id: test-154632-588, starting consumer #51
id: test-154632-588, starting consumer #51, channel #0
id: test-154632-588, starting consumer #52
id: test-154632-588, starting consumer #52, channel #0
id: test-154632-588, starting consumer #53
id: test-154632-588, starting consumer #53, channel #0
id: test-154632-588, starting consumer #54
id: test-154632-588, starting consumer #54, channel #0
id: test-154632-588, starting consumer #55
id: test-154632-588, starting consumer #55, channel #0
id: test-154632-588, starting consumer #56
id: test-154632-588, starting consumer #56, channel #0
id: test-154632-588, starting consumer #57
id: test-154632-588, starting consumer #57, channel #0
id: test-154632-588, starting consumer #58
id: test-154632-588, starting consumer #58, channel #0
id: test-154632-588, starting consumer #59
id: test-154632-588, starting consumer #59, channel #0
id: test-154632-588, starting consumer #60
id: test-154632-588, starting consumer #60, channel #0
id: test-154632-588, starting consumer #61
id: test-154632-588, starting consumer #61, channel #0
id: test-154632-588, starting consumer #62
id: test-154632-588, starting consumer #62, channel #0
id: test-154632-588, starting consumer #63
id: test-154632-588, starting consumer #63, channel #0
id: test-154632-588, starting producer #0
id: test-154632-588, starting producer #0, channel #0
id: test-154632-588, starting producer #1
id: test-154632-588, starting producer #1, channel #0
id: test-154632-588, starting producer #2
id: test-154632-588, starting producer #2, channel #0
id: test-154632-588, starting producer #3
id: test-154632-588, starting producer #3, channel #0
id: test-154632-588, starting producer #4
id: test-154632-588, starting producer #4, channel #0
id: test-154632-588, starting producer #5
id: test-154632-588, starting producer #5, channel #0
id: test-154632-588, starting producer #6
id: test-154632-588, starting producer #6, channel #0
id: test-154632-588, starting producer #7
id: test-154632-588, starting producer #7, channel #0
id: test-154632-588, starting producer #8
id: test-154632-588, starting producer #8, channel #0
id: test-154632-588, starting producer #9
id: test-154632-588, starting producer #9, channel #0
id: test-154632-588, starting producer #10
id: test-154632-588, starting producer #10, channel #0
id: test-154632-588, starting producer #11
id: test-154632-588, starting producer #11, channel #0
id: test-154632-588, starting producer #12
id: test-154632-588, starting producer #12, channel #0
id: test-154632-588, starting producer #13
id: test-154632-588, starting producer #13, channel #0
id: test-154632-588, starting producer #14
id: test-154632-588, starting producer #14, channel #0
id: test-154632-588, starting producer #15
id: test-154632-588, starting producer #15, channel #0
id: test-154632-588, starting producer #16
id: test-154632-588, starting producer #16, channel #0
id: test-154632-588, starting producer #17
id: test-154632-588, starting producer #17, channel #0
id: test-154632-588, starting producer #18
id: test-154632-588, starting producer #18, channel #0
id: test-154632-588, starting producer #19
id: test-154632-588, starting producer #19, channel #0
id: test-154632-588, starting producer #20
id: test-154632-588, starting producer #20, channel #0
id: test-154632-588, starting producer #21
id: test-154632-588, starting producer #21, channel #0
id: test-154632-588, starting producer #22
id: test-154632-588, starting producer #22, channel #0
id: test-154632-588, starting producer #23
id: test-154632-588, starting producer #23, channel #0
id: test-154632-588, starting producer #24
id: test-154632-588, starting producer #24, channel #0
id: test-154632-588, starting producer #25
id: test-154632-588, starting producer #25, channel #0
id: test-154632-588, starting producer #26
id: test-154632-588, starting producer #26, channel #0
id: test-154632-588, starting producer #27
id: test-154632-588, starting producer #27, channel #0
id: test-154632-588, starting producer #28
id: test-154632-588, starting producer #28, channel #0
id: test-154632-588, starting producer #29
id: test-154632-588, starting producer #29, channel #0
id: test-154632-588, starting producer #30
id: test-154632-588, starting producer #30, channel #0
id: test-154632-588, starting producer #31
id: test-154632-588, starting producer #31, channel #0
id: test-154632-588, starting producer #32
id: test-154632-588, starting producer #32, channel #0
id: test-154632-588, starting producer #33
id: test-154632-588, starting producer #33, channel #0
id: test-154632-588, starting producer #34
id: test-154632-588, starting producer #34, channel #0
id: test-154632-588, starting producer #35
id: test-154632-588, starting producer #35, channel #0
id: test-154632-588, starting producer #36
id: test-154632-588, starting producer #36, channel #0
id: test-154632-588, starting producer #37
id: test-154632-588, starting producer #37, channel #0
id: test-154632-588, starting producer #38
id: test-154632-588, starting producer #38, channel #0
id: test-154632-588, starting producer #39
id: test-154632-588, starting producer #39, channel #0
id: test-154632-588, starting producer #40
id: test-154632-588, starting producer #40, channel #0
id: test-154632-588, starting producer #41
id: test-154632-588, starting producer #41, channel #0
id: test-154632-588, starting producer #42
id: test-154632-588, starting producer #42, channel #0
id: test-154632-588, starting producer #43
id: test-154632-588, starting producer #43, channel #0
id: test-154632-588, starting producer #44
id: test-154632-588, starting producer #44, channel #0
id: test-154632-588, starting producer #45
id: test-154632-588, starting producer #45, channel #0
id: test-154632-588, starting producer #46
id: test-154632-588, starting producer #46, channel #0
id: test-154632-588, starting producer #47
id: test-154632-588, starting producer #47, channel #0
id: test-154632-588, starting producer #48
id: test-154632-588, starting producer #48, channel #0
id: test-154632-588, starting producer #49
id: test-154632-588, starting producer #49, channel #0
id: test-154632-588, starting producer #50
id: test-154632-588, starting producer #50, channel #0
id: test-154632-588, starting producer #51
id: test-154632-588, starting producer #51, channel #0
id: test-154632-588, starting producer #52
id: test-154632-588, starting producer #52, channel #0
id: test-154632-588, starting producer #53
id: test-154632-588, starting producer #53, channel #0
id: test-154632-588, starting producer #54
id: test-154632-588, starting producer #54, channel #0
id: test-154632-588, starting producer #55
id: test-154632-588, starting producer #55, channel #0
id: test-154632-588, starting producer #56
id: test-154632-588, starting producer #56, channel #0
id: test-154632-588, starting producer #57
id: test-154632-588, starting producer #57, channel #0
id: test-154632-588, starting producer #58
id: test-154632-588, starting producer #58, channel #0
id: test-154632-588, starting producer #59
id: test-154632-588, starting producer #59, channel #0
id: test-154632-588, starting producer #60
id: test-154632-588, starting producer #60, channel #0
id: test-154632-588, starting producer #61
id: test-154632-588, starting producer #61, channel #0
id: test-154632-588, starting producer #62
id: test-154632-588, starting producer #62, channel #0
id: test-154632-588, starting producer #63
id: test-154632-588, starting producer #63, channel #0
id: test-154632-588, time 1.000 s, sent: 92885 msg/s, confirmed: 81507 msg/s, nacked: 0 msg/s, received: 65420 msg/s, min/median/75th/95th/99th/max consumer latency: 14169/160894/230910/316698/404463/471857 µs, confirm latency: 3517/110067/136136/224223/261221/437030 µs
id: test-154632-588, time 2.000 s, sent: 86336 msg/s, confirmed: 85470 msg/s, nacked: 0 msg/s, received: 86060 msg/s, min/median/75th/95th/99th/max consumer latency: 28387/316393/417821/550172/609138/737334 µs, confirm latency: 24776/131485/146079/227724/259139/264349 µs
id: test-154632-588, time 3.000 s, sent: 96881 msg/s, confirmed: 96624 msg/s, nacked: 0 msg/s, received: 93867 msg/s, min/median/75th/95th/99th/max consumer latency: 65571/280847/361469/485059/540494/587648 µs, confirm latency: 33813/114405/126426/185064/203603/208376 µs
id: test-154632-588, time 4.000 s, sent: 92954 msg/s, confirmed: 93072 msg/s, nacked: 0 msg/s, received: 98273 msg/s, min/median/75th/95th/99th/max consumer latency: 82691/312621/410085/524483/574236/630854 µs, confirm latency: 24160/132524/165484/196735/207522/209637 µs
id: test-154632-588, time 5.000 s, sent: 91915 msg/s, confirmed: 91819 msg/s, nacked: 0 msg/s, received: 89815 msg/s, min/median/75th/95th/99th/max consumer latency: 63377/305869/395895/529811/596957/667314 µs, confirm latency: 21938/114009/165887/223938/231046/240577 µs
id: test-154632-588, time 6.000 s, sent: 88093 msg/s, confirmed: 88000 msg/s, nacked: 0 msg/s, received: 89474 msg/s, min/median/75th/95th/99th/max consumer latency: 80576/304624/397647/540092/597199/692852 µs, confirm latency: 24915/120353/159377/239594/249315/251163 µs
id: test-154632-588, time 7.000 s, sent: 106629 msg/s, confirmed: 107600 msg/s, nacked: 0 msg/s, received: 103726 msg/s, min/median/75th/95th/99th/max consumer latency: 64179/272926/359965/476772/522021/529441 µs, confirm latency: 26065/108108/121397/179570/184186/195744 µs
id: test-154632-588, time 8.000 s, sent: 89361 msg/s, confirmed: 89539 msg/s, nacked: 0 msg/s, received: 89289 msg/s, min/median/75th/95th/99th/max consumer latency: 79518/288130/388464/510949/559997/580446 µs, confirm latency: 29787/111137/169035/237107/258791/259552 µs
id: test-154632-588, time 9.001 s, sent: 103697 msg/s, confirmed: 103246 msg/s, nacked: 0 msg/s, received: 102766 msg/s, min/median/75th/95th/99th/max consumer latency: 73998/284550/376381/489949/519419/569168 µs, confirm latency: 22702/109343/122251/188193/200995/203313 µs
id: test-154632-588, time 10.000 s, sent: 90322 msg/s, confirmed: 90762 msg/s, nacked: 0 msg/s, received: 89689 msg/s, min/median/75th/95th/99th/max consumer latency: 67157/292612/392634/510135/567278/601812 µs, confirm latency: 24270/118992/175140/194075/202362/206610 µs
id: test-154632-588, time 11.000 s, sent: 105616 msg/s, confirmed: 105000 msg/s, nacked: 0 msg/s, received: 106800 msg/s, min/median/75th/95th/99th/max consumer latency: 68858/265718/363001/469125/520495/533401 µs, confirm latency: 22787/107043/113203/201681/211190/214485 µs
id: test-154632-588, time 12.000 s, sent: 90505 msg/s, confirmed: 90064 msg/s, nacked: 0 msg/s, received: 92274 msg/s, min/median/75th/95th/99th/max consumer latency: 84445/297648/377139/500421/552269/644190 µs, confirm latency: 23317/120131/153669/181632/189217/197217 µs
id: test-154632-588, time 13.000 s, sent: 101735 msg/s, confirmed: 101936 msg/s, nacked: 0 msg/s, received: 99827 msg/s, min/median/75th/95th/99th/max consumer latency: 66850/290987/382528/518871/565856/610754 µs, confirm latency: 24402/112700/132531/182503/196690/213872 µs
id: test-154632-588, time 14.000 s, sent: 88679 msg/s, confirmed: 89017 msg/s, nacked: 0 msg/s, received: 87586 msg/s, min/median/75th/95th/99th/max consumer latency: 70410/295907/395375/512601/617809/629170 µs, confirm latency: 27241/120838/155499/192439/206774/261279 µs
id: test-154632-588, time 15.000 s, sent: 103011 msg/s, confirmed: 103175 msg/s, nacked: 0 msg/s, received: 104208 msg/s, min/median/75th/95th/99th/max consumer latency: 65523/294800/402496/537797/597304/669267 µs, confirm latency: 24934/109489/129415/197965/207222/213402 µs
id: test-154632-588, time 16.000 s, sent: 89171 msg/s, confirmed: 88328 msg/s, nacked: 0 msg/s, received: 87085 msg/s, min/median/75th/95th/99th/max consumer latency: 52766/288468/389742/565998/631269/639218 µs, confirm latency: 23473/110025/151420/200250/204924/212598 µs
id: test-154632-588, time 17.000 s, sent: 101201 msg/s, confirmed: 102000 msg/s, nacked: 0 msg/s, received: 101811 msg/s, min/median/75th/95th/99th/max consumer latency: 61142/302859/396036/544998/609551/641083 µs, confirm latency: 22582/110054/136712/225700/237383/240956 µs
id: test-154632-588, time 18.005 s, sent: 94018 msg/s, confirmed: 93099 msg/s, nacked: 0 msg/s, received: 98081 msg/s, min/median/75th/95th/99th/max consumer latency: 61857/297372/401443/550819/635717/658675 µs, confirm latency: 27044/115620/143316/182723/187383/187573 µs
id: test-154632-588, time 19.000 s, sent: 99828 msg/s, confirmed: 100703 msg/s, nacked: 0 msg/s, received: 96901 msg/s, min/median/75th/95th/99th/max consumer latency: 47555/287075/377762/515287/591044/629244 µs, confirm latency: 18454/110390/135149/184055/190244/203093 µs
id: test-154632-588, time 20.000 s, sent: 96760 msg/s, confirmed: 96328 msg/s, nacked: 0 msg/s, received: 95509 msg/s, min/median/75th/95th/99th/max consumer latency: 69597/283522/389120/553905/648460/667033 µs, confirm latency: 22233/112159/147284/193653/211958/292885 µs
id: test-154632-588, time 21.001 s, sent: 86886 msg/s, confirmed: 86672 msg/s, nacked: 0 msg/s, received: 89000 msg/s, min/median/75th/95th/99th/max consumer latency: 67250/330802/440351/591666/665585/699174 µs, confirm latency: 28848/125844/178166/202612/210614/211546 µs
id: test-154632-588, time 22.000 s, sent: 98416 msg/s, confirmed: 98898 msg/s, nacked: 0 msg/s, received: 99348 msg/s, min/median/75th/95th/99th/max consumer latency: 46658/294652/416791/582006/649790/669861 µs, confirm latency: 21682/108709/134272/220286/230813/234414 µs
id: test-154632-588, time 23.000 s, sent: 91943 msg/s, confirmed: 91419 msg/s, nacked: 0 msg/s, received: 92517 msg/s, min/median/75th/95th/99th/max consumer latency: 64659/290237/386706/537543/621888/648183 µs, confirm latency: 22402/118044/171336/199935/204928/211020 µs
id: test-154632-588, time 24.000 s, sent: 100137 msg/s, confirmed: 100500 msg/s, nacked: 0 msg/s, received: 99081 msg/s, min/median/75th/95th/99th/max consumer latency: 48070/279201/373039/582430/654016/685992 µs, confirm latency: 21244/110040/142274/187114/199728/210845 µs
id: test-154632-588, time 25.000 s, sent: 90141 msg/s, confirmed: 89961 msg/s, nacked: 0 msg/s, received: 90177 msg/s, min/median/75th/95th/99th/max consumer latency: 48137/296294/397747/623585/678579/706545 µs, confirm latency: 29234/116872/148461/212795/229548/232587 µs
test stopped (Reached time limit)
id: test-154632-588, sending rate avg: 94455 msg/s
id: test-154632-588, receiving rate avg: 94753 msg/s
id: test-154632-588, consumer latency min/median/75th/95th/99th/max 40908/285521/385017/519585/607183/690180 µs
id: test-154632-588, confirm latency min/median/75th/95th/99th/max 20166/112768/150928/198480/231092/325649 µs
