Picked up JAVA_TOOL_OPTIONS: -Xmx3g
id: test-144630-942, starting consumer #0
id: test-144630-942, starting consumer #0, channel #0
id: test-144630-942, starting consumer #1
id: test-144630-942, starting consumer #1, channel #0
id: test-144630-942, starting consumer #2
id: test-144630-942, starting consumer #2, channel #0
id: test-144630-942, starting consumer #3
id: test-144630-942, starting consumer #3, channel #0
id: test-144630-942, starting consumer #4
id: test-144630-942, starting consumer #4, channel #0
id: test-144630-942, starting consumer #5
id: test-144630-942, starting consumer #5, channel #0
id: test-144630-942, starting consumer #6
id: test-144630-942, starting consumer #6, channel #0
id: test-144630-942, starting consumer #7
id: test-144630-942, starting consumer #7, channel #0
id: test-144630-942, starting consumer #8
id: test-144630-942, starting consumer #8, channel #0
id: test-144630-942, starting consumer #9
id: test-144630-942, starting consumer #9, channel #0
id: test-144630-942, starting consumer #10
id: test-144630-942, starting consumer #10, channel #0
id: test-144630-942, starting consumer #11
id: test-144630-942, starting consumer #11, channel #0
id: test-144630-942, starting consumer #12
id: test-144630-942, starting consumer #12, channel #0
id: test-144630-942, starting consumer #13
id: test-144630-942, starting consumer #13, channel #0
id: test-144630-942, starting consumer #14
id: test-144630-942, starting consumer #14, channel #0
id: test-144630-942, starting consumer #15
id: test-144630-942, starting consumer #15, channel #0
id: test-144630-942, starting consumer #16
id: test-144630-942, starting consumer #16, channel #0
id: test-144630-942, starting consumer #17
id: test-144630-942, starting consumer #17, channel #0
id: test-144630-942, starting consumer #18
id: test-144630-942, starting consumer #18, channel #0
id: test-144630-942, starting consumer #19
id: test-144630-942, starting consumer #19, channel #0
id: test-144630-942, starting consumer #20
id: test-144630-942, starting consumer #20, channel #0
id: test-144630-942, starting consumer #21
id: test-144630-942, starting consumer #21, channel #0
id: test-144630-942, starting consumer #22
id: test-144630-942, starting consumer #22, channel #0
id: test-144630-942, starting consumer #23
id: test-144630-942, starting consumer #23, channel #0
id: test-144630-942, starting consumer #24
id: test-144630-942, starting consumer #24, channel #0
id: test-144630-942, starting consumer #25
id: test-144630-942, starting consumer #25, channel #0
id: test-144630-942, starting consumer #26
id: test-144630-942, starting consumer #26, channel #0
id: test-144630-942, starting consumer #27
id: test-144630-942, starting consumer #27, channel #0
id: test-144630-942, starting consumer #28
id: test-144630-942, starting consumer #28, channel #0
id: test-144630-942, starting consumer #29
id: test-144630-942, starting consumer #29, channel #0
id: test-144630-942, starting consumer #30
id: test-144630-942, starting consumer #30, channel #0
id: test-144630-942, starting consumer #31
id: test-144630-942, starting consumer #31, channel #0
id: test-144630-942, starting consumer #32
id: test-144630-942, starting consumer #32, channel #0
id: test-144630-942, starting consumer #33
id: test-144630-942, starting consumer #33, channel #0
id: test-144630-942, starting consumer #34
id: test-144630-942, starting consumer #34, channel #0
id: test-144630-942, starting consumer #35
id: test-144630-942, starting consumer #35, channel #0
id: test-144630-942, starting consumer #36
id: test-144630-942, starting consumer #36, channel #0
id: test-144630-942, starting consumer #37
id: test-144630-942, starting consumer #37, channel #0
id: test-144630-942, starting consumer #38
id: test-144630-942, starting consumer #38, channel #0
id: test-144630-942, starting consumer #39
id: test-144630-942, starting consumer #39, channel #0
id: test-144630-942, starting consumer #40
id: test-144630-942, starting consumer #40, channel #0
id: test-144630-942, starting consumer #41
id: test-144630-942, starting consumer #41, channel #0
id: test-144630-942, starting consumer #42
id: test-144630-942, starting consumer #42, channel #0
id: test-144630-942, starting consumer #43
id: test-144630-942, starting consumer #43, channel #0
id: test-144630-942, starting consumer #44
id: test-144630-942, starting consumer #44, channel #0
id: test-144630-942, starting consumer #45
id: test-144630-942, starting consumer #45, channel #0
id: test-144630-942, starting consumer #46
id: test-144630-942, starting consumer #46, channel #0
id: test-144630-942, starting consumer #47
id: test-144630-942, starting consumer #47, channel #0
id: test-144630-942, starting consumer #48
id: test-144630-942, starting consumer #48, channel #0
id: test-144630-942, starting consumer #49
id: test-144630-942, starting consumer #49, channel #0
id: test-144630-942, starting consumer #50
id: test-144630-942, starting consumer #50, channel #0
id: test-144630-942, starting consumer #51
id: test-144630-942, starting consumer #51, channel #0
id: test-144630-942, starting consumer #52
id: test-144630-942, starting consumer #52, channel #0
id: test-144630-942, starting consumer #53
id: test-144630-942, starting consumer #53, channel #0
id: test-144630-942, starting consumer #54
id: test-144630-942, starting consumer #54, channel #0
id: test-144630-942, starting consumer #55
id: test-144630-942, starting consumer #55, channel #0
id: test-144630-942, starting consumer #56
id: test-144630-942, starting consumer #56, channel #0
id: test-144630-942, starting consumer #57
id: test-144630-942, starting consumer #57, channel #0
id: test-144630-942, starting consumer #58
id: test-144630-942, starting consumer #58, channel #0
id: test-144630-942, starting consumer #59
id: test-144630-942, starting consumer #59, channel #0
id: test-144630-942, starting consumer #60
id: test-144630-942, starting consumer #60, channel #0
id: test-144630-942, starting consumer #61
id: test-144630-942, starting consumer #61, channel #0
id: test-144630-942, starting consumer #62
id: test-144630-942, starting consumer #62, channel #0
id: test-144630-942, starting consumer #63
id: test-144630-942, starting consumer #63, channel #0
id: test-144630-942, starting producer #0
id: test-144630-942, starting producer #0, channel #0
id: test-144630-942, starting producer #1
id: test-144630-942, starting producer #1, channel #0
id: test-144630-942, starting producer #2
id: test-144630-942, starting producer #2, channel #0
id: test-144630-942, starting producer #3
id: test-144630-942, starting producer #3, channel #0
id: test-144630-942, starting producer #4
id: test-144630-942, starting producer #4, channel #0
id: test-144630-942, starting producer #5
id: test-144630-942, starting producer #5, channel #0
id: test-144630-942, starting producer #6
id: test-144630-942, starting producer #6, channel #0
id: test-144630-942, starting producer #7
id: test-144630-942, starting producer #7, channel #0
id: test-144630-942, starting producer #8
id: test-144630-942, starting producer #8, channel #0
id: test-144630-942, starting producer #9
id: test-144630-942, starting producer #9, channel #0
id: test-144630-942, starting producer #10
id: test-144630-942, starting producer #10, channel #0
id: test-144630-942, starting producer #11
id: test-144630-942, starting producer #11, channel #0
id: test-144630-942, starting producer #12
id: test-144630-942, starting producer #12, channel #0
id: test-144630-942, starting producer #13
id: test-144630-942, starting producer #13, channel #0
id: test-144630-942, starting producer #14
id: test-144630-942, starting producer #14, channel #0
id: test-144630-942, starting producer #15
id: test-144630-942, starting producer #15, channel #0
id: test-144630-942, starting producer #16
id: test-144630-942, starting producer #16, channel #0
id: test-144630-942, starting producer #17
id: test-144630-942, starting producer #17, channel #0
id: test-144630-942, starting producer #18
id: test-144630-942, starting producer #18, channel #0
id: test-144630-942, starting producer #19
id: test-144630-942, starting producer #19, channel #0
id: test-144630-942, starting producer #20
id: test-144630-942, starting producer #20, channel #0
id: test-144630-942, starting producer #21
id: test-144630-942, starting producer #21, channel #0
id: test-144630-942, starting producer #22
id: test-144630-942, starting producer #22, channel #0
id: test-144630-942, starting producer #23
id: test-144630-942, starting producer #23, channel #0
id: test-144630-942, starting producer #24
id: test-144630-942, starting producer #24, channel #0
id: test-144630-942, starting producer #25
id: test-144630-942, starting producer #25, channel #0
id: test-144630-942, starting producer #26
id: test-144630-942, starting producer #26, channel #0
id: test-144630-942, starting producer #27
id: test-144630-942, starting producer #27, channel #0
id: test-144630-942, starting producer #28
id: test-144630-942, starting producer #28, channel #0
id: test-144630-942, starting producer #29
id: test-144630-942, starting producer #29, channel #0
id: test-144630-942, starting producer #30
id: test-144630-942, starting producer #30, channel #0
id: test-144630-942, starting producer #31
id: test-144630-942, starting producer #31, channel #0
id: test-144630-942, starting producer #32
id: test-144630-942, starting producer #32, channel #0
id: test-144630-942, starting producer #33
id: test-144630-942, starting producer #33, channel #0
id: test-144630-942, starting producer #34
id: test-144630-942, starting producer #34, channel #0
id: test-144630-942, starting producer #35
id: test-144630-942, starting producer #35, channel #0
id: test-144630-942, starting producer #36
id: test-144630-942, starting producer #36, channel #0
id: test-144630-942, starting producer #37
id: test-144630-942, starting producer #37, channel #0
id: test-144630-942, starting producer #38
id: test-144630-942, starting producer #38, channel #0
id: test-144630-942, starting producer #39
id: test-144630-942, starting producer #39, channel #0
id: test-144630-942, starting producer #40
id: test-144630-942, starting producer #40, channel #0
id: test-144630-942, starting producer #41
id: test-144630-942, starting producer #41, channel #0
id: test-144630-942, starting producer #42
id: test-144630-942, starting producer #42, channel #0
id: test-144630-942, starting producer #43
id: test-144630-942, starting producer #43, channel #0
id: test-144630-942, starting producer #44
id: test-144630-942, starting producer #44, channel #0
id: test-144630-942, starting producer #45
id: test-144630-942, starting producer #45, channel #0
id: test-144630-942, starting producer #46
id: test-144630-942, starting producer #46, channel #0
id: test-144630-942, starting producer #47
id: test-144630-942, starting producer #47, channel #0
id: test-144630-942, starting producer #48
id: test-144630-942, starting producer #48, channel #0
id: test-144630-942, starting producer #49
id: test-144630-942, starting producer #49, channel #0
id: test-144630-942, starting producer #50
id: test-144630-942, starting producer #50, channel #0
id: test-144630-942, starting producer #51
id: test-144630-942, starting producer #51, channel #0
id: test-144630-942, starting producer #52
id: test-144630-942, starting producer #52, channel #0
id: test-144630-942, starting producer #53
id: test-144630-942, starting producer #53, channel #0
id: test-144630-942, starting producer #54
id: test-144630-942, starting producer #54, channel #0
id: test-144630-942, starting producer #55
id: test-144630-942, starting producer #55, channel #0
id: test-144630-942, starting producer #56
id: test-144630-942, starting producer #56, channel #0
id: test-144630-942, starting producer #57
id: test-144630-942, starting producer #57, channel #0
id: test-144630-942, starting producer #58
id: test-144630-942, starting producer #58, channel #0
id: test-144630-942, starting producer #59
id: test-144630-942, starting producer #59, channel #0
id: test-144630-942, starting producer #60
id: test-144630-942, starting producer #60, channel #0
id: test-144630-942, starting producer #61
id: test-144630-942, starting producer #61, channel #0
id: test-144630-942, starting producer #62
id: test-144630-942, starting producer #62, channel #0
id: test-144630-942, starting producer #63
id: test-144630-942, starting producer #63, channel #0
id: test-144630-942, time 1.000 s, sent: 52564 msg/s, confirmed: 51284 msg/s, nacked: 0 msg/s, received: 51284 msg/s, min/median/75th/95th/99th/max consumer latency: 3905/23680/32472/43249/53697/71391 µs, confirm latency: 1959/18795/26882/34016/42985/69457 µs
id: test-144630-942, time 2.001 s, sent: 52930 msg/s, confirmed: 53542 msg/s, nacked: 0 msg/s, received: 52299 msg/s, min/median/75th/95th/99th/max consumer latency: 14116/25167/26877/35344/59046/59912 µs, confirm latency: 12258/22334/23245/30724/55297/55677 µs
id: test-144630-942, time 3.000 s, sent: 55707 msg/s, confirmed: 55095 msg/s, nacked: 0 msg/s, received: 56339 msg/s, min/median/75th/95th/99th/max consumer latency: 19803/24533/25622/32699/35298/35921 µs, confirm latency: 17542/21853/22312/24859/31346/32528 µs
id: test-144630-942, time 4.000 s, sent: 52532 msg/s, confirmed: 52532 msg/s, nacked: 0 msg/s, received: 52532 msg/s, min/median/75th/95th/99th/max consumer latency: 20301/24565/25832/34682/70947/71587 µs, confirm latency: 17753/21847/22283/31927/66047/66438 µs
id: test-144630-942, time 5.000 s, sent: 52480 msg/s, confirmed: 52480 msg/s, nacked: 0 msg/s, received: 52480 msg/s, min/median/75th/95th/99th/max consumer latency: 20842/25246/27768/34874/36819/38186 µs, confirm latency: 18468/22248/24767/30668/33336/34031 µs
id: test-144630-942, time 6.000 s, sent: 52112 msg/s, confirmed: 52112 msg/s, nacked: 0 msg/s, received: 52112 msg/s, min/median/75th/95th/99th/max consumer latency: 14847/24865/26070/39322/68787/71873 µs, confirm latency: 13842/22115/23095/37878/62824/63151 µs
id: test-144630-942, time 7.000 s, sent: 52400 msg/s, confirmed: 52400 msg/s, nacked: 0 msg/s, received: 52400 msg/s, min/median/75th/95th/99th/max consumer latency: 21250/26280/27808/32716/39477/56114 µs, confirm latency: 18489/23277/24729/30425/36159/51402 µs
id: test-144630-942, time 8.001 s, sent: 53760 msg/s, confirmed: 53760 msg/s, nacked: 0 msg/s, received: 53760 msg/s, min/median/75th/95th/99th/max consumer latency: 21441/25381/26411/30191/34187/36100 µs, confirm latency: 18873/22447/23224/24422/31322/31999 µs
id: test-144630-942, time 9.001 s, sent: 52480 msg/s, confirmed: 52480 msg/s, nacked: 0 msg/s, received: 52480 msg/s, min/median/75th/95th/99th/max consumer latency: 22397/25663/27070/32945/57796/63111 µs, confirm latency: 19340/22859/23763/29393/55117/55552 µs
id: test-144630-942, time 10.000 s, sent: 47407 msg/s, confirmed: 47407 msg/s, nacked: 0 msg/s, received: 47407 msg/s, min/median/75th/95th/99th/max consumer latency: 23625/28594/31001/36153/38705/41219 µs, confirm latency: 20982/25357/26657/31618/34232/34727 µs
id: test-144630-942, time 11.000 s, sent: 49969 msg/s, confirmed: 49969 msg/s, nacked: 0 msg/s, received: 49969 msg/s, min/median/75th/95th/99th/max consumer latency: 21874/26583/28355/35519/52499/53565 µs, confirm latency: 19466/23486/24956/32508/48620/49701 µs
id: test-144630-942, time 12.000 s, sent: 52240 msg/s, confirmed: 52240 msg/s, nacked: 0 msg/s, received: 51221 msg/s, min/median/75th/95th/99th/max consumer latency: 15090/25677/27351/36081/44889/46368 µs, confirm latency: 13550/22777/24073/31707/41221/42085 µs
id: test-144630-942, time 13.000 s, sent: 52480 msg/s, confirmed: 52480 msg/s, nacked: 0 msg/s, received: 53499 msg/s, min/median/75th/95th/99th/max consumer latency: 21561/24660/25996/31165/57329/60519 µs, confirm latency: 19137/21980/22418/29313/55225/55813 µs
id: test-144630-942, time 14.000 s, sent: 55095 msg/s, confirmed: 55095 msg/s, nacked: 0 msg/s, received: 55095 msg/s, min/median/75th/95th/99th/max consumer latency: 20243/24727/26096/30174/35384/36662 µs, confirm latency: 17971/21901/22417/30970/31753/32287 µs
id: test-144630-942, time 15.000 s, sent: 48398 msg/s, confirmed: 48640 msg/s, nacked: 0 msg/s, received: 48212 msg/s, min/median/75th/95th/99th/max consumer latency: 24171/27534/28904/35694/67736/71598 µs, confirm latency: 20924/24637/25584/32682/64490/66120 µs
id: test-144630-942, time 16.000 s, sent: 48930 msg/s, confirmed: 48688 msg/s, nacked: 0 msg/s, received: 49117 msg/s, min/median/75th/95th/99th/max consumer latency: 21685/27574/29891/34104/36754/38719 µs, confirm latency: 19436/24664/25584/30215/32329/33080 µs
id: test-144630-942, time 17.001 s, sent: 51200 msg/s, confirmed: 51200 msg/s, nacked: 0 msg/s, received: 50407 msg/s, min/median/75th/95th/99th/max consumer latency: 20585/26623/28228/35240/57502/58994 µs, confirm latency: 18937/23391/25103/30825/52621/52771 µs
id: test-144630-942, time 18.000 s, sent: 55055 msg/s, confirmed: 55055 msg/s, nacked: 0 msg/s, received: 55848 msg/s, min/median/75th/95th/99th/max consumer latency: 18889/24782/25937/27773/33270/35878 µs, confirm latency: 16545/21988/22522/24125/30532/31138 µs
id: test-144630-942, time 19.000 s, sent: 48688 msg/s, confirmed: 48688 msg/s, nacked: 0 msg/s, received: 48261 msg/s, min/median/75th/95th/99th/max consumer latency: 20995/26862/28032/38391/66573/68259 µs, confirm latency: 19738/24151/25035/46510/63608/63980 µs
id: test-144630-942, time 20.000 s, sent: 50770 msg/s, confirmed: 50770 msg/s, nacked: 0 msg/s, received: 50697 msg/s, min/median/75th/95th/99th/max consumer latency: 19418/27116/28863/33993/38692/49958 µs, confirm latency: 15880/24029/25635/30330/32822/46265 µs
id: test-144630-942, time 21.000 s, sent: 49600 msg/s, confirmed: 49600 msg/s, nacked: 0 msg/s, received: 50100 msg/s, min/median/75th/95th/99th/max consumer latency: 12372/26069/27979/36870/70224/72994 µs, confirm latency: 11452/23040/24411/33939/67424/67745 µs
id: test-144630-942, time 22.000 s, sent: 53813 msg/s, confirmed: 53813 msg/s, nacked: 0 msg/s, received: 53813 msg/s, min/median/75th/95th/99th/max consumer latency: 22267/25590/27002/31652/34038/35230 µs, confirm latency: 19185/22671/23618/27617/29425/30229 µs
id: test-144630-942, time 23.000 s, sent: 53474 msg/s, confirmed: 53474 msg/s, nacked: 0 msg/s, received: 53148 msg/s, min/median/75th/95th/99th/max consumer latency: 19538/25213/26291/31923/54779/62186 µs, confirm latency: 15900/22318/23041/29177/44801/46109 µs
id: test-144630-942, time 24.000 s, sent: 53760 msg/s, confirmed: 53760 msg/s, nacked: 0 msg/s, received: 54086 msg/s, min/median/75th/95th/99th/max consumer latency: 21061/24698/25969/33106/35289/36782 µs, confirm latency: 18435/21969/22495/30356/31734/32296 µs
id: test-144630-942, time 25.001 s, sent: 51538 msg/s, confirmed: 52480 msg/s, nacked: 0 msg/s, received: 51200 msg/s, min/median/75th/95th/99th/max consumer latency: 22547/25036/26551/42325/63361/65210 µs, confirm latency: 18729/22114/23084/31006/58746/59218 µs
test stopped (Reached time limit)
id: test-144630-942, sending rate avg: 51849 msg/s
id: test-144630-942, receiving rate avg: 51909 msg/s
id: test-144630-942, consumer latency min/median/75th/95th/99th/max 14307/25646/27458/34404/43611/70224 µs
id: test-144630-942, confirm latency min/median/75th/95th/99th/max 11861/22568/24157/30883/44614/63828 µs
