Picked up JAVA_TOOL_OPTIONS: -Xmx3g
id: test-150601-521, starting consumer #0
id: test-150601-521, starting consumer #0, channel #0
id: test-150601-521, starting consumer #1
id: test-150601-521, starting consumer #1, channel #0
id: test-150601-521, starting consumer #2
id: test-150601-521, starting consumer #2, channel #0
id: test-150601-521, starting consumer #3
id: test-150601-521, starting consumer #3, channel #0
id: test-150601-521, starting consumer #4
id: test-150601-521, starting consumer #4, channel #0
id: test-150601-521, starting consumer #5
id: test-150601-521, starting consumer #5, channel #0
id: test-150601-521, starting consumer #6
id: test-150601-521, starting consumer #6, channel #0
id: test-150601-521, starting consumer #7
id: test-150601-521, starting consumer #7, channel #0
id: test-150601-521, starting consumer #8
id: test-150601-521, starting consumer #8, channel #0
id: test-150601-521, starting consumer #9
id: test-150601-521, starting consumer #9, channel #0
id: test-150601-521, starting consumer #10
id: test-150601-521, starting consumer #10, channel #0
id: test-150601-521, starting consumer #11
id: test-150601-521, starting consumer #11, channel #0
id: test-150601-521, starting consumer #12
id: test-150601-521, starting consumer #12, channel #0
id: test-150601-521, starting consumer #13
id: test-150601-521, starting consumer #13, channel #0
id: test-150601-521, starting consumer #14
id: test-150601-521, starting consumer #14, channel #0
id: test-150601-521, starting consumer #15
id: test-150601-521, starting consumer #15, channel #0
id: test-150601-521, starting consumer #16
id: test-150601-521, starting consumer #16, channel #0
id: test-150601-521, starting consumer #17
id: test-150601-521, starting consumer #17, channel #0
id: test-150601-521, starting consumer #18
id: test-150601-521, starting consumer #18, channel #0
id: test-150601-521, starting consumer #19
id: test-150601-521, starting consumer #19, channel #0
id: test-150601-521, starting consumer #20
id: test-150601-521, starting consumer #20, channel #0
id: test-150601-521, starting consumer #21
id: test-150601-521, starting consumer #21, channel #0
id: test-150601-521, starting consumer #22
id: test-150601-521, starting consumer #22, channel #0
id: test-150601-521, starting consumer #23
id: test-150601-521, starting consumer #23, channel #0
id: test-150601-521, starting consumer #24
id: test-150601-521, starting consumer #24, channel #0
id: test-150601-521, starting consumer #25
id: test-150601-521, starting consumer #25, channel #0
id: test-150601-521, starting consumer #26
id: test-150601-521, starting consumer #26, channel #0
id: test-150601-521, starting consumer #27
id: test-150601-521, starting consumer #27, channel #0
id: test-150601-521, starting consumer #28
id: test-150601-521, starting consumer #28, channel #0
id: test-150601-521, starting consumer #29
id: test-150601-521, starting consumer #29, channel #0
id: test-150601-521, starting consumer #30
id: test-150601-521, starting consumer #30, channel #0
id: test-150601-521, starting consumer #31
id: test-150601-521, starting consumer #31, channel #0
id: test-150601-521, starting consumer #32
id: test-150601-521, starting consumer #32, channel #0
id: test-150601-521, starting consumer #33
id: test-150601-521, starting consumer #33, channel #0
id: test-150601-521, starting consumer #34
id: test-150601-521, starting consumer #34, channel #0
id: test-150601-521, starting consumer #35
id: test-150601-521, starting consumer #35, channel #0
id: test-150601-521, starting consumer #36
id: test-150601-521, starting consumer #36, channel #0
id: test-150601-521, starting consumer #37
id: test-150601-521, starting consumer #37, channel #0
id: test-150601-521, starting consumer #38
id: test-150601-521, starting consumer #38, channel #0
id: test-150601-521, starting consumer #39
id: test-150601-521, starting consumer #39, channel #0
id: test-150601-521, starting consumer #40
id: test-150601-521, starting consumer #40, channel #0
id: test-150601-521, starting consumer #41
id: test-150601-521, starting consumer #41, channel #0
id: test-150601-521, starting consumer #42
id: test-150601-521, starting consumer #42, channel #0
id: test-150601-521, starting consumer #43
id: test-150601-521, starting consumer #43, channel #0
id: test-150601-521, starting consumer #44
id: test-150601-521, starting consumer #44, channel #0
id: test-150601-521, starting consumer #45
id: test-150601-521, starting consumer #45, channel #0
id: test-150601-521, starting consumer #46
id: test-150601-521, starting consumer #46, channel #0
id: test-150601-521, starting consumer #47
id: test-150601-521, starting consumer #47, channel #0
id: test-150601-521, starting consumer #48
id: test-150601-521, starting consumer #48, channel #0
id: test-150601-521, starting consumer #49
id: test-150601-521, starting consumer #49, channel #0
id: test-150601-521, starting consumer #50
id: test-150601-521, starting consumer #50, channel #0
id: test-150601-521, starting consumer #51
id: test-150601-521, starting consumer #51, channel #0
id: test-150601-521, starting consumer #52
id: test-150601-521, starting consumer #52, channel #0
id: test-150601-521, starting consumer #53
id: test-150601-521, starting consumer #53, channel #0
id: test-150601-521, starting consumer #54
id: test-150601-521, starting consumer #54, channel #0
id: test-150601-521, starting consumer #55
id: test-150601-521, starting consumer #55, channel #0
id: test-150601-521, starting consumer #56
id: test-150601-521, starting consumer #56, channel #0
id: test-150601-521, starting consumer #57
id: test-150601-521, starting consumer #57, channel #0
id: test-150601-521, starting consumer #58
id: test-150601-521, starting consumer #58, channel #0
id: test-150601-521, starting consumer #59
id: test-150601-521, starting consumer #59, channel #0
id: test-150601-521, starting consumer #60
id: test-150601-521, starting consumer #60, channel #0
id: test-150601-521, starting consumer #61
id: test-150601-521, starting consumer #61, channel #0
id: test-150601-521, starting consumer #62
id: test-150601-521, starting consumer #62, channel #0
id: test-150601-521, starting consumer #63
id: test-150601-521, starting consumer #63, channel #0
id: test-150601-521, starting producer #0
id: test-150601-521, starting producer #0, channel #0
id: test-150601-521, starting producer #1
id: test-150601-521, starting producer #1, channel #0
id: test-150601-521, starting producer #2
id: test-150601-521, starting producer #2, channel #0
id: test-150601-521, starting producer #3
id: test-150601-521, starting producer #3, channel #0
id: test-150601-521, starting producer #4
id: test-150601-521, starting producer #4, channel #0
id: test-150601-521, starting producer #5
id: test-150601-521, starting producer #5, channel #0
id: test-150601-521, starting producer #6
id: test-150601-521, starting producer #6, channel #0
id: test-150601-521, starting producer #7
id: test-150601-521, starting producer #7, channel #0
id: test-150601-521, starting producer #8
id: test-150601-521, starting producer #8, channel #0
id: test-150601-521, starting producer #9
id: test-150601-521, starting producer #9, channel #0
id: test-150601-521, starting producer #10
id: test-150601-521, starting producer #10, channel #0
id: test-150601-521, starting producer #11
id: test-150601-521, starting producer #11, channel #0
id: test-150601-521, starting producer #12
id: test-150601-521, starting producer #12, channel #0
id: test-150601-521, starting producer #13
id: test-150601-521, starting producer #13, channel #0
id: test-150601-521, starting producer #14
id: test-150601-521, starting producer #14, channel #0
id: test-150601-521, starting producer #15
id: test-150601-521, starting producer #15, channel #0
id: test-150601-521, starting producer #16
id: test-150601-521, starting producer #16, channel #0
id: test-150601-521, starting producer #17
id: test-150601-521, starting producer #17, channel #0
id: test-150601-521, starting producer #18
id: test-150601-521, starting producer #18, channel #0
id: test-150601-521, starting producer #19
id: test-150601-521, starting producer #19, channel #0
id: test-150601-521, starting producer #20
id: test-150601-521, starting producer #20, channel #0
id: test-150601-521, starting producer #21
id: test-150601-521, starting producer #21, channel #0
id: test-150601-521, starting producer #22
id: test-150601-521, starting producer #22, channel #0
id: test-150601-521, starting producer #23
id: test-150601-521, starting producer #23, channel #0
id: test-150601-521, starting producer #24
id: test-150601-521, starting producer #24, channel #0
id: test-150601-521, starting producer #25
id: test-150601-521, starting producer #25, channel #0
id: test-150601-521, starting producer #26
id: test-150601-521, starting producer #26, channel #0
id: test-150601-521, starting producer #27
id: test-150601-521, starting producer #27, channel #0
id: test-150601-521, starting producer #28
id: test-150601-521, starting producer #28, channel #0
id: test-150601-521, starting producer #29
id: test-150601-521, starting producer #29, channel #0
id: test-150601-521, starting producer #30
id: test-150601-521, starting producer #30, channel #0
id: test-150601-521, starting producer #31
id: test-150601-521, starting producer #31, channel #0
id: test-150601-521, starting producer #32
id: test-150601-521, starting producer #32, channel #0
id: test-150601-521, starting producer #33
id: test-150601-521, starting producer #33, channel #0
id: test-150601-521, starting producer #34
id: test-150601-521, starting producer #34, channel #0
id: test-150601-521, starting producer #35
id: test-150601-521, starting producer #35, channel #0
id: test-150601-521, starting producer #36
id: test-150601-521, starting producer #36, channel #0
id: test-150601-521, starting producer #37
id: test-150601-521, starting producer #37, channel #0
id: test-150601-521, starting producer #38
id: test-150601-521, starting producer #38, channel #0
id: test-150601-521, starting producer #39
id: test-150601-521, starting producer #39, channel #0
id: test-150601-521, starting producer #40
id: test-150601-521, starting producer #40, channel #0
id: test-150601-521, starting producer #41
id: test-150601-521, starting producer #41, channel #0
id: test-150601-521, starting producer #42
id: test-150601-521, starting producer #42, channel #0
id: test-150601-521, starting producer #43
id: test-150601-521, starting producer #43, channel #0
id: test-150601-521, starting producer #44
id: test-150601-521, starting producer #44, channel #0
id: test-150601-521, starting producer #45
id: test-150601-521, starting producer #45, channel #0
id: test-150601-521, starting producer #46
id: test-150601-521, starting producer #46, channel #0
id: test-150601-521, starting producer #47
id: test-150601-521, starting producer #47, channel #0
id: test-150601-521, starting producer #48
id: test-150601-521, starting producer #48, channel #0
id: test-150601-521, starting producer #49
id: test-150601-521, starting producer #49, channel #0
id: test-150601-521, starting producer #50
id: test-150601-521, starting producer #50, channel #0
id: test-150601-521, starting producer #51
id: test-150601-521, starting producer #51, channel #0
id: test-150601-521, starting producer #52
id: test-150601-521, starting producer #52, channel #0
id: test-150601-521, starting producer #53
id: test-150601-521, starting producer #53, channel #0
id: test-150601-521, starting producer #54
id: test-150601-521, starting producer #54, channel #0
id: test-150601-521, starting producer #55
id: test-150601-521, starting producer #55, channel #0
id: test-150601-521, starting producer #56
id: test-150601-521, starting producer #56, channel #0
id: test-150601-521, starting producer #57
id: test-150601-521, starting producer #57, channel #0
id: test-150601-521, starting producer #58
id: test-150601-521, starting producer #58, channel #0
id: test-150601-521, starting producer #59
id: test-150601-521, starting producer #59, channel #0
id: test-150601-521, starting producer #60
id: test-150601-521, starting producer #60, channel #0
id: test-150601-521, starting producer #61
id: test-150601-521, starting producer #61, channel #0
id: test-150601-521, starting producer #62
id: test-150601-521, starting producer #62, channel #0
id: test-150601-521, starting producer #63
id: test-150601-521, starting producer #63, channel #0
id: test-150601-521, time 1.001 s, sent: 54610 msg/s, confirmed: 53331 msg/s, nacked: 0 msg/s, received: 30233 msg/s, min/median/75th/95th/99th/max consumer latency: 2131/12076/15112/22727/31420/43836 µs, confirm latency: 3667/12767/23711/38749/53032/69823 µs
id: test-150601-521, time 2.000 s, sent: 61021 msg/s, confirmed: 61021 msg/s, nacked: 0 msg/s, received: 36254 msg/s, min/median/75th/95th/99th/max consumer latency: 4963/11469/12959/17421/46361/79627 µs, confirm latency: 5848/13270/28708/48916/70035/93090 µs
id: test-150601-521, time 3.000 s, sent: 64205 msg/s, confirmed: 64205 msg/s, nacked: 0 msg/s, received: 37850 msg/s, min/median/75th/95th/99th/max consumer latency: 3846/11453/12377/17136/24979/57711 µs, confirm latency: 4579/12655/24837/48246/60181/70705 µs
id: test-150601-521, time 4.000 s, sent: 61734 msg/s, confirmed: 61734 msg/s, nacked: 0 msg/s, received: 36705 msg/s, min/median/75th/95th/99th/max consumer latency: 5369/11394/12454/15813/29442/64395 µs, confirm latency: 4482/12820/24812/52792/80081/108335 µs
id: test-150601-521, time 5.000 s, sent: 64108 msg/s, confirmed: 64108 msg/s, nacked: 0 msg/s, received: 37408 msg/s, min/median/75th/95th/99th/max consumer latency: 2883/11492/12445/15967/26815/37243 µs, confirm latency: 4541/12557/25276/44473/60925/78784 µs
id: test-150601-521, time 6.000 s, sent: 62086 msg/s, confirmed: 62086 msg/s, nacked: 0 msg/s, received: 36933 msg/s, min/median/75th/95th/99th/max consumer latency: 2486/11496/12406/15919/39851/62015 µs, confirm latency: 4488/12664/24436/48970/78032/94979 µs
id: test-150601-521, time 7.000 s, sent: 63923 msg/s, confirmed: 63923 msg/s, nacked: 0 msg/s, received: 37881 msg/s, min/median/75th/95th/99th/max consumer latency: 4747/11367/12448/15748/22260/42490 µs, confirm latency: 4889/12406/24135/45149/57282/71749 µs
id: test-150601-521, time 8.000 s, sent: 61764 msg/s, confirmed: 61764 msg/s, nacked: 0 msg/s, received: 36724 msg/s, min/median/75th/95th/99th/max consumer latency: 4056/11486/12626/16711/25381/63242 µs, confirm latency: 4512/13403/26216/49986/80761/115143 µs
id: test-150601-521, time 9.000 s, sent: 54771 msg/s, confirmed: 54771 msg/s, nacked: 0 msg/s, received: 31975 msg/s, min/median/75th/95th/99th/max consumer latency: 4876/11381/12295/18682/154283/183646 µs, confirm latency: 5114/12287/23142/52721/192845/219105 µs
id: test-150601-521, time 10.000 s, sent: 62656 msg/s, confirmed: 62656 msg/s, nacked: 0 msg/s, received: 37207 msg/s, min/median/75th/95th/99th/max consumer latency: 1415/11341/12483/15883/45497/52633 µs, confirm latency: 5655/12785/24741/50094/65949/90882 µs
id: test-150601-521, time 11.000 s, sent: 65447 msg/s, confirmed: 65447 msg/s, nacked: 0 msg/s, received: 37917 msg/s, min/median/75th/95th/99th/max consumer latency: 3823/11410/12500/15815/24681/42192 µs, confirm latency: 4937/12640/23519/39714/55154/67681 µs
id: test-150601-521, time 12.000 s, sent: 63403 msg/s, confirmed: 63403 msg/s, nacked: 0 msg/s, received: 36995 msg/s, min/median/75th/95th/99th/max consumer latency: 5031/11352/12196/16651/45560/56274 µs, confirm latency: 5229/12381/24045/48427/77563/91747 µs
id: test-150601-521, time 13.000 s, sent: 66082 msg/s, confirmed: 66082 msg/s, nacked: 0 msg/s, received: 38828 msg/s, min/median/75th/95th/99th/max consumer latency: 3802/11287/12167/15255/25235/50332 µs, confirm latency: 4830/12797/25173/43583/58268/65848 µs
id: test-150601-521, time 14.000 s, sent: 62134 msg/s, confirmed: 62134 msg/s, nacked: 0 msg/s, received: 36684 msg/s, min/median/75th/95th/99th/max consumer latency: 4075/11354/12476/16391/40470/51373 µs, confirm latency: 4563/12800/24837/48001/66345/100958 µs
id: test-150601-521, time 15.000 s, sent: 63231 msg/s, confirmed: 63231 msg/s, nacked: 0 msg/s, received: 37799 msg/s, min/median/75th/95th/99th/max consumer latency: 3813/11439/12691/16490/26639/46260 µs, confirm latency: 4913/12480/24814/46684/57404/72533 µs
id: test-150601-521, time 16.000 s, sent: 46669 msg/s, confirmed: 46669 msg/s, nacked: 0 msg/s, received: 28946 msg/s, min/median/75th/95th/99th/max consumer latency: 5453/11748/14067/37551/88964/161285 µs, confirm latency: 5098/14255/33597/73136/153842/164931 µs
id: test-150601-521, time 17.000 s, sent: 64082 msg/s, confirmed: 64082 msg/s, nacked: 0 msg/s, received: 37885 msg/s, min/median/75th/95th/99th/max consumer latency: 4303/11437/12370/15513/21815/41444 µs, confirm latency: 4182/12778/24415/44277/62514/78240 µs
id: test-150601-521, time 18.000 s, sent: 62262 msg/s, confirmed: 62262 msg/s, nacked: 0 msg/s, received: 37231 msg/s, min/median/75th/95th/99th/max consumer latency: 3260/11323/12068/14551/40652/52855 µs, confirm latency: 5191/12067/25205/52939/67864/97603 µs
id: test-150601-521, time 19.001 s, sent: 65523 msg/s, confirmed: 65698 msg/s, nacked: 0 msg/s, received: 38758 msg/s, min/median/75th/95th/99th/max consumer latency: 3915/11142/12311/14908/24421/58803 µs, confirm latency: 4781/12059/23127/49203/63730/78879 µs
id: test-150601-521, time 20.000 s, sent: 61397 msg/s, confirmed: 61301 msg/s, nacked: 0 msg/s, received: 36444 msg/s, min/median/75th/95th/99th/max consumer latency: 3013/11454/12424/16347/49013/83163 µs, confirm latency: 5167/12617/23984/49246/84575/98168 µs
id: test-150601-521, time 21.000 s, sent: 65641 msg/s, confirmed: 65562 msg/s, nacked: 0 msg/s, received: 38120 msg/s, min/median/75th/95th/99th/max consumer latency: 3913/11420/12437/15409/22867/31620 µs, confirm latency: 6953/13235/24528/41731/52849/64230 µs
id: test-150601-521, time 22.000 s, sent: 62682 msg/s, confirmed: 62682 msg/s, nacked: 0 msg/s, received: 36700 msg/s, min/median/75th/95th/99th/max consumer latency: 4034/11331/12408/15259/32716/53623 µs, confirm latency: 4930/12253/25450/48247/72717/100240 µs
id: test-150601-521, time 23.000 s, sent: 64425 msg/s, confirmed: 64425 msg/s, nacked: 0 msg/s, received: 38123 msg/s, min/median/75th/95th/99th/max consumer latency: 3298/11355/12783/15270/22647/35019 µs, confirm latency: 4781/13168/25706/46295/60287/67255 µs
id: test-150601-521, time 24.000 s, sent: 62304 msg/s, confirmed: 62304 msg/s, nacked: 0 msg/s, received: 37027 msg/s, min/median/75th/95th/99th/max consumer latency: 3147/11453/12662/16409/41320/67292 µs, confirm latency: 4369/12206/23469/46491/74510/89113 µs
id: test-150601-521, time 25.000 s, sent: 53289 msg/s, confirmed: 53289 msg/s, nacked: 0 msg/s, received: 31845 msg/s, min/median/75th/95th/99th/max consumer latency: 3297/11339/12253/19687/153317/176663 µs, confirm latency: 5656/12695/25701/53598/195376/221555 µs
test stopped (Reached time limit)
id: test-150601-521, sending rate avg: 61714 msg/s
id: test-150601-521, receiving rate avg: 36460 msg/s
id: test-150601-521, consumer latency min/median/75th/95th/99th/max 3430/11406/12388/15507/40517/150060 µs
id: test-150601-521, confirm latency min/median/75th/95th/99th/max 4771/13300/25284/48940/77788/181211 µs
