Picked up JAVA_TOOL_OPTIONS: -Xmx3g
id: test-145325-201, starting consumer #0
id: test-145325-201, starting consumer #0, channel #0
id: test-145325-201, starting consumer #1
id: test-145325-201, starting consumer #1, channel #0
id: test-145325-201, starting consumer #2
id: test-145325-201, starting consumer #2, channel #0
id: test-145325-201, starting consumer #3
id: test-145325-201, starting consumer #3, channel #0
id: test-145325-201, starting consumer #4
id: test-145325-201, starting consumer #4, channel #0
id: test-145325-201, starting consumer #5
id: test-145325-201, starting consumer #5, channel #0
id: test-145325-201, starting consumer #6
id: test-145325-201, starting consumer #6, channel #0
id: test-145325-201, starting consumer #7
id: test-145325-201, starting consumer #7, channel #0
id: test-145325-201, starting consumer #8
id: test-145325-201, starting consumer #8, channel #0
id: test-145325-201, starting consumer #9
id: test-145325-201, starting consumer #9, channel #0
id: test-145325-201, starting consumer #10
id: test-145325-201, starting consumer #10, channel #0
id: test-145325-201, starting consumer #11
id: test-145325-201, starting consumer #11, channel #0
id: test-145325-201, starting consumer #12
id: test-145325-201, starting consumer #12, channel #0
id: test-145325-201, starting consumer #13
id: test-145325-201, starting consumer #13, channel #0
id: test-145325-201, starting consumer #14
id: test-145325-201, starting consumer #14, channel #0
id: test-145325-201, starting consumer #15
id: test-145325-201, starting consumer #15, channel #0
id: test-145325-201, starting consumer #16
id: test-145325-201, starting consumer #16, channel #0
id: test-145325-201, starting consumer #17
id: test-145325-201, starting consumer #17, channel #0
id: test-145325-201, starting consumer #18
id: test-145325-201, starting consumer #18, channel #0
id: test-145325-201, starting consumer #19
id: test-145325-201, starting consumer #19, channel #0
id: test-145325-201, starting producer #0
id: test-145325-201, starting producer #0, channel #0
id: test-145325-201, time 1.000 s, sent: 2118 msg/s, confirmed: 2040 msg/s, nacked: 0 msg/s, received: 1691 msg/s, min/median/75th/95th/99th/max consumer latency: 5267/35836/42891/49611/54565/57417 µs, confirm latency: 735/10184/10426/11526/12448/12647 µs
id: test-145325-201, time 2.000 s, sent: 7893 msg/s, confirmed: 7969 msg/s, nacked: 0 msg/s, received: 6595 msg/s, min/median/75th/95th/99th/max consumer latency: 48798/137456/201961/210736/213926/217783 µs, confirm latency: 262/10396/10793/23455/92471/92562 µs
id: test-145325-201, time 3.000 s, sent: 5001 msg/s, confirmed: 5000 msg/s, nacked: 0 msg/s, received: 6722 msg/s, min/median/75th/95th/99th/max consumer latency: 259/82629/203466/219135/225320/227508 µs, confirm latency: 239/450/563/3913/11058/16405 µs
id: test-145325-201, time 4.000 s, sent: 5005 msg/s, confirmed: 5006 msg/s, nacked: 0 msg/s, received: 5005 msg/s, min/median/75th/95th/99th/max consumer latency: 239/11052/27135/37749/177558/181498 µs, confirm latency: 205/854/10507/10887/170782/181514 µs
id: test-145325-201, time 5.000 s, sent: 4805 msg/s, confirmed: 4707 msg/s, nacked: 0 msg/s, received: 4188 msg/s, min/median/75th/95th/99th/max consumer latency: 245/30399/46667/61384/321182/323305 µs, confirm latency: 202/10254/10663/28882/283491/293521 µs
id: test-145325-201, time 6.000 s, sent: 5195 msg/s, confirmed: 5289 msg/s, nacked: 0 msg/s, received: 5735 msg/s, min/median/75th/95th/99th/max consumer latency: 215/801/51234/76724/80280/83418 µs, confirm latency: 195/414/837/10812/35859/42607 µs
id: test-145325-201, time 7.000 s, sent: 5005 msg/s, confirmed: 5009 msg/s, nacked: 0 msg/s, received: 5082 msg/s, min/median/75th/95th/99th/max consumer latency: 230/35309/44367/64968/128504/142924 µs, confirm latency: 205/10280/10742/37422/122070/127632 µs
id: test-145325-201, time 8.000 s, sent: 5000 msg/s, confirmed: 4999 msg/s, nacked: 0 msg/s, received: 5000 msg/s, min/median/75th/95th/99th/max consumer latency: 224/26887/73558/106688/171092/177375 µs, confirm latency: 199/10232/10497/28010/166394/177067 µs
id: test-145325-201, time 9.000 s, sent: 5005 msg/s, confirmed: 5004 msg/s, nacked: 0 msg/s, received: 5004 msg/s, min/median/75th/95th/99th/max consumer latency: 257/454/537/834/8648/12750 µs, confirm latency: 227/415/498/657/1980/13259 µs
id: test-145325-201, time 10.000 s, sent: 5005 msg/s, confirmed: 5007 msg/s, nacked: 0 msg/s, received: 5007 msg/s, min/median/75th/95th/99th/max consumer latency: 223/458/4465/19392/35378/57764 µs, confirm latency: 196/399/543/10933/32851/47755 µs
id: test-145325-201, time 11.000 s, sent: 5000 msg/s, confirmed: 5000 msg/s, nacked: 0 msg/s, received: 5000 msg/s, min/median/75th/95th/99th/max consumer latency: 224/21138/38564/57990/211769/214070 µs, confirm latency: 209/687/10396/11739/202603/213424 µs
id: test-145325-201, time 12.000 s, sent: 5000 msg/s, confirmed: 4983 msg/s, nacked: 0 msg/s, received: 4983 msg/s, min/median/75th/95th/99th/max consumer latency: 236/544/1522/17586/39957/47752 µs, confirm latency: 202/492/667/10339/39009/43506 µs
id: test-145325-201, time 13.000 s, sent: 5005 msg/s, confirmed: 5022 msg/s, nacked: 0 msg/s, received: 5021 msg/s, min/median/75th/95th/99th/max consumer latency: 254/464/556/7305/10809/13410 µs, confirm latency: 224/418/505/2598/10955/13746 µs
id: test-145325-201, time 14.000 s, sent: 5000 msg/s, confirmed: 5000 msg/s, nacked: 0 msg/s, received: 5001 msg/s, min/median/75th/95th/99th/max consumer latency: 221/437/551/18537/41401/42540 µs, confirm latency: 201/400/499/10307/35625/41208 µs
id: test-145325-201, time 15.000 s, sent: 5005 msg/s, confirmed: 5005 msg/s, nacked: 0 msg/s, received: 5005 msg/s, min/median/75th/95th/99th/max consumer latency: 208/386/465/7341/12843/16209 µs, confirm latency: 185/348/413/824/11762/15150 µs
id: test-145325-201, time 16.000 s, sent: 5000 msg/s, confirmed: 4997 msg/s, nacked: 0 msg/s, received: 4997 msg/s, min/median/75th/95th/99th/max consumer latency: 200/406/585/17521/37662/41888 µs, confirm latency: 179/367/489/10244/38091/41470 µs
id: test-145325-201, time 17.000 s, sent: 5000 msg/s, confirmed: 5003 msg/s, nacked: 0 msg/s, received: 5003 msg/s, min/median/75th/95th/99th/max consumer latency: 241/525/674/4776/9941/13340 µs, confirm latency: 216/483/615/849/8989/12452 µs
id: test-145325-201, time 18.000 s, sent: 5000 msg/s, confirmed: 5001 msg/s, nacked: 0 msg/s, received: 5000 msg/s, min/median/75th/95th/99th/max consumer latency: 205/430/578/17680/43258/45436 µs, confirm latency: 179/401/510/10449/37937/40568 µs
id: test-145325-201, time 19.000 s, sent: 5005 msg/s, confirmed: 5003 msg/s, nacked: 0 msg/s, received: 5004 msg/s, min/median/75th/95th/99th/max consumer latency: 209/425/515/7654/11646/14030 µs, confirm latency: 184/399/481/3333/10943/14529 µs
id: test-145325-201, time 20.000 s, sent: 5005 msg/s, confirmed: 5006 msg/s, nacked: 0 msg/s, received: 5006 msg/s, min/median/75th/95th/99th/max consumer latency: 205/422/539/15020/35930/42833 µs, confirm latency: 176/388/498/10529/34870/35741 µs
id: test-145325-201, time 21.000 s, sent: 5000 msg/s, confirmed: 5000 msg/s, nacked: 0 msg/s, received: 5000 msg/s, min/median/75th/95th/99th/max consumer latency: 218/421/548/1756/10512/13082 µs, confirm latency: 197/387/493/726/7928/12658 µs
id: test-145325-201, time 22.000 s, sent: 5005 msg/s, confirmed: 5005 msg/s, nacked: 0 msg/s, received: 5005 msg/s, min/median/75th/95th/99th/max consumer latency: 213/547/1119/16112/39481/42066 µs, confirm latency: 189/470/678/10637/33564/35403 µs
id: test-145325-201, time 23.000 s, sent: 5000 msg/s, confirmed: 4999 msg/s, nacked: 0 msg/s, received: 4999 msg/s, min/median/75th/95th/99th/max consumer latency: 193/376/444/761/7878/13606 µs, confirm latency: 174/346/415/571/3330/13365 µs
id: test-145325-201, time 24.000 s, sent: 5005 msg/s, confirmed: 5006 msg/s, nacked: 0 msg/s, received: 5006 msg/s, min/median/75th/95th/99th/max consumer latency: 208/445/577/17891/39737/42381 µs, confirm latency: 196/403/501/10248/33100/44111 µs
id: test-145325-201, time 25.000 s, sent: 5005 msg/s, confirmed: 5006 msg/s, nacked: 0 msg/s, received: 5005 msg/s, min/median/75th/95th/99th/max consumer latency: 202/362/433/7452/12801/15684 µs, confirm latency: 179/336/398/813/9120/12873 µs
test stopped (Reached time limit)
id: test-145325-201, sending rate avg: 5155 msg/s
id: test-145325-201, receiving rate avg: 5155 msg/s
id: test-145325-201, consumer latency min/median/75th/95th/99th/max 204/484/7700/109797/209006/225535 µs
id: test-145325-201, confirm latency min/median/75th/95th/99th/max 194/430/632/10850/37538/293326 µs
