Picked up JAVA_TOOL_OPTIONS: -Xmx3g
id: test-145822-959, starting consumer #0
id: test-145822-959, starting consumer #0, channel #0
id: test-145822-959, starting consumer #1
id: test-145822-959, starting consumer #1, channel #0
id: test-145822-959, starting consumer #2
id: test-145822-959, starting consumer #2, channel #0
id: test-145822-959, starting consumer #3
id: test-145822-959, starting consumer #3, channel #0
id: test-145822-959, starting consumer #4
id: test-145822-959, starting consumer #4, channel #0
id: test-145822-959, starting consumer #5
id: test-145822-959, starting consumer #5, channel #0
id: test-145822-959, starting consumer #6
id: test-145822-959, starting consumer #6, channel #0
id: test-145822-959, starting consumer #7
id: test-145822-959, starting consumer #7, channel #0
id: test-145822-959, starting consumer #8
id: test-145822-959, starting consumer #8, channel #0
id: test-145822-959, starting consumer #9
id: test-145822-959, starting consumer #9, channel #0
id: test-145822-959, starting consumer #10
id: test-145822-959, starting consumer #10, channel #0
id: test-145822-959, starting consumer #11
id: test-145822-959, starting consumer #11, channel #0
id: test-145822-959, starting consumer #12
id: test-145822-959, starting consumer #12, channel #0
id: test-145822-959, starting consumer #13
id: test-145822-959, starting consumer #13, channel #0
id: test-145822-959, starting consumer #14
id: test-145822-959, starting consumer #14, channel #0
id: test-145822-959, starting consumer #15
id: test-145822-959, starting consumer #15, channel #0
id: test-145822-959, starting consumer #16
id: test-145822-959, starting consumer #16, channel #0
id: test-145822-959, starting consumer #17
id: test-145822-959, starting consumer #17, channel #0
id: test-145822-959, starting consumer #18
id: test-145822-959, starting consumer #18, channel #0
id: test-145822-959, starting consumer #19
id: test-145822-959, starting consumer #19, channel #0
id: test-145822-959, starting consumer #20
id: test-145822-959, starting consumer #20, channel #0
id: test-145822-959, starting consumer #21
id: test-145822-959, starting consumer #21, channel #0
id: test-145822-959, starting consumer #22
id: test-145822-959, starting consumer #22, channel #0
id: test-145822-959, starting consumer #23
id: test-145822-959, starting consumer #23, channel #0
id: test-145822-959, starting consumer #24
id: test-145822-959, starting consumer #24, channel #0
id: test-145822-959, starting consumer #25
id: test-145822-959, starting consumer #25, channel #0
id: test-145822-959, starting consumer #26
id: test-145822-959, starting consumer #26, channel #0
id: test-145822-959, starting consumer #27
id: test-145822-959, starting consumer #27, channel #0
id: test-145822-959, starting consumer #28
id: test-145822-959, starting consumer #28, channel #0
id: test-145822-959, starting consumer #29
id: test-145822-959, starting consumer #29, channel #0
id: test-145822-959, starting consumer #30
id: test-145822-959, starting consumer #30, channel #0
id: test-145822-959, starting consumer #31
id: test-145822-959, starting consumer #31, channel #0
id: test-145822-959, starting consumer #32
id: test-145822-959, starting consumer #32, channel #0
id: test-145822-959, starting consumer #33
id: test-145822-959, starting consumer #33, channel #0
id: test-145822-959, starting consumer #34
id: test-145822-959, starting consumer #34, channel #0
id: test-145822-959, starting consumer #35
id: test-145822-959, starting consumer #35, channel #0
id: test-145822-959, starting consumer #36
id: test-145822-959, starting consumer #36, channel #0
id: test-145822-959, starting consumer #37
id: test-145822-959, starting consumer #37, channel #0
id: test-145822-959, starting consumer #38
id: test-145822-959, starting consumer #38, channel #0
id: test-145822-959, starting consumer #39
id: test-145822-959, starting consumer #39, channel #0
id: test-145822-959, starting consumer #40
id: test-145822-959, starting consumer #40, channel #0
id: test-145822-959, starting consumer #41
id: test-145822-959, starting consumer #41, channel #0
id: test-145822-959, starting consumer #42
id: test-145822-959, starting consumer #42, channel #0
id: test-145822-959, starting consumer #43
id: test-145822-959, starting consumer #43, channel #0
id: test-145822-959, starting consumer #44
id: test-145822-959, starting consumer #44, channel #0
id: test-145822-959, starting consumer #45
id: test-145822-959, starting consumer #45, channel #0
id: test-145822-959, starting consumer #46
id: test-145822-959, starting consumer #46, channel #0
id: test-145822-959, starting consumer #47
id: test-145822-959, starting consumer #47, channel #0
id: test-145822-959, starting consumer #48
id: test-145822-959, starting consumer #48, channel #0
id: test-145822-959, starting consumer #49
id: test-145822-959, starting consumer #49, channel #0
id: test-145822-959, starting consumer #50
id: test-145822-959, starting consumer #50, channel #0
id: test-145822-959, starting consumer #51
id: test-145822-959, starting consumer #51, channel #0
id: test-145822-959, starting consumer #52
id: test-145822-959, starting consumer #52, channel #0
id: test-145822-959, starting consumer #53
id: test-145822-959, starting consumer #53, channel #0
id: test-145822-959, starting consumer #54
id: test-145822-959, starting consumer #54, channel #0
id: test-145822-959, starting consumer #55
id: test-145822-959, starting consumer #55, channel #0
id: test-145822-959, starting consumer #56
id: test-145822-959, starting consumer #56, channel #0
id: test-145822-959, starting consumer #57
id: test-145822-959, starting consumer #57, channel #0
id: test-145822-959, starting consumer #58
id: test-145822-959, starting consumer #58, channel #0
id: test-145822-959, starting consumer #59
id: test-145822-959, starting consumer #59, channel #0
id: test-145822-959, starting consumer #60
id: test-145822-959, starting consumer #60, channel #0
id: test-145822-959, starting consumer #61
id: test-145822-959, starting consumer #61, channel #0
id: test-145822-959, starting consumer #62
id: test-145822-959, starting consumer #62, channel #0
id: test-145822-959, starting consumer #63
id: test-145822-959, starting consumer #63, channel #0
id: test-145822-959, starting producer #0
id: test-145822-959, starting producer #0, channel #0
id: test-145822-959, starting producer #1
id: test-145822-959, starting producer #1, channel #0
id: test-145822-959, starting producer #2
id: test-145822-959, starting producer #2, channel #0
id: test-145822-959, starting producer #3
id: test-145822-959, starting producer #3, channel #0
id: test-145822-959, starting producer #4
id: test-145822-959, starting producer #4, channel #0
id: test-145822-959, starting producer #5
id: test-145822-959, starting producer #5, channel #0
id: test-145822-959, starting producer #6
id: test-145822-959, starting producer #6, channel #0
id: test-145822-959, starting producer #7
id: test-145822-959, starting producer #7, channel #0
id: test-145822-959, starting producer #8
id: test-145822-959, starting producer #8, channel #0
id: test-145822-959, starting producer #9
id: test-145822-959, starting producer #9, channel #0
id: test-145822-959, starting producer #10
id: test-145822-959, starting producer #10, channel #0
id: test-145822-959, starting producer #11
id: test-145822-959, starting producer #11, channel #0
id: test-145822-959, starting producer #12
id: test-145822-959, starting producer #12, channel #0
id: test-145822-959, starting producer #13
id: test-145822-959, starting producer #13, channel #0
id: test-145822-959, starting producer #14
id: test-145822-959, starting producer #14, channel #0
id: test-145822-959, starting producer #15
id: test-145822-959, starting producer #15, channel #0
id: test-145822-959, starting producer #16
id: test-145822-959, starting producer #16, channel #0
id: test-145822-959, starting producer #17
id: test-145822-959, starting producer #17, channel #0
id: test-145822-959, starting producer #18
id: test-145822-959, starting producer #18, channel #0
id: test-145822-959, starting producer #19
id: test-145822-959, starting producer #19, channel #0
id: test-145822-959, starting producer #20
id: test-145822-959, starting producer #20, channel #0
id: test-145822-959, starting producer #21
id: test-145822-959, starting producer #21, channel #0
id: test-145822-959, starting producer #22
id: test-145822-959, starting producer #22, channel #0
id: test-145822-959, starting producer #23
id: test-145822-959, starting producer #23, channel #0
id: test-145822-959, starting producer #24
id: test-145822-959, starting producer #24, channel #0
id: test-145822-959, starting producer #25
id: test-145822-959, starting producer #25, channel #0
id: test-145822-959, starting producer #26
id: test-145822-959, starting producer #26, channel #0
id: test-145822-959, starting producer #27
id: test-145822-959, starting producer #27, channel #0
id: test-145822-959, starting producer #28
id: test-145822-959, starting producer #28, channel #0
id: test-145822-959, starting producer #29
id: test-145822-959, starting producer #29, channel #0
id: test-145822-959, starting producer #30
id: test-145822-959, starting producer #30, channel #0
id: test-145822-959, starting producer #31
id: test-145822-959, starting producer #31, channel #0
id: test-145822-959, starting producer #32
id: test-145822-959, starting producer #32, channel #0
id: test-145822-959, starting producer #33
id: test-145822-959, starting producer #33, channel #0
id: test-145822-959, starting producer #34
id: test-145822-959, starting producer #34, channel #0
id: test-145822-959, starting producer #35
id: test-145822-959, starting producer #35, channel #0
id: test-145822-959, starting producer #36
id: test-145822-959, starting producer #36, channel #0
id: test-145822-959, starting producer #37
id: test-145822-959, starting producer #37, channel #0
id: test-145822-959, starting producer #38
id: test-145822-959, starting producer #38, channel #0
id: test-145822-959, starting producer #39
id: test-145822-959, starting producer #39, channel #0
id: test-145822-959, starting producer #40
id: test-145822-959, starting producer #40, channel #0
id: test-145822-959, starting producer #41
id: test-145822-959, starting producer #41, channel #0
id: test-145822-959, starting producer #42
id: test-145822-959, starting producer #42, channel #0
id: test-145822-959, starting producer #43
id: test-145822-959, starting producer #43, channel #0
id: test-145822-959, starting producer #44
id: test-145822-959, starting producer #44, channel #0
id: test-145822-959, starting producer #45
id: test-145822-959, starting producer #45, channel #0
id: test-145822-959, starting producer #46
id: test-145822-959, starting producer #46, channel #0
id: test-145822-959, starting producer #47
id: test-145822-959, starting producer #47, channel #0
id: test-145822-959, starting producer #48
id: test-145822-959, starting producer #48, channel #0
id: test-145822-959, starting producer #49
id: test-145822-959, starting producer #49, channel #0
id: test-145822-959, starting producer #50
id: test-145822-959, starting producer #50, channel #0
id: test-145822-959, starting producer #51
id: test-145822-959, starting producer #51, channel #0
id: test-145822-959, starting producer #52
id: test-145822-959, starting producer #52, channel #0
id: test-145822-959, starting producer #53
id: test-145822-959, starting producer #53, channel #0
id: test-145822-959, starting producer #54
id: test-145822-959, starting producer #54, channel #0
id: test-145822-959, starting producer #55
id: test-145822-959, starting producer #55, channel #0
id: test-145822-959, starting producer #56
id: test-145822-959, starting producer #56, channel #0
id: test-145822-959, starting producer #57
id: test-145822-959, starting producer #57, channel #0
id: test-145822-959, starting producer #58
id: test-145822-959, starting producer #58, channel #0
id: test-145822-959, starting producer #59
id: test-145822-959, starting producer #59, channel #0
id: test-145822-959, starting producer #60
id: test-145822-959, starting producer #60, channel #0
id: test-145822-959, starting producer #61
id: test-145822-959, starting producer #61, channel #0
id: test-145822-959, starting producer #62
id: test-145822-959, starting producer #62, channel #0
id: test-145822-959, starting producer #63
id: test-145822-959, starting producer #63, channel #0
id: test-145822-959, time 1.000 s, sent: 78510 msg/s, confirmed: 65710 msg/s, nacked: 0 msg/s, received: 65710 msg/s, min/median/75th/95th/99th/max consumer latency: 7607/169792/199525/253668/300352/385388 µs, confirm latency: 8913/145170/168988/220491/319322/433539 µs
id: test-145822-959, time 2.000 s, sent: 65756 msg/s, confirmed: 65756 msg/s, nacked: 0 msg/s, received: 64158 msg/s, min/median/75th/95th/99th/max consumer latency: 152645/188632/229746/269161/292063/298793 µs, confirm latency: 138901/171202/216304/258362/280622/283395 µs
id: test-145822-959, time 3.000 s, sent: 65682 msg/s, confirmed: 65682 msg/s, nacked: 0 msg/s, received: 67279 msg/s, min/median/75th/95th/99th/max consumer latency: 150498/186832/229682/254977/263118/270486 µs, confirm latency: 146469/171218/219561/246974/250866/252926 µs
id: test-145822-959, time 4.002 s, sent: 63764 msg/s, confirmed: 65566 msg/s, nacked: 0 msg/s, received: 61707 msg/s, min/median/75th/95th/99th/max consumer latency: 162268/200193/232399/263114/272134/287329 µs, confirm latency: 162726/192827/225186/252287/255734/257701 µs
id: test-145822-959, time 5.000 s, sent: 63819 msg/s, confirmed: 62008 msg/s, nacked: 0 msg/s, received: 65886 msg/s, min/median/75th/95th/99th/max consumer latency: 161496/189825/235035/256644/268807/277503 µs, confirm latency: 154319/176636/226511/244766/255819/257929 µs
id: test-145822-959, time 6.000 s, sent: 65754 msg/s, confirmed: 65754 msg/s, nacked: 0 msg/s, received: 63734 msg/s, min/median/75th/95th/99th/max consumer latency: 170526/197748/237127/273865/286117/290021 µs, confirm latency: 166901/195636/230457/265691/269794/271787 µs
id: test-145822-959, time 7.000 s, sent: 61829 msg/s, confirmed: 61829 msg/s, nacked: 0 msg/s, received: 63847 msg/s, min/median/75th/95th/99th/max consumer latency: 171670/199556/235902/265791/280364/290019 µs, confirm latency: 165836/186358/228385/255891/264551/266296 µs
id: test-145822-959, time 8.001 s, sent: 61829 msg/s, confirmed: 61829 msg/s, nacked: 0 msg/s, received: 61829 msg/s, min/median/75th/95th/99th/max consumer latency: 169823/206280/241221/274473/284790/292768 µs, confirm latency: 164889/195752/228014/265146/272324/273613 µs
id: test-145822-959, time 9.001 s, sent: 65694 msg/s, confirmed: 65694 msg/s, nacked: 0 msg/s, received: 65694 msg/s, min/median/75th/95th/99th/max consumer latency: 166395/189159/232562/256268/267765/272848 µs, confirm latency: 163394/176648/225157/249685/253111/254523 µs
id: test-145822-959, time 10.000 s, sent: 61883 msg/s, confirmed: 61883 msg/s, nacked: 0 msg/s, received: 61883 msg/s, min/median/75th/95th/99th/max consumer latency: 163750/208396/238717/281864/296390/300574 µs, confirm latency: 159300/198727/227998/272793/278520/280231 µs
id: test-145822-959, time 11.000 s, sent: 65750 msg/s, confirmed: 65750 msg/s, nacked: 0 msg/s, received: 65750 msg/s, min/median/75th/95th/99th/max consumer latency: 162281/192636/237374/265382/284195/295218 µs, confirm latency: 156835/179175/228607/252999/273798/277233 µs
id: test-145822-959, time 12.000 s, sent: 61832 msg/s, confirmed: 61832 msg/s, nacked: 0 msg/s, received: 61832 msg/s, min/median/75th/95th/99th/max consumer latency: 170740/204647/236590/266577/275883/280962 µs, confirm latency: 165575/192133/227889/252668/262330/264576 µs
id: test-145822-959, time 13.000 s, sent: 65756 msg/s, confirmed: 65756 msg/s, nacked: 0 msg/s, received: 64957 msg/s, min/median/75th/95th/99th/max consumer latency: 160949/200574/235613/275649/285958/291353 µs, confirm latency: 156151/185185/225867/264272/266620/268398 µs
id: test-145822-959, time 14.000 s, sent: 61830 msg/s, confirmed: 61830 msg/s, nacked: 0 msg/s, received: 61607 msg/s, min/median/75th/95th/99th/max consumer latency: 172477/205983/242889/283736/297216/304410 µs, confirm latency: 170189/183074/231684/275922/285118/288486 µs
id: test-145822-959, time 15.001 s, sent: 57965 msg/s, confirmed: 57965 msg/s, nacked: 0 msg/s, received: 58986 msg/s, min/median/75th/95th/99th/max consumer latency: 175208/211176/259614/317130/331489/334401 µs, confirm latency: 171639/198507/248357/309692/314407/316214 µs
id: test-145822-959, time 16.001 s, sent: 65313 msg/s, confirmed: 65557 msg/s, nacked: 0 msg/s, received: 62782 msg/s, min/median/75th/95th/99th/max consumer latency: 153383/189203/238405/258928/306537/313857 µs, confirm latency: 147835/179562/225057/248122/270443/275006 µs
id: test-145822-959, time 17.000 s, sent: 66192 msg/s, confirmed: 65947 msg/s, nacked: 0 msg/s, received: 68728 msg/s, min/median/75th/95th/99th/max consumer latency: 150601/187075/232680/260084/288412/295246 µs, confirm latency: 146160/171745/223982/247515/277703/283717 µs
id: test-145822-959, time 18.060 s, sent: 58389 msg/s, confirmed: 58389 msg/s, nacked: 0 msg/s, received: 56385 msg/s, min/median/75th/95th/99th/max consumer latency: 167612/198934/244567/261784/269742/346469 µs, confirm latency: 163992/185606/235109/247484/251403/252784 µs
id: test-145822-959, time 19.000 s, sent: 53427 msg/s, confirmed: 53427 msg/s, nacked: 0 msg/s, received: 54446 msg/s, min/median/75th/95th/99th/max consumer latency: 184461/245839/308524/419964/429144/439912 µs, confirm latency: 179823/230808/303584/408931/418266/420095 µs
id: test-145822-959, time 20.000 s, sent: 54098 msg/s, confirmed: 54098 msg/s, nacked: 0 msg/s, received: 55262 msg/s, min/median/75th/95th/99th/max consumer latency: 166311/236105/260272/312593/326729/338936 µs, confirm latency: 159427/220123/250348/295463/313557/322246 µs
id: test-145822-959, time 21.000 s, sent: 54163 msg/s, confirmed: 54163 msg/s, nacked: 0 msg/s, received: 54163 msg/s, min/median/75th/95th/99th/max consumer latency: 182698/237397/271251/335086/352356/357007 µs, confirm latency: 179679/217262/256040/318115/330527/334128 µs
id: test-145822-959, time 22.000 s, sent: 65688 msg/s, confirmed: 65688 msg/s, nacked: 0 msg/s, received: 65688 msg/s, min/median/75th/95th/99th/max consumer latency: 161865/194020/237407/261733/271345/279397 µs, confirm latency: 153198/178855/229348/253352/257329/258205 µs
id: test-145822-959, time 23.000 s, sent: 61885 msg/s, confirmed: 61885 msg/s, nacked: 0 msg/s, received: 61592 msg/s, min/median/75th/95th/99th/max consumer latency: 175373/208469/246423/274386/288657/295466 µs, confirm latency: 169465/192892/232605/259280/272325/274736 µs
id: test-145822-959, time 24.000 s, sent: 65690 msg/s, confirmed: 65690 msg/s, nacked: 0 msg/s, received: 64322 msg/s, min/median/75th/95th/99th/max consumer latency: 172963/192220/238633/255558/265769/269581 µs, confirm latency: 167650/177013/229363/247304/249146/250644 µs
id: test-145822-959, time 25.000 s, sent: 61894 msg/s, confirmed: 61894 msg/s, nacked: 0 msg/s, received: 62558 msg/s, min/median/75th/95th/99th/max consumer latency: 170650/202949/241418/285734/296869/301125 µs, confirm latency: 165610/192834/229033/274946/279273/280742 µs
test stopped (Reached time limit)
id: test-145822-959, sending rate avg: 62138 msg/s
id: test-145822-959, receiving rate avg: 62652 msg/s
id: test-145822-959, consumer latency min/median/75th/95th/99th/max 78341/202561/242999/285795/335202/432985 µs
id: test-145822-959, confirm latency min/median/75th/95th/99th/max 52654/191354/228637/270092/339629/418606 µs
