Picked up JAVA_TOOL_OPTIONS: -Xmx3g
id: test-150044-609, starting consumer #0
id: test-150044-609, starting consumer #0, channel #0
id: test-150044-609, starting consumer #1
id: test-150044-609, starting consumer #1, channel #0
id: test-150044-609, starting consumer #2
id: test-150044-609, starting consumer #2, channel #0
id: test-150044-609, starting consumer #3
id: test-150044-609, starting consumer #3, channel #0
id: test-150044-609, time 1.000 s, received: 711 msg/s, min/median/75th/95th/99th/max consumer latency: 5729256/6230565/6478466/6667392/6702305/6711764 µs
id: test-150044-609, time 2.000 s, received: 716 msg/s, min/median/75th/95th/99th/max consumer latency: 6716172/7188809/7445509/7649713/7686793/7696059 µs
id: test-150044-609, time 3.002 s, received: 736 msg/s, min/median/75th/95th/99th/max consumer latency: 7698499/8182557/8443394/8634021/8675374/8684629 µs
id: test-150044-609, time 4.000 s, received: 714 msg/s, min/median/75th/95th/99th/max consumer latency: 8685895/9154252/9384707/9624968/9663864/9673239 µs
id: test-150044-609, time 5.000 s, received: 745 msg/s, min/median/75th/95th/99th/max consumer latency: 9674696/10162732/10399286/10609038/10650863/10658660 µs
id: test-150044-609, time 6.000 s, received: 736 msg/s, min/median/75th/95th/99th/max consumer latency: 10660307/11150404/11389625/11582048/11647383/11647404 µs
id: test-150044-609, time 7.001 s, received: 751 msg/s, min/median/75th/95th/99th/max consumer latency: 11651284/12157766/12397242/12591966/12630173/12639315 µs
id: test-150044-609, time 8.000 s, received: 746 msg/s, min/median/75th/95th/99th/max consumer latency: 12642041/13148771/13392986/13580878/13619358/13628435 µs
id: test-150044-609, time 9.001 s, received: 698 msg/s, min/median/75th/95th/99th/max consumer latency: 13629867/14145539/14395058/14571695/14608440/14616313 µs
id: test-150044-609, time 10.000 s, received: 736 msg/s, min/median/75th/95th/99th/max consumer latency: 14620137/15124143/15370186/15563395/15597731/15603105 µs
id: test-150044-609, time 11.000 s, received: 728 msg/s, min/median/75th/95th/99th/max consumer latency: 15604437/16121590/16358105/16550130/16588003/16597073 µs
id: test-150044-609, time 12.000 s, received: 738 msg/s, min/median/75th/95th/99th/max consumer latency: 16598387/17098358/17342273/17538744/17575780/17584801 µs
id: test-150044-609, time 13.000 s, received: 721 msg/s, min/median/75th/95th/99th/max consumer latency: 17586826/18086154/18337725/18526172/18563018/18572165 µs
id: test-150044-609, time 14.000 s, received: 750 msg/s, min/median/75th/95th/99th/max consumer latency: 18574191/19055716/19318172/19510723/19549334/19558322 µs
id: test-150044-609, time 15.000 s, received: 747 msg/s, min/median/75th/95th/99th/max consumer latency: 19562098/20055243/20302946/20498415/20536236/20545088 µs
id: test-150044-609, time 16.000 s, received: 751 msg/s, min/median/75th/95th/99th/max consumer latency: 20546726/21031079/21273095/21486385/21524121/21533302 µs
id: test-150044-609, time 17.000 s, received: 734 msg/s, min/median/75th/95th/99th/max consumer latency: 21534817/22044147/22272330/22476779/22515256/22524190 µs
id: test-150044-609, time 18.000 s, received: 776 msg/s, min/median/75th/95th/99th/max consumer latency: 22525569/23020934/23258440/23453332/23494940/23506152 µs
id: test-150044-609, time 19.000 s, received: 743 msg/s, min/median/75th/95th/99th/max consumer latency: 23511271/24035153/24263877/24451514/24488444/24497248 µs
id: test-150044-609, time 20.000 s, received: 750 msg/s, min/median/75th/95th/99th/max consumer latency: 24498583/25015938/25249329/25438822/25476668/25485438 µs
id: test-150044-609, time 21.000 s, received: 759 msg/s, min/median/75th/95th/99th/max consumer latency: 25489111/26001341/26239929/26425129/26464755/26473707 µs
id: test-150044-609, time 22.000 s, received: 775 msg/s, min/median/75th/95th/99th/max consumer latency: 26475199/26982001/27225756/27412557/27452463/27461175 µs
id: test-150044-609, time 23.000 s, received: 763 msg/s, min/median/75th/95th/99th/max consumer latency: 27462855/27978518/28217709/28402393/28441048/28449706 µs
id: test-150044-609, time 24.001 s, received: 777 msg/s, min/median/75th/95th/99th/max consumer latency: 28450993/28960767/29202560/29390196/29428238/29437601 µs
id: test-150044-609, time 25.000 s, received: 752 msg/s, min/median/75th/95th/99th/max consumer latency: 29439578/29945398/30198945/30387480/30417362/30426199 µs
id: test-150044-609, time 26.001 s, received: 777 msg/s, min/median/75th/95th/99th/max consumer latency: 30427609/30925303/31182565/31375360/31413587/31422333 µs
id: test-150044-609, time 27.001 s, received: 761 msg/s, min/median/75th/95th/99th/max consumer latency: 31417838/31899807/32177682/32365586/32404093/32412382 µs
id: test-150044-609, time 28.001 s, received: 784 msg/s, min/median/75th/95th/99th/max consumer latency: 32413744/32899508/33141559/33352107/33391792/33399500 µs
id: test-150044-609, time 29.000 s, received: 768 msg/s, min/median/75th/95th/99th/max consumer latency: 33400888/33874268/34131093/34335178/34377032/34386300 µs
id: test-150044-609, time 30.000 s, received: 797 msg/s, min/median/75th/95th/99th/max consumer latency: 34387578/34876876/35122672/35318806/35362045/35375386 µs
id: test-150044-609, time 31.002 s, received: 780 msg/s, min/median/75th/95th/99th/max consumer latency: 35376733/35862460/36128184/36318819/36357591/36365108 µs
id: test-150044-609, time 32.000 s, received: 796 msg/s, min/median/75th/95th/99th/max consumer latency: 36366418/36865001/37109581/37302979/37343464/37352032 µs
id: test-150044-609, time 33.002 s, received: 775 msg/s, min/median/75th/95th/99th/max consumer latency: 37353417/37841616/38104075/38294442/38332917/38341635 µs
id: test-150044-609, time 34.000 s, received: 799 msg/s, min/median/75th/95th/99th/max consumer latency: 38343243/38842296/39085662/39279959/39320215/39328825 µs
id: test-150044-609, time 35.002 s, received: 747 msg/s, min/median/75th/95th/99th/max consumer latency: 39330187/39796305/40024408/40266887/40308606/40319017 µs
id: test-150044-609, time 36.000 s, received: 794 msg/s, min/median/75th/95th/99th/max consumer latency: 40320355/40814528/41058855/41256229/41296013/41303682 µs
id: test-150044-609, time 37.000 s, received: 784 msg/s, min/median/75th/95th/99th/max consumer latency: 41305878/41781766/42037658/42245162/42284293/42292750 µs
id: test-150044-609, time 38.000 s, received: 804 msg/s, min/median/75th/95th/99th/max consumer latency: 42294065/42778791/43039749/43234004/43272133/43280650 µs
id: test-150044-609, time 39.000 s, received: 788 msg/s, min/median/75th/95th/99th/max consumer latency: 43281950/43753423/43999583/44220845/44260995/44269525 µs
id: test-150044-609, time 40.000 s, received: 811 msg/s, min/median/75th/95th/99th/max consumer latency: 44270880/44751470/44994562/45208257/45247000/45256472 µs
id: test-150044-609, time 41.000 s, received: 789 msg/s, min/median/75th/95th/99th/max consumer latency: 45257681/45726362/45963521/46160262/46231888/46245726 µs
id: test-150044-609, time 42.001 s, received: 832 msg/s, min/median/75th/95th/99th/max consumer latency: 46247021/46740197/46988912/47185118/47224387/47233864 µs
id: test-150044-609, time 43.014 s, received: 794 msg/s, min/median/75th/95th/99th/max consumer latency: 47235072/47724621/47966285/48157223/48195828/48212320 µs
id: test-150044-609, time 44.000 s, received: 806 msg/s, min/median/75th/95th/99th/max consumer latency: 48244728/48732974/48973463/49162522/49202060/49210365 µs
id: test-150044-609, time 45.000 s, received: 817 msg/s, min/median/75th/95th/99th/max consumer latency: 49211621/49708532/49953232/50149610/50189395/50199027 µs
id: test-150044-609, time 46.000 s, received: 802 msg/s, min/median/75th/95th/99th/max consumer latency: 50200281/50707409/50948290/51138541/51178150/51185509 µs
id: test-150044-609, time 47.000 s, received: 799 msg/s, min/median/75th/95th/99th/max consumer latency: 51186686/51679474/51922147/52125232/52164359/52174207 µs
id: test-150044-609, time 48.001 s, received: 801 msg/s, min/median/75th/95th/99th/max consumer latency: 52175555/52675470/52927642/53116141/53154765/53164650 µs
id: test-150044-609, time 49.000 s, received: 767 msg/s, min/median/75th/95th/99th/max consumer latency: 53165908/53667357/53916709/54105805/54142973/54151551 µs
id: test-150044-609, time 50.000 s, received: 783 msg/s, min/median/75th/95th/99th/max consumer latency: 54152801/54660220/54910741/55094016/55131797/55139858 µs
id: test-150044-609, time 51.000 s, received: 824 msg/s, min/median/75th/95th/99th/max consumer latency: 55141046/55626149/55871866/56079652/56118602/56128055 µs
id: test-150044-609, time 52.000 s, received: 811 msg/s, min/median/75th/95th/99th/max consumer latency: 56129235/56632247/56865654/57070576/57106296/57115382 µs
id: test-150044-609, time 53.000 s, received: 829 msg/s, min/median/75th/95th/99th/max consumer latency: 57116599/57595587/57853815/58047117/58094395/58105071 µs
id: test-150044-609, time 54.000 s, received: 786 msg/s, min/median/75th/95th/99th/max consumer latency: 58106237/58635431/58867747/59048045/59083712/59091853 µs
id: test-150044-609, time 55.000 s, received: 851 msg/s, min/median/75th/95th/99th/max consumer latency: 59093054/59591429/59835927/60032618/60070523/60079954 µs
id: test-150044-609, time 56.000 s, received: 838 msg/s, min/median/75th/95th/99th/max consumer latency: 60081218/60592393/60831584/61021086/61059353/61068270 µs
id: test-150044-609, time 57.000 s, received: 827 msg/s, min/median/75th/95th/99th/max consumer latency: 61069514/61558852/61820927/62009921/62046358/62055384 µs
id: test-150044-609, time 58.000 s, received: 830 msg/s, min/median/75th/95th/99th/max consumer latency: 62056545/62555218/62801010/62998066/63033950/63043300 µs
id: test-150044-609, time 59.000 s, received: 823 msg/s, min/median/75th/95th/99th/max consumer latency: 63044547/63562191/63802708/63986128/64023080/64032364 µs
id: test-150044-609, time 60.000 s, received: 824 msg/s, min/median/75th/95th/99th/max consumer latency: 64034031/64540992/64788744/64974017/65009980/65019920 µs
id: test-150044-609, time 61.000 s, received: 867 msg/s, min/median/75th/95th/99th/max consumer latency: 65021131/65505065/65765157/65959633/65989808/65998868 µs
id: test-150044-609, time 62.000 s, received: 857 msg/s, min/median/75th/95th/99th/max consumer latency: 65999984/66482521/66742130/66940425/66978997/66987869 µs
id: test-150044-609, time 63.000 s, received: 856 msg/s, min/median/75th/95th/99th/max consumer latency: 66989105/67489498/67727423/67928970/67966629/67975604 µs
id: test-150044-609, time 64.000 s, received: 849 msg/s, min/median/75th/95th/99th/max consumer latency: 67976855/68453243/68722244/68902379/68953921/68963971 µs
id: test-150044-609, time 65.000 s, received: 885 msg/s, min/median/75th/95th/99th/max consumer latency: 68965122/69461149/69698449/69903104/69944005/69952808 µs
id: test-150044-609, time 66.000 s, received: 826 msg/s, min/median/75th/95th/99th/max consumer latency: 69954027/70450072/70708097/70888126/70926152/70935126 µs
id: test-150044-609, time 67.000 s, received: 877 msg/s, min/median/75th/95th/99th/max consumer latency: 70936267/71443349/71683607/71866648/71905515/71914261 µs
id: test-150044-609, time 68.000 s, received: 849 msg/s, min/median/75th/95th/99th/max consumer latency: 71915409/72406154/72674337/72855742/72893701/72902481 µs
id: test-150044-609, time 69.000 s, received: 890 msg/s, min/median/75th/95th/99th/max consumer latency: 72903591/73410046/73645597/73840737/73881128/73890293 µs
id: test-150044-609, time 70.000 s, received: 742 msg/s, min/median/75th/95th/99th/max consumer latency: 73891469/74410296/74624056/74839871/74871417/74879003 µs
id: test-150044-609, time 71.001 s, received: 902 msg/s, min/median/75th/95th/99th/max consumer latency: 74880166/75373252/75624210/75819690/75858576/75867342 µs
id: test-150044-609, time 72.000 s, received: 891 msg/s, min/median/75th/95th/99th/max consumer latency: 75868516/76351028/76599210/76806091/76844877/76853561 µs
id: test-150044-609, time 73.001 s, received: 870 msg/s, min/median/75th/95th/99th/max consumer latency: 76854649/77359078/77610922/77795502/77833362/77841871 µs
id: test-150044-609, time 74.000 s, received: 869 msg/s, min/median/75th/95th/99th/max consumer latency: 77842938/78315374/78558066/78785223/78822619/78831156 µs
id: test-150044-609, time 75.000 s, received: 894 msg/s, min/median/75th/95th/99th/max consumer latency: 78832267/79319331/79559746/79771976/79809271/79817820 µs
id: test-150044-609, time 76.000 s, received: 886 msg/s, min/median/75th/95th/99th/max consumer latency: 79818898/80296538/80531563/80721240/80794124/80804014 µs
id: test-150044-609, time 77.000 s, received: 854 msg/s, min/median/75th/95th/99th/max consumer latency: 80805108/81287480/81530803/81723901/81774070/81793167 µs
id: test-150044-609, time 78.000 s, received: 922 msg/s, min/median/75th/95th/99th/max consumer latency: 81794526/82298923/82539603/82725738/82763632/82773119 µs
id: test-150044-609, time 79.000 s, received: 910 msg/s, min/median/75th/95th/99th/max consumer latency: 82786424/83293926/83533870/83714592/83752007/83761455 µs
id: test-150044-609, time 80.003 s, received: 916 msg/s, min/median/75th/95th/99th/max consumer latency: 83762514/84262248/84491621/84700635/84738669/84751068 µs
id: test-150044-609, time 81.000 s, received: 899 msg/s, min/median/75th/95th/99th/max consumer latency: 84756782/85280291/85507888/85692934/85729604/85737969 µs
id: test-150044-609, time 82.000 s, received: 907 msg/s, min/median/75th/95th/99th/max consumer latency: 85739062/86219919/86466424/86668290/86716599/86724694 µs
id: test-150044-609, time 83.000 s, received: 924 msg/s, min/median/75th/95th/99th/max consumer latency: 86725790/87217212/87476503/87664964/87702563/87711960 µs
id: test-150044-609, time 84.000 s, received: 947 msg/s, min/median/75th/95th/99th/max consumer latency: 87713009/88197478/88457524/88649800/88691208/88700408 µs
id: test-150044-609, time 85.000 s, received: 911 msg/s, min/median/75th/95th/99th/max consumer latency: 88701539/89189075/89445985/89631643/89668169/89677252 µs
id: test-150044-609, time 86.000 s, received: 920 msg/s, min/median/75th/95th/99th/max consumer latency: 89678331/90181016/90422349/90618264/90655430/90664956 µs
id: test-150044-609, time 87.000 s, received: 922 msg/s, min/median/75th/95th/99th/max consumer latency: 90665786/91176180/91402453/91599814/91643714/91653135 µs
id: test-150044-609, time 88.000 s, received: 966 msg/s, min/median/75th/95th/99th/max consumer latency: 91654135/92149971/92390969/92588121/92628214/92639664 µs
id: test-150044-609, time 89.000 s, received: 836 msg/s, min/median/75th/95th/99th/max consumer latency: 92642235/93183693/93416584/93587392/93620946/93631846 µs
id: test-150044-609, time 90.001 s, received: 969 msg/s, min/median/75th/95th/99th/max consumer latency: 93632195/94131985/94377156/94569196/94609389/94618543 µs
id: test-150044-609, time 91.000 s, received: 935 msg/s, min/median/75th/95th/99th/max consumer latency: 94619645/95135393/95369112/95557515/95592970/95598527 µs
id: test-150044-609, time 92.000 s, received: 955 msg/s, min/median/75th/95th/99th/max consumer latency: 95596212/96118811/96356249/96535973/96573914/96582934 µs
id: test-150044-609, time 93.000 s, received: 753 msg/s, min/median/75th/95th/99th/max consumer latency: 96583999/96970893/97384921/97534503/97564809/97571148 µs
id: test-150044-609, time 94.001 s, received: 393 msg/s, min/median/75th/95th/99th/max consumer latency: 97572225/97771167/97872313/97959525/97975241/97978194 µs
test stopped (Reached time limit)
id: test-150044-609, sending rate avg: 0 msg/s
id: test-150044-609, receiving rate avg: 807 msg/s
id: test-150044-609, consumer latency min/median/75th/95th/99th/max 7202048/78868764/89244741/96395574/97647703/97946553 µs
