Picked up JAVA_TOOL_OPTIONS: -Xmx3g
id: test-144432-594, starting consumer #0
id: test-144432-594, starting consumer #0, channel #0
id: test-144432-594, starting consumer #1
id: test-144432-594, starting consumer #1, channel #0
id: test-144432-594, starting consumer #2
id: test-144432-594, starting consumer #2, channel #0
id: test-144432-594, starting consumer #3
id: test-144432-594, starting consumer #3, channel #0
id: test-144432-594, starting producer #0
id: test-144432-594, starting producer #0, channel #0
id: test-144432-594, starting producer #1
id: test-144432-594, starting producer #1, channel #0
id: test-144432-594, starting producer #2
id: test-144432-594, starting producer #2, channel #0
id: test-144432-594, starting producer #3
id: test-144432-594, starting producer #3, channel #0
id: test-144432-594, time 1.000 s, sent: 100922 msg/s, received: 100464 msg/s, min/median/75th/95th/99th/max consumer latency: 59/3949/4788/49319/68518/78136 µs
id: test-144432-594, time 2.000 s, sent: 91434 msg/s, received: 91446 msg/s, min/median/75th/95th/99th/max consumer latency: 3382/5232/7113/35363/52379/54413 µs
id: test-144432-594, time 3.000 s, sent: 89227 msg/s, received: 89228 msg/s, min/median/75th/95th/99th/max consumer latency: 2867/5096/5353/6855/9845/11438 µs
id: test-144432-594, time 4.000 s, sent: 87627 msg/s, received: 84082 msg/s, min/median/75th/95th/99th/max consumer latency: 3982/29767/41798/81893/87566/91647 µs
id: test-144432-594, time 5.000 s, sent: 85831 msg/s, received: 89377 msg/s, min/median/75th/95th/99th/max consumer latency: 4387/6083/28983/54319/97545/103723 µs
id: test-144432-594, time 6.000 s, sent: 85091 msg/s, received: 85081 msg/s, min/median/75th/95th/99th/max consumer latency: 3117/5194/5718/10209/17947/33304 µs
id: test-144432-594, time 7.000 s, sent: 90720 msg/s, received: 90723 msg/s, min/median/75th/95th/99th/max consumer latency: 3362/5039/5315/5889/8882/11328 µs
id: test-144432-594, time 8.000 s, sent: 88294 msg/s, received: 86061 msg/s, min/median/75th/95th/99th/max consumer latency: 3051/25380/34382/74485/78510/80319 µs
id: test-144432-594, time 9.000 s, sent: 83294 msg/s, received: 85535 msg/s, min/median/75th/95th/99th/max consumer latency: 4459/5465/6142/58319/63037/66757 µs
id: test-144432-594, time 10.000 s, sent: 84848 msg/s, received: 84850 msg/s, min/median/75th/95th/99th/max consumer latency: 2373/5153/5842/13703/28426/30787 µs
id: test-144432-594, time 11.000 s, sent: 91887 msg/s, received: 91858 msg/s, min/median/75th/95th/99th/max consumer latency: 3820/4967/5219/6239/9675/10621 µs
id: test-144432-594, time 12.000 s, sent: 89877 msg/s, received: 86436 msg/s, min/median/75th/95th/99th/max consumer latency: 3895/5786/32543/75346/90238/96031 µs
id: test-144432-594, time 13.000 s, sent: 86165 msg/s, received: 89660 msg/s, min/median/75th/95th/99th/max consumer latency: 4381/29443/42416/78204/80364/83905 µs
id: test-144432-594, time 14.000 s, sent: 93637 msg/s, received: 89895 msg/s, min/median/75th/95th/99th/max consumer latency: 3371/5264/27942/48907/74701/98904 µs
id: test-144432-594, time 15.000 s, sent: 84968 msg/s, received: 88661 msg/s, min/median/75th/95th/99th/max consumer latency: 4276/5635/7577/62684/94659/101348 µs
id: test-144432-594, time 16.000 s, sent: 89364 msg/s, received: 89342 msg/s, min/median/75th/95th/99th/max consumer latency: 3597/5016/5264/6794/9988/18808 µs
id: test-144432-594, time 17.000 s, sent: 87694 msg/s, received: 87719 msg/s, min/median/75th/95th/99th/max consumer latency: 3938/5116/5521/6369/10238/11739 µs
id: test-144432-594, time 18.000 s, sent: 92349 msg/s, received: 89423 msg/s, min/median/75th/95th/99th/max consumer latency: 3064/5151/10365/40160/54048/61755 µs
id: test-144432-594, time 19.000 s, sent: 87844 msg/s, received: 90782 msg/s, min/median/75th/95th/99th/max consumer latency: 4334/5220/7386/58434/71479/77510 µs
id: test-144432-594, time 20.000 s, sent: 90235 msg/s, received: 90232 msg/s, min/median/75th/95th/99th/max consumer latency: 3046/5073/6372/20768/28076/32066 µs
id: test-144432-594, time 21.000 s, sent: 93412 msg/s, received: 93392 msg/s, min/median/75th/95th/99th/max consumer latency: 434/4894/5112/5704/8625/10594 µs
id: test-144432-594, time 22.000 s, sent: 92665 msg/s, received: 89283 msg/s, min/median/75th/95th/99th/max consumer latency: 3728/5051/6016/32468/40915/46579 µs
id: test-144432-594, time 23.000 s, sent: 88592 msg/s, received: 91978 msg/s, min/median/75th/95th/99th/max consumer latency: 4432/26625/36304/74445/78174/81035 µs
id: test-144432-594, time 24.000 s, sent: 89343 msg/s, received: 88515 msg/s, min/median/75th/95th/99th/max consumer latency: 2340/5123/5482/11021/21499/23901 µs
id: test-144432-594, time 25.000 s, sent: 86209 msg/s, received: 87023 msg/s, min/median/75th/95th/99th/max consumer latency: 4198/5256/5848/17093/28916/30604 µs
test stopped (Reached time limit)
id: test-144432-594, sending rate avg: 89181 msg/s
id: test-144432-594, receiving rate avg: 89191 msg/s
id: test-144432-594, consumer latency min/median/75th/95th/99th/max 227/5207/7254/42279/76932/90095 µs
