Picked up JAVA_TOOL_OPTIONS: -Xmx3g
id: test-151222-058, starting consumer #0
id: test-151222-058, starting consumer #0, channel #0
id: test-151222-058, starting consumer #1
id: test-151222-058, starting consumer #1, channel #0
id: test-151222-058, starting consumer #2
id: test-151222-058, starting consumer #2, channel #0
id: test-151222-058, starting consumer #3
id: test-151222-058, starting consumer #3, channel #0
id: test-151222-058, starting consumer #4
id: test-151222-058, starting consumer #4, channel #0
id: test-151222-058, starting consumer #5
id: test-151222-058, starting consumer #5, channel #0
id: test-151222-058, starting consumer #6
id: test-151222-058, starting consumer #6, channel #0
id: test-151222-058, starting consumer #7
id: test-151222-058, starting consumer #7, channel #0
id: test-151222-058, starting consumer #8
id: test-151222-058, starting consumer #8, channel #0
id: test-151222-058, starting consumer #9
id: test-151222-058, starting consumer #9, channel #0
id: test-151222-058, starting consumer #10
id: test-151222-058, starting consumer #10, channel #0
id: test-151222-058, starting consumer #11
id: test-151222-058, starting consumer #11, channel #0
id: test-151222-058, starting consumer #12
id: test-151222-058, starting consumer #12, channel #0
id: test-151222-058, starting consumer #13
id: test-151222-058, starting consumer #13, channel #0
id: test-151222-058, starting consumer #14
id: test-151222-058, starting consumer #14, channel #0
id: test-151222-058, starting consumer #15
id: test-151222-058, starting consumer #15, channel #0
id: test-151222-058, starting consumer #16
id: test-151222-058, starting consumer #16, channel #0
id: test-151222-058, starting consumer #17
id: test-151222-058, starting consumer #17, channel #0
id: test-151222-058, starting consumer #18
id: test-151222-058, starting consumer #18, channel #0
id: test-151222-058, starting consumer #19
id: test-151222-058, starting consumer #19, channel #0
id: test-151222-058, starting consumer #20
id: test-151222-058, starting consumer #20, channel #0
id: test-151222-058, starting consumer #21
id: test-151222-058, starting consumer #21, channel #0
id: test-151222-058, starting consumer #22
id: test-151222-058, starting consumer #22, channel #0
id: test-151222-058, starting consumer #23
id: test-151222-058, starting consumer #23, channel #0
id: test-151222-058, starting consumer #24
id: test-151222-058, starting consumer #24, channel #0
id: test-151222-058, starting consumer #25
id: test-151222-058, starting consumer #25, channel #0
id: test-151222-058, starting consumer #26
id: test-151222-058, starting consumer #26, channel #0
id: test-151222-058, starting consumer #27
id: test-151222-058, starting consumer #27, channel #0
id: test-151222-058, starting consumer #28
id: test-151222-058, starting consumer #28, channel #0
id: test-151222-058, starting consumer #29
id: test-151222-058, starting consumer #29, channel #0
id: test-151222-058, starting consumer #30
id: test-151222-058, starting consumer #30, channel #0
id: test-151222-058, starting consumer #31
id: test-151222-058, starting consumer #31, channel #0
id: test-151222-058, starting consumer #32
id: test-151222-058, starting consumer #32, channel #0
id: test-151222-058, starting consumer #33
id: test-151222-058, starting consumer #33, channel #0
id: test-151222-058, starting consumer #34
id: test-151222-058, starting consumer #34, channel #0
id: test-151222-058, starting consumer #35
id: test-151222-058, starting consumer #35, channel #0
id: test-151222-058, starting consumer #36
id: test-151222-058, starting consumer #36, channel #0
id: test-151222-058, starting consumer #37
id: test-151222-058, starting consumer #37, channel #0
id: test-151222-058, starting consumer #38
id: test-151222-058, starting consumer #38, channel #0
id: test-151222-058, starting consumer #39
id: test-151222-058, starting consumer #39, channel #0
id: test-151222-058, starting consumer #40
id: test-151222-058, starting consumer #40, channel #0
id: test-151222-058, starting consumer #41
id: test-151222-058, starting consumer #41, channel #0
id: test-151222-058, starting consumer #42
id: test-151222-058, starting consumer #42, channel #0
id: test-151222-058, starting consumer #43
id: test-151222-058, starting consumer #43, channel #0
id: test-151222-058, starting consumer #44
id: test-151222-058, starting consumer #44, channel #0
id: test-151222-058, starting consumer #45
id: test-151222-058, starting consumer #45, channel #0
id: test-151222-058, starting consumer #46
id: test-151222-058, starting consumer #46, channel #0
id: test-151222-058, starting consumer #47
id: test-151222-058, starting consumer #47, channel #0
id: test-151222-058, starting consumer #48
id: test-151222-058, starting consumer #48, channel #0
id: test-151222-058, starting consumer #49
id: test-151222-058, starting consumer #49, channel #0
id: test-151222-058, starting consumer #50
id: test-151222-058, starting consumer #50, channel #0
id: test-151222-058, starting consumer #51
id: test-151222-058, starting consumer #51, channel #0
id: test-151222-058, starting consumer #52
id: test-151222-058, starting consumer #52, channel #0
id: test-151222-058, starting consumer #53
id: test-151222-058, starting consumer #53, channel #0
id: test-151222-058, starting consumer #54
id: test-151222-058, starting consumer #54, channel #0
id: test-151222-058, starting consumer #55
id: test-151222-058, starting consumer #55, channel #0
id: test-151222-058, starting consumer #56
id: test-151222-058, starting consumer #56, channel #0
id: test-151222-058, starting consumer #57
id: test-151222-058, starting consumer #57, channel #0
id: test-151222-058, starting consumer #58
id: test-151222-058, starting consumer #58, channel #0
id: test-151222-058, starting consumer #59
id: test-151222-058, starting consumer #59, channel #0
id: test-151222-058, starting consumer #60
id: test-151222-058, starting consumer #60, channel #0
id: test-151222-058, starting consumer #61
id: test-151222-058, starting consumer #61, channel #0
id: test-151222-058, starting consumer #62
id: test-151222-058, starting consumer #62, channel #0
id: test-151222-058, starting consumer #63
id: test-151222-058, starting consumer #63, channel #0
id: test-151222-058, starting producer #0
id: test-151222-058, starting producer #0, channel #0
id: test-151222-058, starting producer #1
id: test-151222-058, starting producer #1, channel #0
id: test-151222-058, starting producer #2
id: test-151222-058, starting producer #2, channel #0
id: test-151222-058, starting producer #3
id: test-151222-058, starting producer #3, channel #0
id: test-151222-058, starting producer #4
id: test-151222-058, starting producer #4, channel #0
id: test-151222-058, starting producer #5
id: test-151222-058, starting producer #5, channel #0
id: test-151222-058, starting producer #6
id: test-151222-058, starting producer #6, channel #0
id: test-151222-058, starting producer #7
id: test-151222-058, starting producer #7, channel #0
id: test-151222-058, starting producer #8
id: test-151222-058, starting producer #8, channel #0
id: test-151222-058, starting producer #9
id: test-151222-058, starting producer #9, channel #0
id: test-151222-058, starting producer #10
id: test-151222-058, starting producer #10, channel #0
id: test-151222-058, starting producer #11
id: test-151222-058, starting producer #11, channel #0
id: test-151222-058, starting producer #12
id: test-151222-058, starting producer #12, channel #0
id: test-151222-058, starting producer #13
id: test-151222-058, starting producer #13, channel #0
id: test-151222-058, starting producer #14
id: test-151222-058, starting producer #14, channel #0
id: test-151222-058, starting producer #15
id: test-151222-058, starting producer #15, channel #0
id: test-151222-058, starting producer #16
id: test-151222-058, starting producer #16, channel #0
id: test-151222-058, starting producer #17
id: test-151222-058, starting producer #17, channel #0
id: test-151222-058, starting producer #18
id: test-151222-058, starting producer #18, channel #0
id: test-151222-058, starting producer #19
id: test-151222-058, starting producer #19, channel #0
id: test-151222-058, starting producer #20
id: test-151222-058, starting producer #20, channel #0
id: test-151222-058, starting producer #21
id: test-151222-058, starting producer #21, channel #0
id: test-151222-058, starting producer #22
id: test-151222-058, starting producer #22, channel #0
id: test-151222-058, starting producer #23
id: test-151222-058, starting producer #23, channel #0
id: test-151222-058, starting producer #24
id: test-151222-058, starting producer #24, channel #0
id: test-151222-058, starting producer #25
id: test-151222-058, starting producer #25, channel #0
id: test-151222-058, starting producer #26
id: test-151222-058, starting producer #26, channel #0
id: test-151222-058, starting producer #27
id: test-151222-058, starting producer #27, channel #0
id: test-151222-058, starting producer #28
id: test-151222-058, starting producer #28, channel #0
id: test-151222-058, starting producer #29
id: test-151222-058, starting producer #29, channel #0
id: test-151222-058, starting producer #30
id: test-151222-058, starting producer #30, channel #0
id: test-151222-058, starting producer #31
id: test-151222-058, starting producer #31, channel #0
id: test-151222-058, starting producer #32
id: test-151222-058, starting producer #32, channel #0
id: test-151222-058, starting producer #33
id: test-151222-058, starting producer #33, channel #0
id: test-151222-058, starting producer #34
id: test-151222-058, starting producer #34, channel #0
id: test-151222-058, starting producer #35
id: test-151222-058, starting producer #35, channel #0
id: test-151222-058, starting producer #36
id: test-151222-058, starting producer #36, channel #0
id: test-151222-058, starting producer #37
id: test-151222-058, starting producer #37, channel #0
id: test-151222-058, starting producer #38
id: test-151222-058, starting producer #38, channel #0
id: test-151222-058, starting producer #39
id: test-151222-058, starting producer #39, channel #0
id: test-151222-058, starting producer #40
id: test-151222-058, starting producer #40, channel #0
id: test-151222-058, starting producer #41
id: test-151222-058, starting producer #41, channel #0
id: test-151222-058, starting producer #42
id: test-151222-058, starting producer #42, channel #0
id: test-151222-058, starting producer #43
id: test-151222-058, starting producer #43, channel #0
id: test-151222-058, starting producer #44
id: test-151222-058, starting producer #44, channel #0
id: test-151222-058, starting producer #45
id: test-151222-058, starting producer #45, channel #0
id: test-151222-058, starting producer #46
id: test-151222-058, starting producer #46, channel #0
id: test-151222-058, starting producer #47
id: test-151222-058, starting producer #47, channel #0
id: test-151222-058, starting producer #48
id: test-151222-058, starting producer #48, channel #0
id: test-151222-058, starting producer #49
id: test-151222-058, starting producer #49, channel #0
id: test-151222-058, starting producer #50
id: test-151222-058, starting producer #50, channel #0
id: test-151222-058, starting producer #51
id: test-151222-058, starting producer #51, channel #0
id: test-151222-058, starting producer #52
id: test-151222-058, starting producer #52, channel #0
id: test-151222-058, starting producer #53
id: test-151222-058, starting producer #53, channel #0
id: test-151222-058, starting producer #54
id: test-151222-058, starting producer #54, channel #0
id: test-151222-058, starting producer #55
id: test-151222-058, starting producer #55, channel #0
id: test-151222-058, starting producer #56
id: test-151222-058, starting producer #56, channel #0
id: test-151222-058, starting producer #57
id: test-151222-058, starting producer #57, channel #0
id: test-151222-058, starting producer #58
id: test-151222-058, starting producer #58, channel #0
id: test-151222-058, starting producer #59
id: test-151222-058, starting producer #59, channel #0
id: test-151222-058, starting producer #60
id: test-151222-058, starting producer #60, channel #0
id: test-151222-058, starting producer #61
id: test-151222-058, starting producer #61, channel #0
id: test-151222-058, starting producer #62
id: test-151222-058, starting producer #62, channel #0
id: test-151222-058, starting producer #63
id: test-151222-058, starting producer #63, channel #0
id: test-151222-058, time 1.000 s, sent: 44568 msg/s, confirmed: 31768 msg/s, nacked: 0 msg/s, received: 2072 msg/s, min/median/75th/95th/99th/max consumer latency: 661/154294/259005/344535/424310/556235 µs, confirm latency: 4655/192722/378137/524086/573317/579796 µs
id: test-151222-058, time 2.000 s, sent: 22135 msg/s, confirmed: 22137 msg/s, nacked: 0 msg/s, received: 2383 msg/s, min/median/75th/95th/99th/max consumer latency: 2222/256152/340947/485167/560713/772674 µs, confirm latency: 255019/412433/433901/588581/597997/648220 µs
id: test-151222-058, time 3.000 s, sent: 28450 msg/s, confirmed: 28448 msg/s, nacked: 0 msg/s, received: 3097 msg/s, min/median/75th/95th/99th/max consumer latency: 1995/278480/543245/784247/883915/893460 µs, confirm latency: 236761/596960/710072/895806/908763/918336 µs
id: test-151222-058, time 4.000 s, sent: 19279 msg/s, confirmed: 19279 msg/s, nacked: 0 msg/s, received: 2030 msg/s, min/median/75th/95th/99th/max consumer latency: 2822/303020/521492/775045/964087/972136 µs, confirm latency: 252231/451084/756017/972325/996091/1007033 µs
id: test-151222-058, time 5.000 s, sent: 27830 msg/s, confirmed: 27830 msg/s, nacked: 0 msg/s, received: 3245 msg/s, min/median/75th/95th/99th/max consumer latency: 2724/252044/373327/758220/906478/929068 µs, confirm latency: 261103/432231/623076/975175/996615/997970 µs
id: test-151222-058, time 6.000 s, sent: 26353 msg/s, confirmed: 26353 msg/s, nacked: 0 msg/s, received: 2872 msg/s, min/median/75th/95th/99th/max consumer latency: 2391/260226/392368/614404/654477/675029 µs, confirm latency: 236568/446289/472309/669614/684410/702065 µs
id: test-151222-058, time 7.000 s, sent: 19153 msg/s, confirmed: 19153 msg/s, nacked: 0 msg/s, received: 2135 msg/s, min/median/75th/95th/99th/max consumer latency: 2181/347161/634482/940677/1005349/1021993 µs, confirm latency: 296010/743152/776613/1026122/1030613/1047790 µs
id: test-151222-058, time 8.000 s, sent: 26780 msg/s, confirmed: 26780 msg/s, nacked: 0 msg/s, received: 2994 msg/s, min/median/75th/95th/99th/max consumer latency: 3662/285154/388845/665182/700554/736796 µs, confirm latency: 273327/447230/512794/711388/723144/736445 µs
id: test-151222-058, time 9.002 s, sent: 17518 msg/s, confirmed: 17518 msg/s, nacked: 0 msg/s, received: 2137 msg/s, min/median/75th/95th/99th/max consumer latency: 3373/341845/571821/861448/932612/944644 µs, confirm latency: 333950/708455/739786/968521/969454/969686 µs
id: test-151222-058, time 10.000 s, sent: 20406 msg/s, confirmed: 20406 msg/s, nacked: 0 msg/s, received: 2239 msg/s, min/median/75th/95th/99th/max consumer latency: 2251/342890/589827/954667/1145664/1180871 µs, confirm latency: 308890/680849/728908/1054728/1166385/1188970 µs
id: test-151222-058, time 11.000 s, sent: 26475 msg/s, confirmed: 26475 msg/s, nacked: 0 msg/s, received: 2976 msg/s, min/median/75th/95th/99th/max consumer latency: 3244/271873/411661/646394/736014/768187 µs, confirm latency: 252791/461286/538264/736047/751340/788409 µs
id: test-151222-058, time 12.000 s, sent: 23702 msg/s, confirmed: 23702 msg/s, nacked: 0 msg/s, received: 2826 msg/s, min/median/75th/95th/99th/max consumer latency: 2419/297950/419123/691328/724435/735401 µs, confirm latency: 332170/490377/514353/732136/744666/753918 µs
id: test-151222-058, time 13.000 s, sent: 28088 msg/s, confirmed: 28088 msg/s, nacked: 0 msg/s, received: 3227 msg/s, min/median/75th/95th/99th/max consumer latency: 2203/283841/412238/641285/677146/690258 µs, confirm latency: 287189/443207/506830/697711/758831/759334 µs
id: test-151222-058, time 14.000 s, sent: 28161 msg/s, confirmed: 28161 msg/s, nacked: 0 msg/s, received: 3065 msg/s, min/median/75th/95th/99th/max consumer latency: 1789/268215/396180/595377/618402/629410 µs, confirm latency: 282593/434784/468700/645979/653521/676012 µs
id: test-151222-058, time 15.000 s, sent: 27781 msg/s, confirmed: 27781 msg/s, nacked: 0 msg/s, received: 3093 msg/s, min/median/75th/95th/99th/max consumer latency: 2687/275526/362609/631442/649454/661313 µs, confirm latency: 237318/447136/492888/667382/686735/699820 µs
id: test-151222-058, time 16.000 s, sent: 23173 msg/s, confirmed: 23173 msg/s, nacked: 0 msg/s, received: 2759 msg/s, min/median/75th/95th/99th/max consumer latency: 2332/293616/428024/697064/747012/760761 µs, confirm latency: 323285/498114/538647/747249/766967/792675 µs
id: test-151222-058, time 17.000 s, sent: 26983 msg/s, confirmed: 26983 msg/s, nacked: 0 msg/s, received: 3112 msg/s, min/median/75th/95th/99th/max consumer latency: 2810/299406/435634/656388/727389/759752 µs, confirm latency: 311860/467758/512323/716298/774359/779635 µs
id: test-151222-058, time 18.000 s, sent: 26387 msg/s, confirmed: 26387 msg/s, nacked: 0 msg/s, received: 3198 msg/s, min/median/75th/95th/99th/max consumer latency: 2457/265898/380069/639948/675896/689513 µs, confirm latency: 271719/443217/478033/685859/697441/709939 µs
id: test-151222-058, time 19.000 s, sent: 25895 msg/s, confirmed: 25895 msg/s, nacked: 0 msg/s, received: 2933 msg/s, min/median/75th/95th/99th/max consumer latency: 2791/289655/409791/659553/670509/678976 µs, confirm latency: 292541/459545/496361/689436/716231/717075 µs
id: test-151222-058, time 20.000 s, sent: 25932 msg/s, confirmed: 25932 msg/s, nacked: 0 msg/s, received: 2989 msg/s, min/median/75th/95th/99th/max consumer latency: 2020/284372/414486/685999/721103/732675 µs, confirm latency: 287300/479256/518149/733656/746569/756901 µs
id: test-151222-058, time 21.000 s, sent: 23808 msg/s, confirmed: 23808 msg/s, nacked: 0 msg/s, received: 2798 msg/s, min/median/75th/95th/99th/max consumer latency: 2877/289229/439953/714257/752545/763110 µs, confirm latency: 272473/481321/527693/745469/759639/784371 µs
id: test-151222-058, time 22.000 s, sent: 25042 msg/s, confirmed: 25042 msg/s, nacked: 0 msg/s, received: 2905 msg/s, min/median/75th/95th/99th/max consumer latency: 2777/304981/451678/727898/744834/752461 µs, confirm latency: 298865/493496/530202/764708/775107/795688 µs
id: test-151222-058, time 23.000 s, sent: 23544 msg/s, confirmed: 23563 msg/s, nacked: 0 msg/s, received: 2737 msg/s, min/median/75th/95th/99th/max consumer latency: 1645/359211/442536/687634/750441/778100 µs, confirm latency: 311500/499925/541688/788385/810018/823720 µs
id: test-151222-058, time 24.000 s, sent: 19518 msg/s, confirmed: 19499 msg/s, nacked: 0 msg/s, received: 2249 msg/s, min/median/75th/95th/99th/max consumer latency: 3171/367088/622613/970956/1021734/1053476 µs, confirm latency: 343548/688497/762752/1006091/1047651/1081382 µs
id: test-151222-058, time 25.000 s, sent: 26574 msg/s, confirmed: 26574 msg/s, nacked: 0 msg/s, received: 3124 msg/s, min/median/75th/95th/99th/max consumer latency: 2242/329047/413206/650155/738094/759179 µs, confirm latency: 307805/445121/481860/745363/944506/971626 µs
test stopped (Reached time limit)
id: test-151222-058, sending rate avg: 24985 msg/s
id: test-151222-058, receiving rate avg: 2797 msg/s
id: test-151222-058, consumer latency min/median/75th/95th/99th/max 2296/273168/418255/694164/877431/1144721 µs
id: test-151222-058, confirm latency min/median/75th/95th/99th/max 7996/467408/645658/789623/995702/1178519 µs
