Picked up JAVA_TOOL_OPTIONS: -Xmx3g
id: test-144928-349, starting consumer #0
id: test-144928-349, starting consumer #0, channel #0
id: test-144928-349, starting producer #0
id: test-144928-349, starting producer #0, channel #0
id: test-144928-349, time 1.000 s, sent: 1002 msg/s, confirmed: 1001 msg/s, nacked: 0 msg/s, received: 1001 msg/s, min/median/75th/95th/99th/max consumer latency: 244/10391/12062/19900/21534/22156 µs, confirm latency: 201/7557/11403/16583/19004/21792 µs
id: test-144928-349, time 2.000 s, sent: 1000 msg/s, confirmed: 1001 msg/s, nacked: 0 msg/s, received: 1001 msg/s, min/median/75th/95th/99th/max consumer latency: 220/327/512/4047/38018/49877 µs, confirm latency: 189/293/473/3287/37750/49627 µs
id: test-144928-349, time 3.000 s, sent: 1001 msg/s, confirmed: 1001 msg/s, nacked: 0 msg/s, received: 1001 msg/s, min/median/75th/95th/99th/max consumer latency: 228/334/376/511/1126/2917 µs, confirm latency: 207/298/338/468/1076/2331 µs
id: test-144928-349, time 4.000 s, sent: 1000 msg/s, confirmed: 1000 msg/s, nacked: 0 msg/s, received: 1000 msg/s, min/median/75th/95th/99th/max consumer latency: 222/340/419/1757/16149/17827 µs, confirm latency: 199/309/376/1615/15849/17712 µs
id: test-144928-349, time 5.000 s, sent: 1001 msg/s, confirmed: 1000 msg/s, nacked: 0 msg/s, received: 1000 msg/s, min/median/75th/95th/99th/max consumer latency: 215/299/331/456/1784/8140 µs, confirm latency: 192/271/301/416/1488/4905 µs
id: test-144928-349, time 6.005 s, sent: 1000 msg/s, confirmed: 1000 msg/s, nacked: 0 msg/s, received: 1000 msg/s, min/median/75th/95th/99th/max consumer latency: 227/310/357/3712/42029/51911 µs, confirm latency: 208/279/323/4614/41788/51792 µs
id: test-144928-349, time 7.000 s, sent: 1000 msg/s, confirmed: 1000 msg/s, nacked: 0 msg/s, received: 1000 msg/s, min/median/75th/95th/99th/max consumer latency: 221/322/353/466/1098/3026 µs, confirm latency: 203/296/325/419/987/1918 µs
id: test-144928-349, time 8.000 s, sent: 1001 msg/s, confirmed: 1001 msg/s, nacked: 0 msg/s, received: 1001 msg/s, min/median/75th/95th/99th/max consumer latency: 233/320/358/3251/17458/44735 µs, confirm latency: 212/294/327/3147/17285/44652 µs
id: test-144928-349, time 9.000 s, sent: 1001 msg/s, confirmed: 1001 msg/s, nacked: 0 msg/s, received: 1001 msg/s, min/median/75th/95th/99th/max consumer latency: 213/329/363/475/1949/6762 µs, confirm latency: 197/302/332/434/1515/6732 µs
id: test-144928-349, time 10.000 s, sent: 1000 msg/s, confirmed: 1000 msg/s, nacked: 0 msg/s, received: 1000 msg/s, min/median/75th/95th/99th/max consumer latency: 226/322/360/2990/40179/40297 µs, confirm latency: 207/296/331/2641/40010/40084 µs
id: test-144928-349, time 11.000 s, sent: 1000 msg/s, confirmed: 1000 msg/s, nacked: 0 msg/s, received: 1000 msg/s, min/median/75th/95th/99th/max consumer latency: 233/328/358/461/1262/4155 µs, confirm latency: 215/300/327/416/1013/4125 µs
id: test-144928-349, time 12.001 s, sent: 1001 msg/s, confirmed: 981 msg/s, nacked: 0 msg/s, received: 981 msg/s, min/median/75th/95th/99th/max consumer latency: 233/333/366/496/5145/15754 µs, confirm latency: 213/306/337/450/4351/15643 µs
id: test-144928-349, time 13.000 s, sent: 1000 msg/s, confirmed: 1020 msg/s, nacked: 0 msg/s, received: 1020 msg/s, min/median/75th/95th/99th/max consumer latency: 213/310/359/2960/13451/26423 µs, confirm latency: 193/286/332/2588/13235/26329 µs
id: test-144928-349, time 14.000 s, sent: 1001 msg/s, confirmed: 1001 msg/s, nacked: 0 msg/s, received: 1001 msg/s, min/median/75th/95th/99th/max consumer latency: 224/325/353/627/4152/6736 µs, confirm latency: 208/299/326/546/4097/6702 µs
id: test-144928-349, time 15.000 s, sent: 1000 msg/s, confirmed: 1000 msg/s, nacked: 0 msg/s, received: 1000 msg/s, min/median/75th/95th/99th/max consumer latency: 221/322/389/1922/20242/20370 µs, confirm latency: 200/298/358/1673/20038/20243 µs
id: test-144928-349, time 16.000 s, sent: 1000 msg/s, confirmed: 1000 msg/s, nacked: 0 msg/s, received: 1000 msg/s, min/median/75th/95th/99th/max consumer latency: 230/334/366/480/1062/3359 µs, confirm latency: 207/306/336/447/943/3328 µs
id: test-144928-349, time 17.000 s, sent: 1001 msg/s, confirmed: 1001 msg/s, nacked: 0 msg/s, received: 1001 msg/s, min/median/75th/95th/99th/max consumer latency: 229/348/384/3331/38928/39639 µs, confirm latency: 210/321/355/3243/38646/39464 µs
id: test-144928-349, time 18.000 s, sent: 1001 msg/s, confirmed: 1000 msg/s, nacked: 0 msg/s, received: 1000 msg/s, min/median/75th/95th/99th/max consumer latency: 234/327/360/466/877/2941 µs, confirm latency: 215/302/332/435/768/1768 µs
id: test-144928-349, time 19.000 s, sent: 1000 msg/s, confirmed: 1001 msg/s, nacked: 0 msg/s, received: 1001 msg/s, min/median/75th/95th/99th/max consumer latency: 226/340/377/2325/25913/36120 µs, confirm latency: 208/310/345/1849/25609/36012 µs
id: test-144928-349, time 20.000 s, sent: 1000 msg/s, confirmed: 1000 msg/s, nacked: 0 msg/s, received: 1000 msg/s, min/median/75th/95th/99th/max consumer latency: 237/362/398/785/6913/9968 µs, confirm latency: 215/326/360/645/6837/9895 µs
id: test-144928-349, time 21.000 s, sent: 1001 msg/s, confirmed: 1001 msg/s, nacked: 0 msg/s, received: 1001 msg/s, min/median/75th/95th/99th/max consumer latency: 237/341/380/5338/27012/37284 µs, confirm latency: 220/313/350/4297/18861/37220 µs
id: test-144928-349, time 22.000 s, sent: 1001 msg/s, confirmed: 1001 msg/s, nacked: 0 msg/s, received: 1001 msg/s, min/median/75th/95th/99th/max consumer latency: 274/380/5846/22637/36406/46222 µs, confirm latency: 245/345/5695/21878/35450/45360 µs
id: test-144928-349, time 23.000 s, sent: 1000 msg/s, confirmed: 1000 msg/s, nacked: 0 msg/s, received: 1000 msg/s, min/median/75th/95th/99th/max consumer latency: 206/324/370/1012/14051/30110 µs, confirm latency: 188/297/342/945/13873/29998 µs
id: test-144928-349, time 24.000 s, sent: 1000 msg/s, confirmed: 1000 msg/s, nacked: 0 msg/s, received: 1000 msg/s, min/median/75th/95th/99th/max consumer latency: 232/326/362/520/974/3637 µs, confirm latency: 208/297/332/479/893/3616 µs
id: test-144928-349, time 25.000 s, sent: 1001 msg/s, confirmed: 1001 msg/s, nacked: 0 msg/s, received: 1001 msg/s, min/median/75th/95th/99th/max consumer latency: 215/311/357/2142/30966/44678 µs, confirm latency: 198/286/328/1898/30710/44595 µs
test stopped (Reached time limit)
id: test-144928-349, sending rate avg: 1020 msg/s
id: test-144928-349, receiving rate avg: 1020 msg/s
id: test-144928-349, consumer latency min/median/75th/95th/99th/max 220/330/370/4626/21429/42117 µs
id: test-144928-349, confirm latency min/median/75th/95th/99th/max 198/303/348/2780/17581/41808 µs
