Picked up JAVA_TOOL_OPTIONS: -Xmx3g
id: test-120609-062, starting consumer #0
id: test-120609-062, starting consumer #0, channel #0
id: test-120609-062, starting producer #0
id: test-120609-062, starting producer #0, channel #0
id: test-120609-062, time 1.002 s, sent: 1000 msg/s, confirmed: 1000 msg/s, nacked: 0 msg/s, received: 1000 msg/s, min/median/75th/95th/99th/max consumer latency: 118/251/4751/7563/8257/9269 µs, confirm latency: 167/365/1397/4696/6334/9057 µs
id: test-120609-062, time 2.000 s, sent: 1000 msg/s, confirmed: 1001 msg/s, nacked: 0 msg/s, received: 1000 msg/s, min/median/75th/95th/99th/max consumer latency: 119/157/200/868/4989/12208 µs, confirm latency: 172/273/345/823/5078/10082 µs
id: test-120609-062, time 3.000 s, sent: 1001 msg/s, confirmed: 1001 msg/s, nacked: 0 msg/s, received: 1001 msg/s, min/median/75th/95th/99th/max consumer latency: 119/160/225/618/2061/5898 µs, confirm latency: 165/275/379/901/2285/5783 µs
id: test-120609-062, time 4.000 s, sent: 1000 msg/s, confirmed: 1000 msg/s, nacked: 0 msg/s, received: 1000 msg/s, min/median/75th/95th/99th/max consumer latency: 122/160/200/1770/9478/9583 µs, confirm latency: 171/279/337/1760/8680/8858 µs
id: test-120609-062, time 5.000 s, sent: 1000 msg/s, confirmed: 1000 msg/s, nacked: 0 msg/s, received: 1000 msg/s, min/median/75th/95th/99th/max consumer latency: 118/151/197/353/672/3432 µs, confirm latency: 205/269/345/600/1016/2779 µs
id: test-120609-062, time 6.000 s, sent: 1000 msg/s, confirmed: 1000 msg/s, nacked: 0 msg/s, received: 1000 msg/s, min/median/75th/95th/99th/max consumer latency: 116/164/201/992/10008/17844 µs, confirm latency: 155/286/345/1054/10459/18371 µs
id: test-120609-062, time 7.000 s, sent: 1001 msg/s, confirmed: 1001 msg/s, nacked: 0 msg/s, received: 1001 msg/s, min/median/75th/95th/99th/max consumer latency: 113/172/228/764/1733/12498 µs, confirm latency: 210/296/385/1143/3798/12892 µs
id: test-120609-062, time 8.000 s, sent: 1001 msg/s, confirmed: 1001 msg/s, nacked: 0 msg/s, received: 1001 msg/s, min/median/75th/95th/99th/max consumer latency: 109/152/232/1436/7045/13606 µs, confirm latency: 176/272/428/1810/14700/14748 µs
id: test-120609-062, time 9.000 s, sent: 1000 msg/s, confirmed: 1000 msg/s, nacked: 0 msg/s, received: 1000 msg/s, min/median/75th/95th/99th/max consumer latency: 110/150/213/548/2867/5462 µs, confirm latency: 205/267/381/861/4271/7242 µs
id: test-120609-062, time 10.000 s, sent: 1001 msg/s, confirmed: 1001 msg/s, nacked: 0 msg/s, received: 1001 msg/s, min/median/75th/95th/99th/max consumer latency: 115/154/236/1600/6583/14541 µs, confirm latency: 204/274/431/2213/6368/14383 µs
id: test-120609-062, time 11.000 s, sent: 1000 msg/s, confirmed: 1000 msg/s, nacked: 0 msg/s, received: 1000 msg/s, min/median/75th/95th/99th/max consumer latency: 103/163/251/708/2457/5557 µs, confirm latency: 180/289/440/1086/3213/6314 µs
id: test-120609-062, time 12.000 s, sent: 1001 msg/s, confirmed: 1001 msg/s, nacked: 0 msg/s, received: 1001 msg/s, min/median/75th/95th/99th/max consumer latency: 111/161/249/969/3168/14636 µs, confirm latency: 168/283/449/1553/3426/14626 µs
id: test-120609-062, time 13.001 s, sent: 1000 msg/s, confirmed: 1000 msg/s, nacked: 0 msg/s, received: 1000 msg/s, min/median/75th/95th/99th/max consumer latency: 110/188/269/725/1743/9009 µs, confirm latency: 218/323/465/1155/2904/9749 µs
id: test-120609-062, time 14.000 s, sent: 1001 msg/s, confirmed: 1001 msg/s, nacked: 0 msg/s, received: 1001 msg/s, min/median/75th/95th/99th/max consumer latency: 117/172/253/1632/9998/12896 µs, confirm latency: 189/304/446/1900/6022/12935 µs
id: test-120609-062, time 15.000 s, sent: 1001 msg/s, confirmed: 1001 msg/s, nacked: 0 msg/s, received: 1001 msg/s, min/median/75th/95th/99th/max consumer latency: 115/178/281/757/8792/18693 µs, confirm latency: 192/314/501/1255/9148/19127 µs
id: test-120609-062, time 16.000 s, sent: 1001 msg/s, confirmed: 1001 msg/s, nacked: 0 msg/s, received: 1001 msg/s, min/median/75th/95th/99th/max consumer latency: 98/162/250/1287/16142/21956 µs, confirm latency: 178/288/450/1593/12210/16583 µs
id: test-120609-062, time 17.000 s, sent: 1000 msg/s, confirmed: 1000 msg/s, nacked: 0 msg/s, received: 1000 msg/s, min/median/75th/95th/99th/max consumer latency: 106/181/268/540/2501/5518 µs, confirm latency: 189/307/511/891/3128/6228 µs
id: test-120609-062, time 18.000 s, sent: 1001 msg/s, confirmed: 1001 msg/s, nacked: 0 msg/s, received: 1001 msg/s, min/median/75th/95th/99th/max consumer latency: 112/176/279/1091/11037/25444 µs, confirm latency: 212/302/444/1260/20375/32847 µs
id: test-120609-062, time 19.000 s, sent: 1000 msg/s, confirmed: 1000 msg/s, nacked: 0 msg/s, received: 1000 msg/s, min/median/75th/95th/99th/max consumer latency: 104/176/277/703/2099/4448 µs, confirm latency: 164/298/430/1003/3972/7783 µs
id: test-120609-062, time 20.000 s, sent: 1000 msg/s, confirmed: 999 msg/s, nacked: 0 msg/s, received: 1000 msg/s, min/median/75th/95th/99th/max consumer latency: 111/170/267/762/10297/16691 µs, confirm latency: 208/298/483/1120/9848/16312 µs
id: test-120609-062, time 21.000 s, sent: 1001 msg/s, confirmed: 1002 msg/s, nacked: 0 msg/s, received: 1001 msg/s, min/median/75th/95th/99th/max consumer latency: 109/179/306/922/2128/4774 µs, confirm latency: 181/311/546/1361/3048/9156 µs
id: test-120609-062, time 22.001 s, sent: 1001 msg/s, confirmed: 1001 msg/s, nacked: 0 msg/s, received: 1001 msg/s, min/median/75th/95th/99th/max consumer latency: 110/180/283/996/4233/6665 µs, confirm latency: 191/314/510/1779/5194/8641 µs
id: test-120609-062, time 23.000 s, sent: 1000 msg/s, confirmed: 1000 msg/s, nacked: 0 msg/s, received: 1000 msg/s, min/median/75th/95th/99th/max consumer latency: 112/161/211/376/2665/7445 µs, confirm latency: 202/283/363/640/3033/8312 µs
id: test-120609-062, time 24.000 s, sent: 1001 msg/s, confirmed: 1001 msg/s, nacked: 0 msg/s, received: 1001 msg/s, min/median/75th/95th/99th/max consumer latency: 102/198/327/5716/7596/33902 µs, confirm latency: 155/334/585/3968/7595/33819 µs
id: test-120609-062, time 25.000 s, sent: 1000 msg/s, confirmed: 1000 msg/s, nacked: 0 msg/s, received: 1000 msg/s, min/median/75th/95th/99th/max consumer latency: 111/160/226/556/2066/12047 µs, confirm latency: 205/283/397/899/3180/7363 µs
test stopped (Reached time limit)
id: test-120609-062, sending rate avg: 1013 msg/s
id: test-120609-062, receiving rate avg: 1013 msg/s
id: test-120609-062, consumer latency min/median/75th/95th/99th/max 107/167/269/1497/7567/18555 µs
id: test-120609-062, confirm latency min/median/75th/95th/99th/max 178/294/416/1303/5855/29945 µs
