Picked up JAVA_TOOL_OPTIONS: -Xmx3g
id: test-122347-151, starting consumer #0
id: test-122347-151, starting consumer #0, channel #0
id: test-122347-151, starting consumer #1
id: test-122347-151, starting consumer #1, channel #0
id: test-122347-151, starting consumer #2
id: test-122347-151, starting consumer #2, channel #0
id: test-122347-151, starting consumer #3
id: test-122347-151, starting consumer #3, channel #0
id: test-122347-151, starting consumer #4
id: test-122347-151, starting consumer #4, channel #0
id: test-122347-151, starting consumer #5
id: test-122347-151, starting consumer #5, channel #0
id: test-122347-151, starting consumer #6
id: test-122347-151, starting consumer #6, channel #0
id: test-122347-151, starting consumer #7
id: test-122347-151, starting consumer #7, channel #0
id: test-122347-151, starting consumer #8
id: test-122347-151, starting consumer #8, channel #0
id: test-122347-151, starting consumer #9
id: test-122347-151, starting consumer #9, channel #0
id: test-122347-151, starting consumer #10
id: test-122347-151, starting consumer #10, channel #0
id: test-122347-151, starting consumer #11
id: test-122347-151, starting consumer #11, channel #0
id: test-122347-151, starting consumer #12
id: test-122347-151, starting consumer #12, channel #0
id: test-122347-151, starting consumer #13
id: test-122347-151, starting consumer #13, channel #0
id: test-122347-151, starting consumer #14
id: test-122347-151, starting consumer #14, channel #0
id: test-122347-151, starting consumer #15
id: test-122347-151, starting consumer #15, channel #0
id: test-122347-151, starting consumer #16
id: test-122347-151, starting consumer #16, channel #0
id: test-122347-151, starting consumer #17
id: test-122347-151, starting consumer #17, channel #0
id: test-122347-151, starting consumer #18
id: test-122347-151, starting consumer #18, channel #0
id: test-122347-151, starting consumer #19
id: test-122347-151, starting consumer #19, channel #0
id: test-122347-151, starting consumer #20
id: test-122347-151, starting consumer #20, channel #0
id: test-122347-151, starting consumer #21
id: test-122347-151, starting consumer #21, channel #0
id: test-122347-151, starting consumer #22
id: test-122347-151, starting consumer #22, channel #0
id: test-122347-151, starting consumer #23
id: test-122347-151, starting consumer #23, channel #0
id: test-122347-151, starting consumer #24
id: test-122347-151, starting consumer #24, channel #0
id: test-122347-151, starting consumer #25
id: test-122347-151, starting consumer #25, channel #0
id: test-122347-151, starting consumer #26
id: test-122347-151, starting consumer #26, channel #0
id: test-122347-151, starting consumer #27
id: test-122347-151, starting consumer #27, channel #0
id: test-122347-151, starting consumer #28
id: test-122347-151, starting consumer #28, channel #0
id: test-122347-151, starting consumer #29
id: test-122347-151, starting consumer #29, channel #0
id: test-122347-151, starting consumer #30
id: test-122347-151, starting consumer #30, channel #0
id: test-122347-151, starting consumer #31
id: test-122347-151, starting consumer #31, channel #0
id: test-122347-151, starting consumer #32
id: test-122347-151, starting consumer #32, channel #0
id: test-122347-151, starting consumer #33
id: test-122347-151, starting consumer #33, channel #0
id: test-122347-151, starting consumer #34
id: test-122347-151, starting consumer #34, channel #0
id: test-122347-151, starting consumer #35
id: test-122347-151, starting consumer #35, channel #0
id: test-122347-151, starting consumer #36
id: test-122347-151, starting consumer #36, channel #0
id: test-122347-151, starting consumer #37
id: test-122347-151, starting consumer #37, channel #0
id: test-122347-151, starting consumer #38
id: test-122347-151, starting consumer #38, channel #0
id: test-122347-151, starting consumer #39
id: test-122347-151, starting consumer #39, channel #0
id: test-122347-151, starting consumer #40
id: test-122347-151, starting consumer #40, channel #0
id: test-122347-151, starting consumer #41
id: test-122347-151, starting consumer #41, channel #0
id: test-122347-151, starting consumer #42
id: test-122347-151, starting consumer #42, channel #0
id: test-122347-151, starting consumer #43
id: test-122347-151, starting consumer #43, channel #0
id: test-122347-151, starting consumer #44
id: test-122347-151, starting consumer #44, channel #0
id: test-122347-151, starting consumer #45
id: test-122347-151, starting consumer #45, channel #0
id: test-122347-151, starting consumer #46
id: test-122347-151, starting consumer #46, channel #0
id: test-122347-151, starting consumer #47
id: test-122347-151, starting consumer #47, channel #0
id: test-122347-151, starting consumer #48
id: test-122347-151, starting consumer #48, channel #0
id: test-122347-151, starting consumer #49
id: test-122347-151, starting consumer #49, channel #0
id: test-122347-151, starting consumer #50
id: test-122347-151, starting consumer #50, channel #0
id: test-122347-151, starting consumer #51
id: test-122347-151, starting consumer #51, channel #0
id: test-122347-151, starting consumer #52
id: test-122347-151, starting consumer #52, channel #0
id: test-122347-151, starting consumer #53
id: test-122347-151, starting consumer #53, channel #0
id: test-122347-151, starting consumer #54
id: test-122347-151, starting consumer #54, channel #0
id: test-122347-151, starting consumer #55
id: test-122347-151, starting consumer #55, channel #0
id: test-122347-151, starting consumer #56
id: test-122347-151, starting consumer #56, channel #0
id: test-122347-151, starting consumer #57
id: test-122347-151, starting consumer #57, channel #0
id: test-122347-151, starting consumer #58
id: test-122347-151, starting consumer #58, channel #0
id: test-122347-151, starting consumer #59
id: test-122347-151, starting consumer #59, channel #0
id: test-122347-151, starting consumer #60
id: test-122347-151, starting consumer #60, channel #0
id: test-122347-151, starting consumer #61
id: test-122347-151, starting consumer #61, channel #0
id: test-122347-151, starting consumer #62
id: test-122347-151, starting consumer #62, channel #0
id: test-122347-151, starting consumer #63
id: test-122347-151, starting consumer #63, channel #0
id: test-122347-151, starting producer #0
id: test-122347-151, starting producer #0, channel #0
id: test-122347-151, starting producer #1
id: test-122347-151, starting producer #1, channel #0
id: test-122347-151, starting producer #2
id: test-122347-151, starting producer #2, channel #0
id: test-122347-151, starting producer #3
id: test-122347-151, starting producer #3, channel #0
id: test-122347-151, starting producer #4
id: test-122347-151, starting producer #4, channel #0
id: test-122347-151, starting producer #5
id: test-122347-151, starting producer #5, channel #0
id: test-122347-151, starting producer #6
id: test-122347-151, starting producer #6, channel #0
id: test-122347-151, starting producer #7
id: test-122347-151, starting producer #7, channel #0
id: test-122347-151, starting producer #8
id: test-122347-151, starting producer #8, channel #0
id: test-122347-151, starting producer #9
id: test-122347-151, starting producer #9, channel #0
id: test-122347-151, starting producer #10
id: test-122347-151, starting producer #10, channel #0
id: test-122347-151, starting producer #11
id: test-122347-151, starting producer #11, channel #0
id: test-122347-151, starting producer #12
id: test-122347-151, starting producer #12, channel #0
id: test-122347-151, starting producer #13
id: test-122347-151, starting producer #13, channel #0
id: test-122347-151, starting producer #14
id: test-122347-151, starting producer #14, channel #0
id: test-122347-151, starting producer #15
id: test-122347-151, starting producer #15, channel #0
id: test-122347-151, starting producer #16
id: test-122347-151, starting producer #16, channel #0
id: test-122347-151, starting producer #17
id: test-122347-151, starting producer #17, channel #0
id: test-122347-151, starting producer #18
id: test-122347-151, starting producer #18, channel #0
id: test-122347-151, starting producer #19
id: test-122347-151, starting producer #19, channel #0
id: test-122347-151, starting producer #20
id: test-122347-151, starting producer #20, channel #0
id: test-122347-151, starting producer #21
id: test-122347-151, starting producer #21, channel #0
id: test-122347-151, starting producer #22
id: test-122347-151, starting producer #22, channel #0
id: test-122347-151, starting producer #23
id: test-122347-151, starting producer #23, channel #0
id: test-122347-151, starting producer #24
id: test-122347-151, starting producer #24, channel #0
id: test-122347-151, starting producer #25
id: test-122347-151, starting producer #25, channel #0
id: test-122347-151, starting producer #26
id: test-122347-151, starting producer #26, channel #0
id: test-122347-151, starting producer #27
id: test-122347-151, starting producer #27, channel #0
id: test-122347-151, starting producer #28
id: test-122347-151, starting producer #28, channel #0
id: test-122347-151, starting producer #29
id: test-122347-151, starting producer #29, channel #0
id: test-122347-151, starting producer #30
id: test-122347-151, starting producer #30, channel #0
id: test-122347-151, starting producer #31
id: test-122347-151, starting producer #31, channel #0
id: test-122347-151, starting producer #32
id: test-122347-151, starting producer #32, channel #0
id: test-122347-151, starting producer #33
id: test-122347-151, starting producer #33, channel #0
id: test-122347-151, starting producer #34
id: test-122347-151, starting producer #34, channel #0
id: test-122347-151, starting producer #35
id: test-122347-151, starting producer #35, channel #0
id: test-122347-151, starting producer #36
id: test-122347-151, starting producer #36, channel #0
id: test-122347-151, starting producer #37
id: test-122347-151, starting producer #37, channel #0
id: test-122347-151, starting producer #38
id: test-122347-151, starting producer #38, channel #0
id: test-122347-151, starting producer #39
id: test-122347-151, starting producer #39, channel #0
id: test-122347-151, starting producer #40
id: test-122347-151, starting producer #40, channel #0
id: test-122347-151, starting producer #41
id: test-122347-151, starting producer #41, channel #0
id: test-122347-151, starting producer #42
id: test-122347-151, starting producer #42, channel #0
id: test-122347-151, starting producer #43
id: test-122347-151, starting producer #43, channel #0
id: test-122347-151, starting producer #44
id: test-122347-151, starting producer #44, channel #0
id: test-122347-151, starting producer #45
id: test-122347-151, starting producer #45, channel #0
id: test-122347-151, starting producer #46
id: test-122347-151, starting producer #46, channel #0
id: test-122347-151, starting producer #47
id: test-122347-151, starting producer #47, channel #0
id: test-122347-151, starting producer #48
id: test-122347-151, starting producer #48, channel #0
id: test-122347-151, starting producer #49
id: test-122347-151, starting producer #49, channel #0
id: test-122347-151, starting producer #50
id: test-122347-151, starting producer #50, channel #0
id: test-122347-151, starting producer #51
id: test-122347-151, starting producer #51, channel #0
id: test-122347-151, starting producer #52
id: test-122347-151, starting producer #52, channel #0
id: test-122347-151, starting producer #53
id: test-122347-151, starting producer #53, channel #0
id: test-122347-151, starting producer #54
id: test-122347-151, starting producer #54, channel #0
id: test-122347-151, starting producer #55
id: test-122347-151, starting producer #55, channel #0
id: test-122347-151, starting producer #56
id: test-122347-151, starting producer #56, channel #0
id: test-122347-151, starting producer #57
id: test-122347-151, starting producer #57, channel #0
id: test-122347-151, starting producer #58
id: test-122347-151, starting producer #58, channel #0
id: test-122347-151, starting producer #59
id: test-122347-151, starting producer #59, channel #0
id: test-122347-151, starting producer #60
id: test-122347-151, starting producer #60, channel #0
id: test-122347-151, starting producer #61
id: test-122347-151, starting producer #61, channel #0
id: test-122347-151, starting producer #62
id: test-122347-151, starting producer #62, channel #0
id: test-122347-151, starting producer #63
id: test-122347-151, starting producer #63, channel #0
id: test-122347-151, time 1.000 s, sent: 36786 msg/s, confirmed: 23986 msg/s, nacked: 0 msg/s, received: 27903 msg/s, min/median/75th/95th/99th/max consumer latency: 4424/177496/284207/384063/700856/828361 µs, confirm latency: 22483/293035/426465/570981/736474/759511 µs
id: test-122347-151, time 2.000 s, sent: 31337 msg/s, confirmed: 31337 msg/s, nacked: 0 msg/s, received: 32148 msg/s, min/median/75th/95th/99th/max consumer latency: 53534/215026/338532/389046/419332/1125968 µs, confirm latency: 245665/302923/550672/592405/1120714/1370328 µs
id: test-122347-151, time 3.000 s, sent: 30365 msg/s, confirmed: 30365 msg/s, nacked: 0 msg/s, received: 30558 msg/s, min/median/75th/95th/99th/max consumer latency: 73910/219503/338672/394658/433833/467256 µs, confirm latency: 237837/309005/546168/578271/602349/636289 µs
id: test-122347-151, time 4.000 s, sent: 31382 msg/s, confirmed: 31382 msg/s, nacked: 0 msg/s, received: 31287 msg/s, min/median/75th/95th/99th/max consumer latency: 98752/222148/344876/393454/421070/460133 µs, confirm latency: 241486/313807/551176/584379/610202/610759 µs
id: test-122347-151, time 5.000 s, sent: 30445 msg/s, confirmed: 30524 msg/s, nacked: 0 msg/s, received: 29394 msg/s, min/median/75th/95th/99th/max consumer latency: 92602/291868/346200/398259/418734/448737 µs, confirm latency: 231688/509910/552410/586659/605722/609907 µs
id: test-122347-151, time 6.000 s, sent: 29952 msg/s, confirmed: 30230 msg/s, nacked: 0 msg/s, received: 31637 msg/s, min/median/75th/95th/99th/max consumer latency: 94099/296825/351000/401444/438597/464730 µs, confirm latency: 248831/511733/554625/582486/627571/647636 µs
id: test-122347-151, time 7.001 s, sent: 28247 msg/s, confirmed: 27890 msg/s, nacked: 0 msg/s, received: 26105 msg/s, min/median/75th/95th/99th/max consumer latency: 65084/334374/383892/452209/487506/563804 µs, confirm latency: 243415/544091/581773/619140/664211/829708 µs
id: test-122347-151, time 8.000 s, sent: 28110 msg/s, confirmed: 28153 msg/s, nacked: 0 msg/s, received: 29293 msg/s, min/median/75th/95th/99th/max consumer latency: 122145/328601/372864/422914/443860/466711 µs, confirm latency: 256867/537242/566908/598400/631915/636976 µs
id: test-122347-151, time 9.000 s, sent: 27907 msg/s, confirmed: 27864 msg/s, nacked: 0 msg/s, received: 27914 msg/s, min/median/75th/95th/99th/max consumer latency: 102072/325385/376654/440352/484292/509675 µs, confirm latency: 232292/545506/570606/611651/620085/625403 µs
id: test-122347-151, time 10.000 s, sent: 26425 msg/s, confirmed: 26425 msg/s, nacked: 0 msg/s, received: 27430 msg/s, min/median/75th/95th/99th/max consumer latency: 104524/321243/380371/451822/485169/590001 µs, confirm latency: 253317/528579/581512/612177/635023/637282 µs
id: test-122347-151, time 11.000 s, sent: 31082 msg/s, confirmed: 31082 msg/s, nacked: 0 msg/s, received: 29765 msg/s, min/median/75th/95th/99th/max consumer latency: 99097/309845/354901/401211/424767/454516 µs, confirm latency: 249702/526387/558477/594690/656561/662002 µs
id: test-122347-151, time 12.000 s, sent: 28891 msg/s, confirmed: 29009 msg/s, nacked: 0 msg/s, received: 29940 msg/s, min/median/75th/95th/99th/max consumer latency: 102643/303147/362835/405730/426119/457912 µs, confirm latency: 240451/485556/554702/581983/631066/645557 µs
id: test-122347-151, time 13.000 s, sent: 25584 msg/s, confirmed: 25466 msg/s, nacked: 0 msg/s, received: 25379 msg/s, min/median/75th/95th/99th/max consumer latency: 117759/347085/408723/484708/505204/578138 µs, confirm latency: 248596/554007/591654/654529/676499/828320 µs
id: test-122347-151, time 14.000 s, sent: 29714 msg/s, confirmed: 29714 msg/s, nacked: 0 msg/s, received: 30490 msg/s, min/median/75th/95th/99th/max consumer latency: 68178/304593/357315/409923/431113/452868 µs, confirm latency: 243353/523814/560314/602002/630317/635119 µs
id: test-122347-151, time 15.000 s, sent: 31520 msg/s, confirmed: 31520 msg/s, nacked: 0 msg/s, received: 30195 msg/s, min/median/75th/95th/99th/max consumer latency: 90822/224754/342284/387342/411998/439765 µs, confirm latency: 224717/317678/551527/578034/613667/631029 µs
id: test-122347-151, time 16.000 s, sent: 29931 msg/s, confirmed: 29931 msg/s, nacked: 0 msg/s, received: 30399 msg/s, min/median/75th/95th/99th/max consumer latency: 85357/300028/353538/402844/419209/431334 µs, confirm latency: 244040/507861/548134/595658/631618/636707 µs
id: test-122347-151, time 17.000 s, sent: 31811 msg/s, confirmed: 31928 msg/s, nacked: 0 msg/s, received: 31299 msg/s, min/median/75th/95th/99th/max consumer latency: 102370/290317/348551/394304/413105/449626 µs, confirm latency: 245769/511627/549802/570600/584765/588684 µs
id: test-122347-151, time 18.000 s, sent: 32254 msg/s, confirmed: 32191 msg/s, nacked: 0 msg/s, received: 31934 msg/s, min/median/75th/95th/99th/max consumer latency: 76422/216799/342426/389182/408921/427183 µs, confirm latency: 252860/304578/553958/578265/621387/645949 µs
id: test-122347-151, time 19.000 s, sent: 30355 msg/s, confirmed: 30401 msg/s, nacked: 0 msg/s, received: 31279 msg/s, min/median/75th/95th/99th/max consumer latency: 75784/218348/344819/386767/423077/464058 µs, confirm latency: 249694/302585/548309/584168/607762/644244 µs
id: test-122347-151, time 20.000 s, sent: 28854 msg/s, confirmed: 28754 msg/s, nacked: 0 msg/s, received: 27835 msg/s, min/median/75th/95th/99th/max consumer latency: 90967/300480/357360/411256/438962/459639 µs, confirm latency: 248868/334205/559606/587572/609525/655509 µs
id: test-122347-151, time 21.000 s, sent: 26742 msg/s, confirmed: 26742 msg/s, nacked: 0 msg/s, received: 27309 msg/s, min/median/75th/95th/99th/max consumer latency: 121443/343723/393232/449703/475267/574040 µs, confirm latency: 253883/540915/575955/614137/629296/644537 µs
id: test-122347-151, time 22.000 s, sent: 28605 msg/s, confirmed: 28605 msg/s, nacked: 0 msg/s, received: 29107 msg/s, min/median/75th/95th/99th/max consumer latency: 97841/316947/374392/436605/479805/547059 µs, confirm latency: 232399/547864/578527/608292/689596/691766 µs
id: test-122347-151, time 23.000 s, sent: 30083 msg/s, confirmed: 30117 msg/s, nacked: 0 msg/s, received: 29486 msg/s, min/median/75th/95th/99th/max consumer latency: 107218/309717/357591/403151/428280/457088 µs, confirm latency: 247035/527728/558808/577168/600728/601055 µs
id: test-122347-151, time 24.000 s, sent: 29472 msg/s, confirmed: 29617 msg/s, nacked: 0 msg/s, received: 29105 msg/s, min/median/75th/95th/99th/max consumer latency: 102514/321359/366277/409340/437418/478843 µs, confirm latency: 252787/533145/558990/585461/635682/638179 µs
id: test-122347-151, time 25.000 s, sent: 28627 msg/s, confirmed: 28448 msg/s, nacked: 0 msg/s, received: 29586 msg/s, min/median/75th/95th/99th/max consumer latency: 81273/285383/353040/400193/428924/460543 µs, confirm latency: 243289/525376/556054/586791/640011/642475 µs
test stopped (Reached time limit)
id: test-122347-151, sending rate avg: 29251 msg/s
id: test-122347-151, receiving rate avg: 29521 msg/s
id: test-122347-151, consumer latency min/median/75th/95th/99th/max 51545/230456/353597/409965/447717/1054604 µs
id: test-122347-151, confirm latency min/median/75th/95th/99th/max 83510/516986/555189/600890/654382/1297760 µs
