Picked up JAVA_TOOL_OPTIONS: -Xmx3g
id: test-123634-763, starting consumer #0
id: test-123634-763, starting consumer #0, channel #0
id: test-123634-763, starting consumer #1
id: test-123634-763, starting consumer #1, channel #0
id: test-123634-763, starting consumer #2
id: test-123634-763, starting consumer #2, channel #0
id: test-123634-763, starting consumer #3
id: test-123634-763, starting consumer #3, channel #0
id: test-123634-763, starting consumer #4
id: test-123634-763, starting consumer #4, channel #0
id: test-123634-763, starting consumer #5
id: test-123634-763, starting consumer #5, channel #0
id: test-123634-763, starting consumer #6
id: test-123634-763, starting consumer #6, channel #0
id: test-123634-763, starting consumer #7
id: test-123634-763, starting consumer #7, channel #0
id: test-123634-763, starting consumer #8
id: test-123634-763, starting consumer #8, channel #0
id: test-123634-763, starting consumer #9
id: test-123634-763, starting consumer #9, channel #0
id: test-123634-763, starting consumer #10
id: test-123634-763, starting consumer #10, channel #0
id: test-123634-763, starting consumer #11
id: test-123634-763, starting consumer #11, channel #0
id: test-123634-763, starting consumer #12
id: test-123634-763, starting consumer #12, channel #0
id: test-123634-763, starting consumer #13
id: test-123634-763, starting consumer #13, channel #0
id: test-123634-763, starting consumer #14
id: test-123634-763, starting consumer #14, channel #0
id: test-123634-763, starting consumer #15
id: test-123634-763, starting consumer #15, channel #0
id: test-123634-763, starting consumer #16
id: test-123634-763, starting consumer #16, channel #0
id: test-123634-763, starting consumer #17
id: test-123634-763, starting consumer #17, channel #0
id: test-123634-763, starting consumer #18
id: test-123634-763, starting consumer #18, channel #0
id: test-123634-763, starting consumer #19
id: test-123634-763, starting consumer #19, channel #0
id: test-123634-763, starting producer #0
id: test-123634-763, starting producer #0, channel #0
id: test-123634-763, time 1.001 s, sent: 5957 msg/s, confirmed: 5857 msg/s, nacked: 0 msg/s, received: 117219 msg/s, min/median/75th/95th/99th/max consumer latency: 379/8518/14090/24924/43904/63459 µs, confirm latency: 1159/11131/13017/23686/36648/37933 µs
id: test-123634-763, time 2.000 s, sent: 6206 msg/s, confirmed: 6206 msg/s, nacked: 0 msg/s, received: 125500 msg/s, min/median/75th/95th/99th/max consumer latency: 488/5919/8897/22785/43624/80347 µs, confirm latency: 3661/12723/17560/32215/40499/56085 µs
id: test-123634-763, time 3.000 s, sent: 7842 msg/s, confirmed: 7842 msg/s, nacked: 0 msg/s, received: 156379 msg/s, min/median/75th/95th/99th/max consumer latency: 388/4790/6672/9745/14134/21610 µs, confirm latency: 2395/12382/14214/17107/20904/24175 µs
id: test-123634-763, time 4.000 s, sent: 7833 msg/s, confirmed: 7833 msg/s, nacked: 0 msg/s, received: 156916 msg/s, min/median/75th/95th/99th/max consumer latency: 382/4587/6498/9248/11755/17769 µs, confirm latency: 3593/12510/14274/17089/19746/26322 µs
id: test-123634-763, time 5.000 s, sent: 7389 msg/s, confirmed: 7389 msg/s, nacked: 0 msg/s, received: 147992 msg/s, min/median/75th/95th/99th/max consumer latency: 458/5089/6915/10239/22150/43328 µs, confirm latency: 3340/13001/15078/18517/45348/45497 µs
id: test-123634-763, time 6.000 s, sent: 7318 msg/s, confirmed: 7325 msg/s, nacked: 0 msg/s, received: 145873 msg/s, min/median/75th/95th/99th/max consumer latency: 305/5119/7166/10801/13598/16364 µs, confirm latency: 4099/13435/15007/18619/21925/31363 µs
id: test-123634-763, time 7.000 s, sent: 7212 msg/s, confirmed: 7205 msg/s, nacked: 0 msg/s, received: 145126 msg/s, min/median/75th/95th/99th/max consumer latency: 390/5054/7475/12314/29633/35986 µs, confirm latency: 3913/13393/15749/19556/27347/33818 µs
id: test-123634-763, time 8.000 s, sent: 7232 msg/s, confirmed: 7232 msg/s, nacked: 0 msg/s, received: 143710 msg/s, min/median/75th/95th/99th/max consumer latency: 599/5560/7775/11466/14609/17227 µs, confirm latency: 3661/13256/15414/20552/21613/28883 µs
id: test-123634-763, time 9.000 s, sent: 7024 msg/s, confirmed: 7024 msg/s, nacked: 0 msg/s, received: 140424 msg/s, min/median/75th/95th/99th/max consumer latency: 474/5531/7784/12310/15264/24842 µs, confirm latency: 5427/14056/15838/19576/23174/24277 µs
id: test-123634-763, time 10.000 s, sent: 7537 msg/s, confirmed: 7537 msg/s, nacked: 0 msg/s, received: 150990 msg/s, min/median/75th/95th/99th/max consumer latency: 314/4875/6754/9262/11656/15121 µs, confirm latency: 4157/13406/14884/17690/19198/21977 µs
id: test-123634-763, time 11.000 s, sent: 7571 msg/s, confirmed: 7571 msg/s, nacked: 0 msg/s, received: 151507 msg/s, min/median/75th/95th/99th/max consumer latency: 415/5001/6878/9814/12570/30534 µs, confirm latency: 4891/12895/15152/18001/32402/37828 µs
id: test-123634-763, time 12.000 s, sent: 6999 msg/s, confirmed: 6999 msg/s, nacked: 0 msg/s, received: 139640 msg/s, min/median/75th/95th/99th/max consumer latency: 340/5240/7351/11933/26013/47592 µs, confirm latency: 3386/12918/15842/20755/53213/55179 µs
id: test-123634-763, time 13.000 s, sent: 6795 msg/s, confirmed: 6795 msg/s, nacked: 0 msg/s, received: 136082 msg/s, min/median/75th/95th/99th/max consumer latency: 555/5623/7912/11500/15270/19456 µs, confirm latency: 4061/14462/17181/20371/24000/34758 µs
id: test-123634-763, time 14.000 s, sent: 5965 msg/s, confirmed: 5965 msg/s, nacked: 0 msg/s, received: 119564 msg/s, min/median/75th/95th/99th/max consumer latency: 504/5456/8051/14780/46797/100573 µs, confirm latency: 3879/13849/16348/38431/101786/106082 µs
id: test-123634-763, time 15.000 s, sent: 6855 msg/s, confirmed: 6855 msg/s, nacked: 0 msg/s, received: 137148 msg/s, min/median/75th/95th/99th/max consumer latency: 492/5620/7833/11732/22531/37764 µs, confirm latency: 3533/13669/16178/20794/43098/49017 µs
id: test-123634-763, time 16.000 s, sent: 7180 msg/s, confirmed: 7180 msg/s, nacked: 0 msg/s, received: 143306 msg/s, min/median/75th/95th/99th/max consumer latency: 615/5106/7264/12004/18846/26560 µs, confirm latency: 6010/13374/15284/20036/27951/38679 µs
id: test-123634-763, time 17.000 s, sent: 6500 msg/s, confirmed: 6500 msg/s, nacked: 0 msg/s, received: 130894 msg/s, min/median/75th/95th/99th/max consumer latency: 412/5440/7884/13097/20479/57906 µs, confirm latency: 5685/13441/16454/22945/68526/69033 µs
id: test-123634-763, time 18.000 s, sent: 6985 msg/s, confirmed: 6985 msg/s, nacked: 0 msg/s, received: 139050 msg/s, min/median/75th/95th/99th/max consumer latency: 312/5514/7784/11619/14624/42313 µs, confirm latency: 3913/13725/16134/21152/35726/40834 µs
id: test-123634-763, time 19.000 s, sent: 7689 msg/s, confirmed: 7702 msg/s, nacked: 0 msg/s, received: 153214 msg/s, min/median/75th/95th/99th/max consumer latency: 359/5141/7163/10286/12238/15592 µs, confirm latency: 5440/12963/14924/17971/19853/23103 µs
id: test-123634-763, time 20.000 s, sent: 7722 msg/s, confirmed: 7709 msg/s, nacked: 0 msg/s, received: 154607 msg/s, min/median/75th/95th/99th/max consumer latency: 292/5068/7061/11327/17345/30718 µs, confirm latency: 5194/12128/15159/18234/20748/29040 µs
id: test-123634-763, time 21.000 s, sent: 8011 msg/s, confirmed: 8011 msg/s, nacked: 0 msg/s, received: 160242 msg/s, min/median/75th/95th/99th/max consumer latency: 439/4460/6452/9029/11094/15463 µs, confirm latency: 4063/12149/13854/17175/18557/20850 µs
id: test-123634-763, time 22.000 s, sent: 7367 msg/s, confirmed: 7367 msg/s, nacked: 0 msg/s, received: 148260 msg/s, min/median/75th/95th/99th/max consumer latency: 343/4855/6729/10686/27196/34133 µs, confirm latency: 5262/12664/14591/22945/36779/43542 µs
id: test-123634-763, time 23.000 s, sent: 7518 msg/s, confirmed: 7518 msg/s, nacked: 0 msg/s, received: 150198 msg/s, min/median/75th/95th/99th/max consumer latency: 484/4825/6676/10100/14157/18007 µs, confirm latency: 4761/12859/14802/18509/23540/34863 µs
id: test-123634-763, time 24.000 s, sent: 7829 msg/s, confirmed: 7829 msg/s, nacked: 0 msg/s, received: 155568 msg/s, min/median/75th/95th/99th/max consumer latency: 423/4807/6643/9174/31138/38690 µs, confirm latency: 4822/12054/14118/17466/21745/45850 µs
id: test-123634-763, time 25.000 s, sent: 8265 msg/s, confirmed: 8265 msg/s, nacked: 0 msg/s, received: 165368 msg/s, min/median/75th/95th/99th/max consumer latency: 247/4510/6333/8994/10673/13603 µs, confirm latency: 5047/12020/13565/15915/18137/21496 µs
test stopped (Reached time limit)
id: test-123634-763, sending rate avg: 7220 msg/s
id: test-123634-763, receiving rate avg: 144402 msg/s
id: test-123634-763, consumer latency min/median/75th/95th/99th/max 342/5141/7408/12263/25155/96174 µs
id: test-123634-763, confirm latency min/median/75th/95th/99th/max 3861/12965/15161/19143/24523/101737 µs
