Picked up JAVA_TOOL_OPTIONS: -Xmx3g
id: test-123809-233, starting consumer #0
id: test-123809-233, starting consumer #0, channel #0
id: test-123809-233, starting consumer #1
id: test-123809-233, starting consumer #1, channel #0
id: test-123809-233, starting consumer #2
id: test-123809-233, starting consumer #2, channel #0
id: test-123809-233, starting consumer #3
id: test-123809-233, starting consumer #3, channel #0
id: test-123809-233, starting consumer #4
id: test-123809-233, starting consumer #4, channel #0
id: test-123809-233, starting consumer #5
id: test-123809-233, starting consumer #5, channel #0
id: test-123809-233, starting consumer #6
id: test-123809-233, starting consumer #6, channel #0
id: test-123809-233, starting consumer #7
id: test-123809-233, starting consumer #7, channel #0
id: test-123809-233, starting consumer #8
id: test-123809-233, starting consumer #8, channel #0
id: test-123809-233, starting consumer #9
id: test-123809-233, starting consumer #9, channel #0
id: test-123809-233, starting consumer #10
id: test-123809-233, starting consumer #10, channel #0
id: test-123809-233, starting consumer #11
id: test-123809-233, starting consumer #11, channel #0
id: test-123809-233, starting consumer #12
id: test-123809-233, starting consumer #12, channel #0
id: test-123809-233, starting consumer #13
id: test-123809-233, starting consumer #13, channel #0
id: test-123809-233, starting consumer #14
id: test-123809-233, starting consumer #14, channel #0
id: test-123809-233, starting consumer #15
id: test-123809-233, starting consumer #15, channel #0
id: test-123809-233, starting consumer #16
id: test-123809-233, starting consumer #16, channel #0
id: test-123809-233, starting consumer #17
id: test-123809-233, starting consumer #17, channel #0
id: test-123809-233, starting consumer #18
id: test-123809-233, starting consumer #18, channel #0
id: test-123809-233, starting consumer #19
id: test-123809-233, starting consumer #19, channel #0
id: test-123809-233, starting consumer #20
id: test-123809-233, starting consumer #20, channel #0
id: test-123809-233, starting consumer #21
id: test-123809-233, starting consumer #21, channel #0
id: test-123809-233, starting consumer #22
id: test-123809-233, starting consumer #22, channel #0
id: test-123809-233, starting consumer #23
id: test-123809-233, starting consumer #23, channel #0
id: test-123809-233, starting consumer #24
id: test-123809-233, starting consumer #24, channel #0
id: test-123809-233, starting consumer #25
id: test-123809-233, starting consumer #25, channel #0
id: test-123809-233, starting consumer #26
id: test-123809-233, starting consumer #26, channel #0
id: test-123809-233, starting consumer #27
id: test-123809-233, starting consumer #27, channel #0
id: test-123809-233, starting consumer #28
id: test-123809-233, starting consumer #28, channel #0
id: test-123809-233, starting consumer #29
id: test-123809-233, starting consumer #29, channel #0
id: test-123809-233, starting consumer #30
id: test-123809-233, starting consumer #30, channel #0
id: test-123809-233, starting consumer #31
id: test-123809-233, starting consumer #31, channel #0
id: test-123809-233, starting consumer #32
id: test-123809-233, starting consumer #32, channel #0
id: test-123809-233, starting consumer #33
id: test-123809-233, starting consumer #33, channel #0
id: test-123809-233, starting consumer #34
id: test-123809-233, starting consumer #34, channel #0
id: test-123809-233, starting consumer #35
id: test-123809-233, starting consumer #35, channel #0
id: test-123809-233, starting consumer #36
id: test-123809-233, starting consumer #36, channel #0
id: test-123809-233, starting consumer #37
id: test-123809-233, starting consumer #37, channel #0
id: test-123809-233, starting consumer #38
id: test-123809-233, starting consumer #38, channel #0
id: test-123809-233, starting consumer #39
id: test-123809-233, starting consumer #39, channel #0
id: test-123809-233, starting consumer #40
id: test-123809-233, starting consumer #40, channel #0
id: test-123809-233, starting consumer #41
id: test-123809-233, starting consumer #41, channel #0
id: test-123809-233, starting consumer #42
id: test-123809-233, starting consumer #42, channel #0
id: test-123809-233, starting consumer #43
id: test-123809-233, starting consumer #43, channel #0
id: test-123809-233, starting consumer #44
id: test-123809-233, starting consumer #44, channel #0
id: test-123809-233, starting consumer #45
id: test-123809-233, starting consumer #45, channel #0
id: test-123809-233, starting consumer #46
id: test-123809-233, starting consumer #46, channel #0
id: test-123809-233, starting consumer #47
id: test-123809-233, starting consumer #47, channel #0
id: test-123809-233, starting consumer #48
id: test-123809-233, starting consumer #48, channel #0
id: test-123809-233, starting consumer #49
id: test-123809-233, starting consumer #49, channel #0
id: test-123809-233, starting consumer #50
id: test-123809-233, starting consumer #50, channel #0
id: test-123809-233, starting consumer #51
id: test-123809-233, starting consumer #51, channel #0
id: test-123809-233, starting consumer #52
id: test-123809-233, starting consumer #52, channel #0
id: test-123809-233, starting consumer #53
id: test-123809-233, starting consumer #53, channel #0
id: test-123809-233, starting consumer #54
id: test-123809-233, starting consumer #54, channel #0
id: test-123809-233, starting consumer #55
id: test-123809-233, starting consumer #55, channel #0
id: test-123809-233, starting consumer #56
id: test-123809-233, starting consumer #56, channel #0
id: test-123809-233, starting consumer #57
id: test-123809-233, starting consumer #57, channel #0
id: test-123809-233, starting consumer #58
id: test-123809-233, starting consumer #58, channel #0
id: test-123809-233, starting consumer #59
id: test-123809-233, starting consumer #59, channel #0
id: test-123809-233, starting consumer #60
id: test-123809-233, starting consumer #60, channel #0
id: test-123809-233, starting consumer #61
id: test-123809-233, starting consumer #61, channel #0
id: test-123809-233, starting consumer #62
id: test-123809-233, starting consumer #62, channel #0
id: test-123809-233, starting consumer #63
id: test-123809-233, starting consumer #63, channel #0
id: test-123809-233, starting producer #0
id: test-123809-233, starting producer #0, channel #0
id: test-123809-233, starting producer #1
id: test-123809-233, starting producer #1, channel #0
id: test-123809-233, starting producer #2
id: test-123809-233, starting producer #2, channel #0
id: test-123809-233, starting producer #3
id: test-123809-233, starting producer #3, channel #0
id: test-123809-233, starting producer #4
id: test-123809-233, starting producer #4, channel #0
id: test-123809-233, starting producer #5
id: test-123809-233, starting producer #5, channel #0
id: test-123809-233, starting producer #6
id: test-123809-233, starting producer #6, channel #0
id: test-123809-233, starting producer #7
id: test-123809-233, starting producer #7, channel #0
id: test-123809-233, starting producer #8
id: test-123809-233, starting producer #8, channel #0
id: test-123809-233, starting producer #9
id: test-123809-233, starting producer #9, channel #0
id: test-123809-233, starting producer #10
id: test-123809-233, starting producer #10, channel #0
id: test-123809-233, starting producer #11
id: test-123809-233, starting producer #11, channel #0
id: test-123809-233, starting producer #12
id: test-123809-233, starting producer #12, channel #0
id: test-123809-233, starting producer #13
id: test-123809-233, starting producer #13, channel #0
id: test-123809-233, starting producer #14
id: test-123809-233, starting producer #14, channel #0
id: test-123809-233, starting producer #15
id: test-123809-233, starting producer #15, channel #0
id: test-123809-233, starting producer #16
id: test-123809-233, starting producer #16, channel #0
id: test-123809-233, starting producer #17
id: test-123809-233, starting producer #17, channel #0
id: test-123809-233, starting producer #18
id: test-123809-233, starting producer #18, channel #0
id: test-123809-233, starting producer #19
id: test-123809-233, starting producer #19, channel #0
id: test-123809-233, starting producer #20
id: test-123809-233, starting producer #20, channel #0
id: test-123809-233, starting producer #21
id: test-123809-233, starting producer #21, channel #0
id: test-123809-233, starting producer #22
id: test-123809-233, starting producer #22, channel #0
id: test-123809-233, starting producer #23
id: test-123809-233, starting producer #23, channel #0
id: test-123809-233, starting producer #24
id: test-123809-233, starting producer #24, channel #0
id: test-123809-233, starting producer #25
id: test-123809-233, starting producer #25, channel #0
id: test-123809-233, starting producer #26
id: test-123809-233, starting producer #26, channel #0
id: test-123809-233, starting producer #27
id: test-123809-233, starting producer #27, channel #0
id: test-123809-233, starting producer #28
id: test-123809-233, starting producer #28, channel #0
id: test-123809-233, starting producer #29
id: test-123809-233, starting producer #29, channel #0
id: test-123809-233, starting producer #30
id: test-123809-233, starting producer #30, channel #0
id: test-123809-233, starting producer #31
id: test-123809-233, starting producer #31, channel #0
id: test-123809-233, starting producer #32
id: test-123809-233, starting producer #32, channel #0
id: test-123809-233, starting producer #33
id: test-123809-233, starting producer #33, channel #0
id: test-123809-233, starting producer #34
id: test-123809-233, starting producer #34, channel #0
id: test-123809-233, starting producer #35
id: test-123809-233, starting producer #35, channel #0
id: test-123809-233, starting producer #36
id: test-123809-233, starting producer #36, channel #0
id: test-123809-233, starting producer #37
id: test-123809-233, starting producer #37, channel #0
id: test-123809-233, starting producer #38
id: test-123809-233, starting producer #38, channel #0
id: test-123809-233, starting producer #39
id: test-123809-233, starting producer #39, channel #0
id: test-123809-233, starting producer #40
id: test-123809-233, starting producer #40, channel #0
id: test-123809-233, starting producer #41
id: test-123809-233, starting producer #41, channel #0
id: test-123809-233, starting producer #42
id: test-123809-233, starting producer #42, channel #0
id: test-123809-233, starting producer #43
id: test-123809-233, starting producer #43, channel #0
id: test-123809-233, starting producer #44
id: test-123809-233, starting producer #44, channel #0
id: test-123809-233, starting producer #45
id: test-123809-233, starting producer #45, channel #0
id: test-123809-233, starting producer #46
id: test-123809-233, starting producer #46, channel #0
id: test-123809-233, starting producer #47
id: test-123809-233, starting producer #47, channel #0
id: test-123809-233, starting producer #48
id: test-123809-233, starting producer #48, channel #0
id: test-123809-233, starting producer #49
id: test-123809-233, starting producer #49, channel #0
id: test-123809-233, starting producer #50
id: test-123809-233, starting producer #50, channel #0
id: test-123809-233, starting producer #51
id: test-123809-233, starting producer #51, channel #0
id: test-123809-233, starting producer #52
id: test-123809-233, starting producer #52, channel #0
id: test-123809-233, starting producer #53
id: test-123809-233, starting producer #53, channel #0
id: test-123809-233, starting producer #54
id: test-123809-233, starting producer #54, channel #0
id: test-123809-233, starting producer #55
id: test-123809-233, starting producer #55, channel #0
id: test-123809-233, starting producer #56
id: test-123809-233, starting producer #56, channel #0
id: test-123809-233, starting producer #57
id: test-123809-233, starting producer #57, channel #0
id: test-123809-233, starting producer #58
id: test-123809-233, starting producer #58, channel #0
id: test-123809-233, starting producer #59
id: test-123809-233, starting producer #59, channel #0
id: test-123809-233, starting producer #60
id: test-123809-233, starting producer #60, channel #0
id: test-123809-233, starting producer #61
id: test-123809-233, starting producer #61, channel #0
id: test-123809-233, starting producer #62
id: test-123809-233, starting producer #62, channel #0
id: test-123809-233, starting producer #63
id: test-123809-233, starting producer #63, channel #0
id: test-123809-233, time 1.019 s, sent: 56437 msg/s, confirmed: 56391 msg/s, nacked: 0 msg/s, received: 49106 msg/s, min/median/75th/95th/99th/max consumer latency: 207/42822/138236/399222/559742/772548 µs, confirm latency: 251/2161/5386/42738/141136/173726 µs
id: test-123809-233, time 2.016 s, sent: 73703 msg/s, confirmed: 72774 msg/s, nacked: 0 msg/s, received: 72795 msg/s, min/median/75th/95th/99th/max consumer latency: 417/64671/168695/431792/585983/764795 µs, confirm latency: 201/3767/8979/30949/67542/132720 µs
id: test-123809-233, time 3.008 s, sent: 89704 msg/s, confirmed: 89936 msg/s, nacked: 0 msg/s, received: 86127 msg/s, min/median/75th/95th/99th/max consumer latency: 281/65505/161959/402924/690467/805893 µs, confirm latency: 156/2451/4943/19582/73247/188840 µs
id: test-123809-233, time 4.000 s, sent: 100302 msg/s, confirmed: 99800 msg/s, nacked: 0 msg/s, received: 111528 msg/s, min/median/75th/95th/99th/max consumer latency: 676/12371/81453/373050/515165/584154 µs, confirm latency: 317/7774/12902/25554/48605/110347 µs
id: test-123809-233, time 5.000 s, sent: 134537 msg/s, confirmed: 134497 msg/s, nacked: 0 msg/s, received: 134495 msg/s, min/median/75th/95th/99th/max consumer latency: 394/6049/8471/14488/22622/35887 µs, confirm latency: 1379/8095/10864/15637/20440/39937 µs
id: test-123809-233, time 6.000 s, sent: 139954 msg/s, confirmed: 139954 msg/s, nacked: 0 msg/s, received: 139784 msg/s, min/median/75th/95th/99th/max consumer latency: 1385/5725/7785/11477/14680/18262 µs, confirm latency: 1456/8512/10872/15752/18647/24562 µs
id: test-123809-233, time 7.000 s, sent: 126274 msg/s, confirmed: 126274 msg/s, nacked: 0 msg/s, received: 126259 msg/s, min/median/75th/95th/99th/max consumer latency: 940/6196/8548/14948/34712/42812 µs, confirm latency: 1286/9001/11889/18887/31753/41346 µs
id: test-123809-233, time 8.000 s, sent: 133776 msg/s, confirmed: 133776 msg/s, nacked: 0 msg/s, received: 133853 msg/s, min/median/75th/95th/99th/max consumer latency: 959/6087/8195/12366/16015/23916 µs, confirm latency: 1128/8623/11363/17940/22432/33840 µs
id: test-123809-233, time 9.001 s, sent: 123758 msg/s, confirmed: 123817 msg/s, nacked: 0 msg/s, received: 123877 msg/s, min/median/75th/95th/99th/max consumer latency: 891/6180/8370/14235/27191/41837 µs, confirm latency: 1847/9233/11936/17898/25324/52644 µs
id: test-123809-233, time 10.000 s, sent: 129878 msg/s, confirmed: 129821 msg/s, nacked: 0 msg/s, received: 129780 msg/s, min/median/75th/95th/99th/max consumer latency: 668/6273/8701/13664/17905/23222 µs, confirm latency: 1207/9343/11744/17062/21792/25674 µs
id: test-123809-233, time 11.000 s, sent: 135914 msg/s, confirmed: 135930 msg/s, nacked: 0 msg/s, received: 135931 msg/s, min/median/75th/95th/99th/max consumer latency: 674/5996/8240/12551/15175/19693 µs, confirm latency: 1477/8851/11803/16517/20263/31557 µs
id: test-123809-233, time 12.000 s, sent: 131877 msg/s, confirmed: 131859 msg/s, nacked: 0 msg/s, received: 131857 msg/s, min/median/75th/95th/99th/max consumer latency: 808/6335/8832/13926/18941/38286 µs, confirm latency: 897/8653/11415/16842/29735/53107 µs
id: test-123809-233, time 13.000 s, sent: 134055 msg/s, confirmed: 134055 msg/s, nacked: 0 msg/s, received: 134013 msg/s, min/median/75th/95th/99th/max consumer latency: 531/6151/8102/12809/16750/26480 µs, confirm latency: 1797/8900/11255/16723/20033/29087 µs
id: test-123809-233, time 14.000 s, sent: 130896 msg/s, confirmed: 130971 msg/s, nacked: 0 msg/s, received: 131085 msg/s, min/median/75th/95th/99th/max consumer latency: 796/6117/8129/12749/18492/49863 µs, confirm latency: 1245/8661/11337/15952/20402/51437 µs
id: test-123809-233, time 15.000 s, sent: 133784 msg/s, confirmed: 133739 msg/s, nacked: 0 msg/s, received: 133596 msg/s, min/median/75th/95th/99th/max consumer latency: 1322/6237/8399/12045/16193/19348 µs, confirm latency: 1046/9040/11607/15763/20522/28442 µs
id: test-123809-233, time 16.000 s, sent: 129868 msg/s, confirmed: 129838 msg/s, nacked: 0 msg/s, received: 129803 msg/s, min/median/75th/95th/99th/max consumer latency: 1453/6425/8675/13865/19179/22057 µs, confirm latency: 1338/8926/11726/17182/25202/60585 µs
id: test-123809-233, time 17.000 s, sent: 136366 msg/s, confirmed: 136366 msg/s, nacked: 0 msg/s, received: 136418 msg/s, min/median/75th/95th/99th/max consumer latency: 622/6213/8152/12278/16243/22067 µs, confirm latency: 1346/8730/11191/15961/19404/25679 µs
id: test-123809-233, time 18.000 s, sent: 133526 msg/s, confirmed: 133557 msg/s, nacked: 0 msg/s, received: 133609 msg/s, min/median/75th/95th/99th/max consumer latency: 1286/6144/8087/12447/16639/40524 µs, confirm latency: 2145/8765/11417/16759/21206/34962 µs
id: test-123809-233, time 19.000 s, sent: 134803 msg/s, confirmed: 134772 msg/s, nacked: 0 msg/s, received: 134515 msg/s, min/median/75th/95th/99th/max consumer latency: 645/6146/8445/12894/15993/22941 µs, confirm latency: 1665/8916/11860/16790/21910/30897 µs
id: test-123809-233, time 20.000 s, sent: 130382 msg/s, confirmed: 130390 msg/s, nacked: 0 msg/s, received: 130636 msg/s, min/median/75th/95th/99th/max consumer latency: 784/5975/7976/12314/18366/46840 µs, confirm latency: 1314/8961/11440/16627/30349/53759 µs
id: test-123809-233, time 21.000 s, sent: 137313 msg/s, confirmed: 137324 msg/s, nacked: 0 msg/s, received: 137482 msg/s, min/median/75th/95th/99th/max consumer latency: 787/5981/8259/12137/15302/21555 µs, confirm latency: 902/8736/11295/15656/18605/25030 µs
id: test-123809-233, time 22.000 s, sent: 133271 msg/s, confirmed: 133252 msg/s, nacked: 0 msg/s, received: 133185 msg/s, min/median/75th/95th/99th/max consumer latency: 1043/6114/8179/13204/25635/53400 µs, confirm latency: 794/8600/11331/17191/22990/32968 µs
id: test-123809-233, time 23.000 s, sent: 134652 msg/s, confirmed: 134652 msg/s, nacked: 0 msg/s, received: 134582 msg/s, min/median/75th/95th/99th/max consumer latency: 744/6146/8218/12465/16704/22588 µs, confirm latency: 1362/8711/11336/16024/19494/28450 µs
id: test-123809-233, time 24.000 s, sent: 129389 msg/s, confirmed: 129398 msg/s, nacked: 0 msg/s, received: 129528 msg/s, min/median/75th/95th/99th/max consumer latency: 437/6396/8266/12294/19502/64705 µs, confirm latency: 966/8777/11112/16209/25474/55579 µs
id: test-123809-233, time 25.000 s, sent: 137239 msg/s, confirmed: 137230 msg/s, nacked: 0 msg/s, received: 136987 msg/s, min/median/75th/95th/99th/max consumer latency: 587/6138/8140/12507/15911/21632 µs, confirm latency: 1430/8691/11438/15876/20789/27306 µs
test stopped (Reached time limit)
id: test-123809-233, sending rate avg: 124328 msg/s
id: test-123809-233, receiving rate avg: 124368 msg/s
id: test-123809-233, consumer latency min/median/75th/95th/99th/max 419/6254/8622/16620/193728/639021 µs
id: test-123809-233, confirm latency min/median/75th/95th/99th/max 352/8468/11054/16811/23686/57568 µs
