Picked up JAVA_TOOL_OPTIONS: -Xmx3g
id: test-115610-762, starting consumer #0
id: test-115610-762, starting consumer #0, channel #0
id: test-115610-762, starting consumer #1
id: test-115610-762, starting consumer #1, channel #0
id: test-115610-762, starting consumer #2
id: test-115610-762, starting consumer #2, channel #0
id: test-115610-762, starting consumer #3
id: test-115610-762, starting consumer #3, channel #0
id: test-115610-762, starting producer #0
id: test-115610-762, starting producer #0, channel #0
id: test-115610-762, starting producer #1
id: test-115610-762, starting producer #1, channel #0
id: test-115610-762, starting producer #2
id: test-115610-762, starting producer #2, channel #0
id: test-115610-762, starting producer #3
id: test-115610-762, starting producer #3, channel #0
id: test-115610-762, time 1.000 s, sent: 102048 msg/s, received: 95853 msg/s, min/median/75th/95th/99th/max consumer latency: 105/54988/69164/108949/138600/145093 µs
id: test-115610-762, time 2.000 s, sent: 101731 msg/s, received: 101051 msg/s, min/median/75th/95th/99th/max consumer latency: 38454/61611/76006/93343/104341/109640 µs
id: test-115610-762, time 3.000 s, sent: 98393 msg/s, received: 98915 msg/s, min/median/75th/95th/99th/max consumer latency: 31887/63910/76017/92384/111029/122010 µs
id: test-115610-762, time 4.000 s, sent: 99823 msg/s, received: 99422 msg/s, min/median/75th/95th/99th/max consumer latency: 31470/63269/77705/95706/119985/132465 µs
id: test-115610-762, time 5.000 s, sent: 95700 msg/s, received: 96255 msg/s, min/median/75th/95th/99th/max consumer latency: 36052/64141/80708/105728/127357/135472 µs
id: test-115610-762, time 6.000 s, sent: 101056 msg/s, received: 101057 msg/s, min/median/75th/95th/99th/max consumer latency: 34606/61907/77212/98467/123509/128659 µs
id: test-115610-762, time 7.000 s, sent: 96639 msg/s, received: 96395 msg/s, min/median/75th/95th/99th/max consumer latency: 42711/63127/78661/98195/110917/116014 µs
id: test-115610-762, time 8.000 s, sent: 93122 msg/s, received: 93506 msg/s, min/median/75th/95th/99th/max consumer latency: 41206/69112/86688/105537/118123/121660 µs
id: test-115610-762, time 9.000 s, sent: 88854 msg/s, received: 88278 msg/s, min/median/75th/95th/99th/max consumer latency: 42704/72833/89068/116343/126990/134488 µs
id: test-115610-762, time 10.000 s, sent: 97436 msg/s, received: 97408 msg/s, min/median/75th/95th/99th/max consumer latency: 37082/65024/84618/98057/112487/117168 µs
id: test-115610-762, time 11.000 s, sent: 98666 msg/s, received: 98806 msg/s, min/median/75th/95th/99th/max consumer latency: 39535/63665/76692/98492/114818/124095 µs
id: test-115610-762, time 12.000 s, sent: 96372 msg/s, received: 96116 msg/s, min/median/75th/95th/99th/max consumer latency: 39554/64920/79220/101983/112957/123734 µs
id: test-115610-762, time 13.000 s, sent: 96905 msg/s, received: 97391 msg/s, min/median/75th/95th/99th/max consumer latency: 39079/66059/80393/97869/106000/111833 µs
id: test-115610-762, time 14.000 s, sent: 99481 msg/s, received: 98690 msg/s, min/median/75th/95th/99th/max consumer latency: 34581/62843/77315/95073/108009/122200 µs
id: test-115610-762, time 15.000 s, sent: 90826 msg/s, received: 90883 msg/s, min/median/75th/95th/99th/max consumer latency: 36179/69565/90096/110462/123441/133052 µs
id: test-115610-762, time 16.000 s, sent: 87212 msg/s, received: 87118 msg/s, min/median/75th/95th/99th/max consumer latency: 40081/74313/91765/130066/147614/152604 µs
id: test-115610-762, time 17.000 s, sent: 94335 msg/s, received: 95030 msg/s, min/median/75th/95th/99th/max consumer latency: 40589/67862/83563/103099/113890/121350 µs
id: test-115610-762, time 18.000 s, sent: 97119 msg/s, received: 96765 msg/s, min/median/75th/95th/99th/max consumer latency: 34356/62906/80359/100912/130003/148712 µs
id: test-115610-762, time 19.000 s, sent: 96219 msg/s, received: 96396 msg/s, min/median/75th/95th/99th/max consumer latency: 38982/67597/80112/100445/119957/126377 µs
id: test-115610-762, time 20.000 s, sent: 95359 msg/s, received: 95383 msg/s, min/median/75th/95th/99th/max consumer latency: 36332/64774/80649/98452/123743/131806 µs
id: test-115610-762, time 21.000 s, sent: 96243 msg/s, received: 96290 msg/s, min/median/75th/95th/99th/max consumer latency: 45424/63503/83815/99143/119895/132808 µs
id: test-115610-762, time 22.000 s, sent: 84019 msg/s, received: 83420 msg/s, min/median/75th/95th/99th/max consumer latency: 37032/73102/96348/133435/166566/177304 µs
id: test-115610-762, time 23.000 s, sent: 90635 msg/s, received: 91349 msg/s, min/median/75th/95th/99th/max consumer latency: 36467/72608/82793/103018/111344/120067 µs
id: test-115610-762, time 24.000 s, sent: 87842 msg/s, received: 87386 msg/s, min/median/75th/95th/99th/max consumer latency: 45197/71916/90443/121875/149203/156219 µs
id: test-115610-762, time 25.000 s, sent: 94872 msg/s, received: 94865 msg/s, min/median/75th/95th/99th/max consumer latency: 43419/66662/84234/103018/113649/129228 µs
test stopped (Reached time limit)
id: test-115610-762, sending rate avg: 94958 msg/s
id: test-115610-762, receiving rate avg: 94975 msg/s
id: test-115610-762, consumer latency min/median/75th/95th/99th/max 3477/66011/83057/107418/124284/153965 µs
