Picked up JAVA_TOOL_OPTIONS: -Xmx3g
id: test-120012-352, starting consumer #0
id: test-120012-352, starting consumer #0, channel #0
id: test-120012-352, starting consumer #1
id: test-120012-352, starting consumer #1, channel #0
id: test-120012-352, starting consumer #2
id: test-120012-352, starting consumer #2, channel #0
id: test-120012-352, starting consumer #3
id: test-120012-352, starting consumer #3, channel #0
id: test-120012-352, starting consumer #4
id: test-120012-352, starting consumer #4, channel #0
id: test-120012-352, starting consumer #5
id: test-120012-352, starting consumer #5, channel #0
id: test-120012-352, starting consumer #6
id: test-120012-352, starting consumer #6, channel #0
id: test-120012-352, starting consumer #7
id: test-120012-352, starting consumer #7, channel #0
id: test-120012-352, starting consumer #8
id: test-120012-352, starting consumer #8, channel #0
id: test-120012-352, starting consumer #9
id: test-120012-352, starting consumer #9, channel #0
id: test-120012-352, starting consumer #10
id: test-120012-352, starting consumer #10, channel #0
id: test-120012-352, starting consumer #11
id: test-120012-352, starting consumer #11, channel #0
id: test-120012-352, starting consumer #12
id: test-120012-352, starting consumer #12, channel #0
id: test-120012-352, starting consumer #13
id: test-120012-352, starting consumer #13, channel #0
id: test-120012-352, starting consumer #14
id: test-120012-352, starting consumer #14, channel #0
id: test-120012-352, starting consumer #15
id: test-120012-352, starting consumer #15, channel #0
id: test-120012-352, starting consumer #16
id: test-120012-352, starting consumer #16, channel #0
id: test-120012-352, starting consumer #17
id: test-120012-352, starting consumer #17, channel #0
id: test-120012-352, starting consumer #18
id: test-120012-352, starting consumer #18, channel #0
id: test-120012-352, starting consumer #19
id: test-120012-352, starting consumer #19, channel #0
id: test-120012-352, starting consumer #20
id: test-120012-352, starting consumer #20, channel #0
id: test-120012-352, starting consumer #21
id: test-120012-352, starting consumer #21, channel #0
id: test-120012-352, starting consumer #22
id: test-120012-352, starting consumer #22, channel #0
id: test-120012-352, starting consumer #23
id: test-120012-352, starting consumer #23, channel #0
id: test-120012-352, starting consumer #24
id: test-120012-352, starting consumer #24, channel #0
id: test-120012-352, starting consumer #25
id: test-120012-352, starting consumer #25, channel #0
id: test-120012-352, starting consumer #26
id: test-120012-352, starting consumer #26, channel #0
id: test-120012-352, starting consumer #27
id: test-120012-352, starting consumer #27, channel #0
id: test-120012-352, starting consumer #28
id: test-120012-352, starting consumer #28, channel #0
id: test-120012-352, starting consumer #29
id: test-120012-352, starting consumer #29, channel #0
id: test-120012-352, starting consumer #30
id: test-120012-352, starting consumer #30, channel #0
id: test-120012-352, starting consumer #31
id: test-120012-352, starting consumer #31, channel #0
id: test-120012-352, starting consumer #32
id: test-120012-352, starting consumer #32, channel #0
id: test-120012-352, starting consumer #33
id: test-120012-352, starting consumer #33, channel #0
id: test-120012-352, starting consumer #34
id: test-120012-352, starting consumer #34, channel #0
id: test-120012-352, starting consumer #35
id: test-120012-352, starting consumer #35, channel #0
id: test-120012-352, starting consumer #36
id: test-120012-352, starting consumer #36, channel #0
id: test-120012-352, starting consumer #37
id: test-120012-352, starting consumer #37, channel #0
id: test-120012-352, starting consumer #38
id: test-120012-352, starting consumer #38, channel #0
id: test-120012-352, starting consumer #39
id: test-120012-352, starting consumer #39, channel #0
id: test-120012-352, starting consumer #40
id: test-120012-352, starting consumer #40, channel #0
id: test-120012-352, starting consumer #41
id: test-120012-352, starting consumer #41, channel #0
id: test-120012-352, starting consumer #42
id: test-120012-352, starting consumer #42, channel #0
id: test-120012-352, starting consumer #43
id: test-120012-352, starting consumer #43, channel #0
id: test-120012-352, starting consumer #44
id: test-120012-352, starting consumer #44, channel #0
id: test-120012-352, starting consumer #45
id: test-120012-352, starting consumer #45, channel #0
id: test-120012-352, starting consumer #46
id: test-120012-352, starting consumer #46, channel #0
id: test-120012-352, starting consumer #47
id: test-120012-352, starting consumer #47, channel #0
id: test-120012-352, starting consumer #48
id: test-120012-352, starting consumer #48, channel #0
id: test-120012-352, starting consumer #49
id: test-120012-352, starting consumer #49, channel #0
id: test-120012-352, starting consumer #50
id: test-120012-352, starting consumer #50, channel #0
id: test-120012-352, starting consumer #51
id: test-120012-352, starting consumer #51, channel #0
id: test-120012-352, starting consumer #52
id: test-120012-352, starting consumer #52, channel #0
id: test-120012-352, starting consumer #53
id: test-120012-352, starting consumer #53, channel #0
id: test-120012-352, starting consumer #54
id: test-120012-352, starting consumer #54, channel #0
id: test-120012-352, starting consumer #55
id: test-120012-352, starting consumer #55, channel #0
id: test-120012-352, starting consumer #56
id: test-120012-352, starting consumer #56, channel #0
id: test-120012-352, starting consumer #57
id: test-120012-352, starting consumer #57, channel #0
id: test-120012-352, starting consumer #58
id: test-120012-352, starting consumer #58, channel #0
id: test-120012-352, starting consumer #59
id: test-120012-352, starting consumer #59, channel #0
id: test-120012-352, starting consumer #60
id: test-120012-352, starting consumer #60, channel #0
id: test-120012-352, starting consumer #61
id: test-120012-352, starting consumer #61, channel #0
id: test-120012-352, starting consumer #62
id: test-120012-352, starting consumer #62, channel #0
id: test-120012-352, starting consumer #63
id: test-120012-352, starting consumer #63, channel #0
id: test-120012-352, starting producer #0
id: test-120012-352, starting producer #0, channel #0
id: test-120012-352, starting producer #1
id: test-120012-352, starting producer #1, channel #0
id: test-120012-352, starting producer #2
id: test-120012-352, starting producer #2, channel #0
id: test-120012-352, starting producer #3
id: test-120012-352, starting producer #3, channel #0
id: test-120012-352, starting producer #4
id: test-120012-352, starting producer #4, channel #0
id: test-120012-352, starting producer #5
id: test-120012-352, starting producer #5, channel #0
id: test-120012-352, starting producer #6
id: test-120012-352, starting producer #6, channel #0
id: test-120012-352, starting producer #7
id: test-120012-352, starting producer #7, channel #0
id: test-120012-352, starting producer #8
id: test-120012-352, starting producer #8, channel #0
id: test-120012-352, starting producer #9
id: test-120012-352, starting producer #9, channel #0
id: test-120012-352, starting producer #10
id: test-120012-352, starting producer #10, channel #0
id: test-120012-352, starting producer #11
id: test-120012-352, starting producer #11, channel #0
id: test-120012-352, starting producer #12
id: test-120012-352, starting producer #12, channel #0
id: test-120012-352, starting producer #13
id: test-120012-352, starting producer #13, channel #0
id: test-120012-352, starting producer #14
id: test-120012-352, starting producer #14, channel #0
id: test-120012-352, starting producer #15
id: test-120012-352, starting producer #15, channel #0
id: test-120012-352, starting producer #16
id: test-120012-352, starting producer #16, channel #0
id: test-120012-352, starting producer #17
id: test-120012-352, starting producer #17, channel #0
id: test-120012-352, starting producer #18
id: test-120012-352, starting producer #18, channel #0
id: test-120012-352, starting producer #19
id: test-120012-352, starting producer #19, channel #0
id: test-120012-352, starting producer #20
id: test-120012-352, starting producer #20, channel #0
id: test-120012-352, starting producer #21
id: test-120012-352, starting producer #21, channel #0
id: test-120012-352, starting producer #22
id: test-120012-352, starting producer #22, channel #0
id: test-120012-352, starting producer #23
id: test-120012-352, starting producer #23, channel #0
id: test-120012-352, starting producer #24
id: test-120012-352, starting producer #24, channel #0
id: test-120012-352, starting producer #25
id: test-120012-352, starting producer #25, channel #0
id: test-120012-352, starting producer #26
id: test-120012-352, starting producer #26, channel #0
id: test-120012-352, starting producer #27
id: test-120012-352, starting producer #27, channel #0
id: test-120012-352, starting producer #28
id: test-120012-352, starting producer #28, channel #0
id: test-120012-352, starting producer #29
id: test-120012-352, starting producer #29, channel #0
id: test-120012-352, starting producer #30
id: test-120012-352, starting producer #30, channel #0
id: test-120012-352, starting producer #31
id: test-120012-352, starting producer #31, channel #0
id: test-120012-352, starting producer #32
id: test-120012-352, starting producer #32, channel #0
id: test-120012-352, starting producer #33
id: test-120012-352, starting producer #33, channel #0
id: test-120012-352, starting producer #34
id: test-120012-352, starting producer #34, channel #0
id: test-120012-352, starting producer #35
id: test-120012-352, starting producer #35, channel #0
id: test-120012-352, starting producer #36
id: test-120012-352, starting producer #36, channel #0
id: test-120012-352, starting producer #37
id: test-120012-352, starting producer #37, channel #0
id: test-120012-352, starting producer #38
id: test-120012-352, starting producer #38, channel #0
id: test-120012-352, starting producer #39
id: test-120012-352, starting producer #39, channel #0
id: test-120012-352, starting producer #40
id: test-120012-352, starting producer #40, channel #0
id: test-120012-352, starting producer #41
id: test-120012-352, starting producer #41, channel #0
id: test-120012-352, starting producer #42
id: test-120012-352, starting producer #42, channel #0
id: test-120012-352, starting producer #43
id: test-120012-352, starting producer #43, channel #0
id: test-120012-352, starting producer #44
id: test-120012-352, starting producer #44, channel #0
id: test-120012-352, starting producer #45
id: test-120012-352, starting producer #45, channel #0
id: test-120012-352, starting producer #46
id: test-120012-352, starting producer #46, channel #0
id: test-120012-352, starting producer #47
id: test-120012-352, starting producer #47, channel #0
id: test-120012-352, starting producer #48
id: test-120012-352, starting producer #48, channel #0
id: test-120012-352, starting producer #49
id: test-120012-352, starting producer #49, channel #0
id: test-120012-352, starting producer #50
id: test-120012-352, starting producer #50, channel #0
id: test-120012-352, starting producer #51
id: test-120012-352, starting producer #51, channel #0
id: test-120012-352, starting producer #52
id: test-120012-352, starting producer #52, channel #0
id: test-120012-352, starting producer #53
id: test-120012-352, starting producer #53, channel #0
id: test-120012-352, starting producer #54
id: test-120012-352, starting producer #54, channel #0
id: test-120012-352, starting producer #55
id: test-120012-352, starting producer #55, channel #0
id: test-120012-352, starting producer #56
id: test-120012-352, starting producer #56, channel #0
id: test-120012-352, starting producer #57
id: test-120012-352, starting producer #57, channel #0
id: test-120012-352, starting producer #58
id: test-120012-352, starting producer #58, channel #0
id: test-120012-352, starting producer #59
id: test-120012-352, starting producer #59, channel #0
id: test-120012-352, starting producer #60
id: test-120012-352, starting producer #60, channel #0
id: test-120012-352, starting producer #61
id: test-120012-352, starting producer #61, channel #0
id: test-120012-352, starting producer #62
id: test-120012-352, starting producer #62, channel #0
id: test-120012-352, starting producer #63
id: test-120012-352, starting producer #63, channel #0
id: test-120012-352, time 1.000 s, sent: 33041 msg/s, confirmed: 31761 msg/s, nacked: 0 msg/s, received: 32484 msg/s, min/median/75th/95th/99th/max consumer latency: 4412/24486/29688/43942/56277/81645 µs, confirm latency: 3824/35611/39557/53455/65667/80663 µs
id: test-120012-352, time 2.000 s, sent: 34065 msg/s, confirmed: 34065 msg/s, nacked: 0 msg/s, received: 33759 msg/s, min/median/75th/95th/99th/max consumer latency: 7776/24080/27769/35220/55806/64242 µs, confirm latency: 27991/35934/39196/56106/73168/99842 µs
id: test-120012-352, time 3.000 s, sent: 35419 msg/s, confirmed: 35439 msg/s, nacked: 0 msg/s, received: 35462 msg/s, min/median/75th/95th/99th/max consumer latency: 6093/23291/27262/33300/39935/44431 µs, confirm latency: 23845/35423/38711/45755/50430/68300 µs
id: test-120012-352, time 4.000 s, sent: 35827 msg/s, confirmed: 35807 msg/s, nacked: 0 msg/s, received: 35823 msg/s, min/median/75th/95th/99th/max consumer latency: 6706/22741/26244/33595/46640/55388 µs, confirm latency: 23386/34314/37688/49329/60093/65377 µs
id: test-120012-352, time 5.000 s, sent: 34575 msg/s, confirmed: 34575 msg/s, nacked: 0 msg/s, received: 34364 msg/s, min/median/75th/95th/99th/max consumer latency: 9154/24112/28325/34129/40578/48119 µs, confirm latency: 23741/35695/39084/48376/56216/60187 µs
id: test-120012-352, time 6.000 s, sent: 35231 msg/s, confirmed: 35231 msg/s, nacked: 0 msg/s, received: 35463 msg/s, min/median/75th/95th/99th/max consumer latency: 9939/22902/27011/36736/45266/51484 µs, confirm latency: 9661/34769/38038/47531/61652/77862 µs
id: test-120012-352, time 7.000 s, sent: 34966 msg/s, confirmed: 34966 msg/s, nacked: 0 msg/s, received: 35015 msg/s, min/median/75th/95th/99th/max consumer latency: 6742/23490/27720/34454/41469/51188 µs, confirm latency: 22838/35400/38523/48277/58337/65020 µs
id: test-120012-352, time 8.000 s, sent: 35622 msg/s, confirmed: 35622 msg/s, nacked: 0 msg/s, received: 35629 msg/s, min/median/75th/95th/99th/max consumer latency: 3574/22494/26314/32923/47531/63319 µs, confirm latency: 15972/34560/38273/51609/65627/73661 µs
id: test-120012-352, time 9.000 s, sent: 29815 msg/s, confirmed: 29835 msg/s, nacked: 0 msg/s, received: 29769 msg/s, min/median/75th/95th/99th/max consumer latency: 6919/27485/32844/43998/53678/73532 µs, confirm latency: 23473/40960/46152/61766/70991/84003 µs
id: test-120012-352, time 10.000 s, sent: 31740 msg/s, confirmed: 31720 msg/s, nacked: 0 msg/s, received: 31756 msg/s, min/median/75th/95th/99th/max consumer latency: 7220/25744/30139/42827/61246/69686 µs, confirm latency: 21975/38511/43072/56351/75835/86355 µs
id: test-120012-352, time 11.000 s, sent: 35065 msg/s, confirmed: 35065 msg/s, nacked: 0 msg/s, received: 35026 msg/s, min/median/75th/95th/99th/max consumer latency: 7061/24014/27609/34990/41372/45103 µs, confirm latency: 23725/35771/39039/45846/51583/60487 µs
id: test-120012-352, time 12.000 s, sent: 34603 msg/s, confirmed: 34660 msg/s, nacked: 0 msg/s, received: 34785 msg/s, min/median/75th/95th/99th/max consumer latency: 9444/23403/27572/34678/43983/52035 µs, confirm latency: 23256/35593/39310/48454/54722/70636 µs
id: test-120012-352, time 13.000 s, sent: 36512 msg/s, confirmed: 36455 msg/s, nacked: 0 msg/s, received: 36243 msg/s, min/median/75th/95th/99th/max consumer latency: 6320/22363/26049/32795/39994/57323 µs, confirm latency: 21603/34355/37562/46485/51507/61874 µs
id: test-120012-352, time 14.000 s, sent: 35810 msg/s, confirmed: 35810 msg/s, nacked: 0 msg/s, received: 35861 msg/s, min/median/75th/95th/99th/max consumer latency: 7657/23153/26643/32994/39195/55932 µs, confirm latency: 15800/34984/38182/44906/51517/67107 µs
id: test-120012-352, time 15.000 s, sent: 35757 msg/s, confirmed: 35777 msg/s, nacked: 0 msg/s, received: 36171 msg/s, min/median/75th/95th/99th/max consumer latency: 10535/22459/26236/32331/40095/54909 µs, confirm latency: 19354/34444/37423/45728/53051/59980 µs
id: test-120012-352, time 16.000 s, sent: 34605 msg/s, confirmed: 34585 msg/s, nacked: 0 msg/s, received: 34223 msg/s, min/median/75th/95th/99th/max consumer latency: 7000/23142/26968/39802/51205/55918 µs, confirm latency: 23484/35045/39569/57332/64283/82156 µs
id: test-120012-352, time 17.000 s, sent: 35565 msg/s, confirmed: 35565 msg/s, nacked: 0 msg/s, received: 35480 msg/s, min/median/75th/95th/99th/max consumer latency: 6175/22846/26732/33797/40573/53136 µs, confirm latency: 21846/34852/38362/47301/54214/73899 µs
id: test-120012-352, time 18.000 s, sent: 32264 msg/s, confirmed: 32264 msg/s, nacked: 0 msg/s, received: 32346 msg/s, min/median/75th/95th/99th/max consumer latency: 8336/24624/28695/38709/55822/64844 µs, confirm latency: 19204/37153/40882/52024/67194/72669 µs
id: test-120012-352, time 19.000 s, sent: 33565 msg/s, confirmed: 33565 msg/s, nacked: 0 msg/s, received: 33620 msg/s, min/median/75th/95th/99th/max consumer latency: 7435/24510/28699/36663/46066/56921 µs, confirm latency: 27260/37195/41100/49321/56001/69549 µs
id: test-120012-352, time 20.000 s, sent: 34746 msg/s, confirmed: 34746 msg/s, nacked: 0 msg/s, received: 34983 msg/s, min/median/75th/95th/99th/max consumer latency: 5362/22720/26742/37491/52188/61174 µs, confirm latency: 22977/35032/38294/55064/67507/71241 µs
id: test-120012-352, time 21.000 s, sent: 35960 msg/s, confirmed: 35960 msg/s, nacked: 0 msg/s, received: 35799 msg/s, min/median/75th/95th/99th/max consumer latency: 4723/22431/26205/32669/39060/54225 µs, confirm latency: 26047/34740/37974/44798/51790/64421 µs
id: test-120012-352, time 22.000 s, sent: 33925 msg/s, confirmed: 33925 msg/s, nacked: 0 msg/s, received: 33817 msg/s, min/median/75th/95th/99th/max consumer latency: 6725/23161/27211/39065/56282/60562 µs, confirm latency: 22915/35021/39212/51504/63118/76463 µs
id: test-120012-352, time 23.000 s, sent: 35466 msg/s, confirmed: 35466 msg/s, nacked: 0 msg/s, received: 35420 msg/s, min/median/75th/95th/99th/max consumer latency: 10429/22859/26338/32229/38267/52995 µs, confirm latency: 23193/34982/37929/48551/59100/72574 µs
id: test-120012-352, time 24.000 s, sent: 33905 msg/s, confirmed: 33905 msg/s, nacked: 0 msg/s, received: 33720 msg/s, min/median/75th/95th/99th/max consumer latency: 6958/23961/27916/36760/43792/56682 µs, confirm latency: 22386/36183/40852/50861/61814/74617 µs
id: test-120012-352, time 25.000 s, sent: 34103 msg/s, confirmed: 34103 msg/s, nacked: 0 msg/s, received: 34457 msg/s, min/median/75th/95th/99th/max consumer latency: 10365/24406/28481/36222/43747/53860 µs, confirm latency: 25933/36504/40263/47235/57766/70294 µs
test stopped (Reached time limit)
id: test-120012-352, sending rate avg: 34402 msg/s
id: test-120012-352, receiving rate avg: 34445 msg/s
id: test-120012-352, consumer latency min/median/75th/95th/99th/max 10133/23227/27538/36107/43093/58284 µs
id: test-120012-352, confirm latency min/median/75th/95th/99th/max 17432/35422/39318/50169/63945/81372 µs
