Picked up JAVA_TOOL_OPTIONS: -Xmx3g
id: test-124448-866, starting consumer #0
id: test-124448-866, starting consumer #0, channel #0
id: test-124448-866, starting consumer #1
id: test-124448-866, starting consumer #1, channel #0
id: test-124448-866, starting consumer #2
id: test-124448-866, starting consumer #2, channel #0
id: test-124448-866, starting consumer #3
id: test-124448-866, starting consumer #3, channel #0
id: test-124448-866, starting consumer #4
id: test-124448-866, starting consumer #4, channel #0
id: test-124448-866, starting consumer #5
id: test-124448-866, starting consumer #5, channel #0
id: test-124448-866, starting consumer #6
id: test-124448-866, starting consumer #6, channel #0
id: test-124448-866, starting consumer #7
id: test-124448-866, starting consumer #7, channel #0
id: test-124448-866, starting consumer #8
id: test-124448-866, starting consumer #8, channel #0
id: test-124448-866, starting consumer #9
id: test-124448-866, starting consumer #9, channel #0
id: test-124448-866, starting consumer #10
id: test-124448-866, starting consumer #10, channel #0
id: test-124448-866, starting consumer #11
id: test-124448-866, starting consumer #11, channel #0
id: test-124448-866, starting consumer #12
id: test-124448-866, starting consumer #12, channel #0
id: test-124448-866, starting consumer #13
id: test-124448-866, starting consumer #13, channel #0
id: test-124448-866, starting consumer #14
id: test-124448-866, starting consumer #14, channel #0
id: test-124448-866, starting consumer #15
id: test-124448-866, starting consumer #15, channel #0
id: test-124448-866, starting consumer #16
id: test-124448-866, starting consumer #16, channel #0
id: test-124448-866, starting consumer #17
id: test-124448-866, starting consumer #17, channel #0
id: test-124448-866, starting consumer #18
id: test-124448-866, starting consumer #18, channel #0
id: test-124448-866, starting consumer #19
id: test-124448-866, starting consumer #19, channel #0
id: test-124448-866, starting consumer #20
id: test-124448-866, starting consumer #20, channel #0
id: test-124448-866, starting consumer #21
id: test-124448-866, starting consumer #21, channel #0
id: test-124448-866, starting consumer #22
id: test-124448-866, starting consumer #22, channel #0
id: test-124448-866, starting consumer #23
id: test-124448-866, starting consumer #23, channel #0
id: test-124448-866, starting consumer #24
id: test-124448-866, starting consumer #24, channel #0
id: test-124448-866, starting consumer #25
id: test-124448-866, starting consumer #25, channel #0
id: test-124448-866, starting consumer #26
id: test-124448-866, starting consumer #26, channel #0
id: test-124448-866, starting consumer #27
id: test-124448-866, starting consumer #27, channel #0
id: test-124448-866, starting consumer #28
id: test-124448-866, starting consumer #28, channel #0
id: test-124448-866, starting consumer #29
id: test-124448-866, starting consumer #29, channel #0
id: test-124448-866, starting consumer #30
id: test-124448-866, starting consumer #30, channel #0
id: test-124448-866, starting consumer #31
id: test-124448-866, starting consumer #31, channel #0
id: test-124448-866, starting consumer #32
id: test-124448-866, starting consumer #32, channel #0
id: test-124448-866, starting consumer #33
id: test-124448-866, starting consumer #33, channel #0
id: test-124448-866, starting consumer #34
id: test-124448-866, starting consumer #34, channel #0
id: test-124448-866, starting consumer #35
id: test-124448-866, starting consumer #35, channel #0
id: test-124448-866, starting consumer #36
id: test-124448-866, starting consumer #36, channel #0
id: test-124448-866, starting consumer #37
id: test-124448-866, starting consumer #37, channel #0
id: test-124448-866, starting consumer #38
id: test-124448-866, starting consumer #38, channel #0
id: test-124448-866, starting consumer #39
id: test-124448-866, starting consumer #39, channel #0
id: test-124448-866, starting consumer #40
id: test-124448-866, starting consumer #40, channel #0
id: test-124448-866, starting consumer #41
id: test-124448-866, starting consumer #41, channel #0
id: test-124448-866, starting consumer #42
id: test-124448-866, starting consumer #42, channel #0
id: test-124448-866, starting consumer #43
id: test-124448-866, starting consumer #43, channel #0
id: test-124448-866, starting consumer #44
id: test-124448-866, starting consumer #44, channel #0
id: test-124448-866, starting consumer #45
id: test-124448-866, starting consumer #45, channel #0
id: test-124448-866, starting consumer #46
id: test-124448-866, starting consumer #46, channel #0
id: test-124448-866, starting consumer #47
id: test-124448-866, starting consumer #47, channel #0
id: test-124448-866, starting consumer #48
id: test-124448-866, starting consumer #48, channel #0
id: test-124448-866, starting consumer #49
id: test-124448-866, starting consumer #49, channel #0
id: test-124448-866, starting consumer #50
id: test-124448-866, starting consumer #50, channel #0
id: test-124448-866, starting consumer #51
id: test-124448-866, starting consumer #51, channel #0
id: test-124448-866, starting consumer #52
id: test-124448-866, starting consumer #52, channel #0
id: test-124448-866, starting consumer #53
id: test-124448-866, starting consumer #53, channel #0
id: test-124448-866, starting consumer #54
id: test-124448-866, starting consumer #54, channel #0
id: test-124448-866, starting consumer #55
id: test-124448-866, starting consumer #55, channel #0
id: test-124448-866, starting consumer #56
id: test-124448-866, starting consumer #56, channel #0
id: test-124448-866, starting consumer #57
id: test-124448-866, starting consumer #57, channel #0
id: test-124448-866, starting consumer #58
id: test-124448-866, starting consumer #58, channel #0
id: test-124448-866, starting consumer #59
id: test-124448-866, starting consumer #59, channel #0
id: test-124448-866, starting consumer #60
id: test-124448-866, starting consumer #60, channel #0
id: test-124448-866, starting consumer #61
id: test-124448-866, starting consumer #61, channel #0
id: test-124448-866, starting consumer #62
id: test-124448-866, starting consumer #62, channel #0
id: test-124448-866, starting consumer #63
id: test-124448-866, starting consumer #63, channel #0
id: test-124448-866, starting producer #0
id: test-124448-866, starting producer #0, channel #0
id: test-124448-866, starting producer #1
id: test-124448-866, starting producer #1, channel #0
id: test-124448-866, starting producer #2
id: test-124448-866, starting producer #2, channel #0
id: test-124448-866, starting producer #3
id: test-124448-866, starting producer #3, channel #0
id: test-124448-866, starting producer #4
id: test-124448-866, starting producer #4, channel #0
id: test-124448-866, starting producer #5
id: test-124448-866, starting producer #5, channel #0
id: test-124448-866, starting producer #6
id: test-124448-866, starting producer #6, channel #0
id: test-124448-866, starting producer #7
id: test-124448-866, starting producer #7, channel #0
id: test-124448-866, starting producer #8
id: test-124448-866, starting producer #8, channel #0
id: test-124448-866, starting producer #9
id: test-124448-866, starting producer #9, channel #0
id: test-124448-866, starting producer #10
id: test-124448-866, starting producer #10, channel #0
id: test-124448-866, starting producer #11
id: test-124448-866, starting producer #11, channel #0
id: test-124448-866, starting producer #12
id: test-124448-866, starting producer #12, channel #0
id: test-124448-866, starting producer #13
id: test-124448-866, starting producer #13, channel #0
id: test-124448-866, starting producer #14
id: test-124448-866, starting producer #14, channel #0
id: test-124448-866, starting producer #15
id: test-124448-866, starting producer #15, channel #0
id: test-124448-866, starting producer #16
id: test-124448-866, starting producer #16, channel #0
id: test-124448-866, starting producer #17
id: test-124448-866, starting producer #17, channel #0
id: test-124448-866, starting producer #18
id: test-124448-866, starting producer #18, channel #0
id: test-124448-866, starting producer #19
id: test-124448-866, starting producer #19, channel #0
id: test-124448-866, starting producer #20
id: test-124448-866, starting producer #20, channel #0
id: test-124448-866, starting producer #21
id: test-124448-866, starting producer #21, channel #0
id: test-124448-866, starting producer #22
id: test-124448-866, starting producer #22, channel #0
id: test-124448-866, starting producer #23
id: test-124448-866, starting producer #23, channel #0
id: test-124448-866, starting producer #24
id: test-124448-866, starting producer #24, channel #0
id: test-124448-866, starting producer #25
id: test-124448-866, starting producer #25, channel #0
id: test-124448-866, starting producer #26
id: test-124448-866, starting producer #26, channel #0
id: test-124448-866, starting producer #27
id: test-124448-866, starting producer #27, channel #0
id: test-124448-866, starting producer #28
id: test-124448-866, starting producer #28, channel #0
id: test-124448-866, starting producer #29
id: test-124448-866, starting producer #29, channel #0
id: test-124448-866, starting producer #30
id: test-124448-866, starting producer #30, channel #0
id: test-124448-866, starting producer #31
id: test-124448-866, starting producer #31, channel #0
id: test-124448-866, starting producer #32
id: test-124448-866, starting producer #32, channel #0
id: test-124448-866, starting producer #33
id: test-124448-866, starting producer #33, channel #0
id: test-124448-866, starting producer #34
id: test-124448-866, starting producer #34, channel #0
id: test-124448-866, starting producer #35
id: test-124448-866, starting producer #35, channel #0
id: test-124448-866, starting producer #36
id: test-124448-866, starting producer #36, channel #0
id: test-124448-866, starting producer #37
id: test-124448-866, starting producer #37, channel #0
id: test-124448-866, starting producer #38
id: test-124448-866, starting producer #38, channel #0
id: test-124448-866, starting producer #39
id: test-124448-866, starting producer #39, channel #0
id: test-124448-866, starting producer #40
id: test-124448-866, starting producer #40, channel #0
id: test-124448-866, starting producer #41
id: test-124448-866, starting producer #41, channel #0
id: test-124448-866, starting producer #42
id: test-124448-866, starting producer #42, channel #0
id: test-124448-866, starting producer #43
id: test-124448-866, starting producer #43, channel #0
id: test-124448-866, starting producer #44
id: test-124448-866, starting producer #44, channel #0
id: test-124448-866, starting producer #45
id: test-124448-866, starting producer #45, channel #0
id: test-124448-866, starting producer #46
id: test-124448-866, starting producer #46, channel #0
id: test-124448-866, starting producer #47
id: test-124448-866, starting producer #47, channel #0
id: test-124448-866, starting producer #48
id: test-124448-866, starting producer #48, channel #0
id: test-124448-866, starting producer #49
id: test-124448-866, starting producer #49, channel #0
id: test-124448-866, starting producer #50
id: test-124448-866, starting producer #50, channel #0
id: test-124448-866, starting producer #51
id: test-124448-866, starting producer #51, channel #0
id: test-124448-866, starting producer #52
id: test-124448-866, starting producer #52, channel #0
id: test-124448-866, starting producer #53
id: test-124448-866, starting producer #53, channel #0
id: test-124448-866, starting producer #54
id: test-124448-866, starting producer #54, channel #0
id: test-124448-866, starting producer #55
id: test-124448-866, starting producer #55, channel #0
id: test-124448-866, starting producer #56
id: test-124448-866, starting producer #56, channel #0
id: test-124448-866, starting producer #57
id: test-124448-866, starting producer #57, channel #0
id: test-124448-866, starting producer #58
id: test-124448-866, starting producer #58, channel #0
id: test-124448-866, starting producer #59
id: test-124448-866, starting producer #59, channel #0
id: test-124448-866, starting producer #60
id: test-124448-866, starting producer #60, channel #0
id: test-124448-866, starting producer #61
id: test-124448-866, starting producer #61, channel #0
id: test-124448-866, starting producer #62
id: test-124448-866, starting producer #62, channel #0
id: test-124448-866, starting producer #63
id: test-124448-866, starting producer #63, channel #0
id: test-124448-866, time 1.009 s, sent: 61579 msg/s, confirmed: 59247 msg/s, nacked: 0 msg/s, received: 41974 msg/s, min/median/75th/95th/99th/max consumer latency: 564/138832/321160/513352/699979/809957 µs, confirm latency: 241/8257/18007/291619/390088/599050 µs
id: test-124448-866, time 2.006 s, sent: 90502 msg/s, confirmed: 89470 msg/s, nacked: 0 msg/s, received: 82382 msg/s, min/median/75th/95th/99th/max consumer latency: 769/259310/409428/691983/803561/1100414 µs, confirm latency: 305/5473/11434/42540/281819/482508 µs
id: test-124448-866, time 3.000 s, sent: 110163 msg/s, confirmed: 101623 msg/s, nacked: 0 msg/s, received: 131331 msg/s, min/median/75th/95th/99th/max consumer latency: 2095/194144/385948/881761/1051471/1078322 µs, confirm latency: 335/37679/111061/257253/292940/355985 µs
id: test-124448-866, time 4.002 s, sent: 130888 msg/s, confirmed: 130354 msg/s, nacked: 0 msg/s, received: 131226 msg/s, min/median/75th/95th/99th/max consumer latency: 2816/27658/42713/78053/504272/570042 µs, confirm latency: 3851/90504/112280/160752/254566/596711 µs
id: test-124448-866, time 5.000 s, sent: 121402 msg/s, confirmed: 122141 msg/s, nacked: 0 msg/s, received: 123277 msg/s, min/median/75th/95th/99th/max consumer latency: 2011/32669/48411/77223/127559/157954 µs, confirm latency: 5061/95254/128055/172363/208978/348944 µs
id: test-124448-866, time 6.000 s, sent: 123523 msg/s, confirmed: 122389 msg/s, nacked: 0 msg/s, received: 125287 msg/s, min/median/75th/95th/99th/max consumer latency: 1129/33261/50711/73232/92740/116318 µs, confirm latency: 10034/95917/122285/173259/214426/271775 µs
id: test-124448-866, time 7.000 s, sent: 127546 msg/s, confirmed: 127546 msg/s, nacked: 0 msg/s, received: 125224 msg/s, min/median/75th/95th/99th/max consumer latency: 1074/31035/44761/66307/84596/150902 µs, confirm latency: 7548/90033/124681/186799/236195/242022 µs
id: test-124448-866, time 8.000 s, sent: 120648 msg/s, confirmed: 120648 msg/s, nacked: 0 msg/s, received: 120663 msg/s, min/median/75th/95th/99th/max consumer latency: 1437/36385/52143/72332/81846/104670 µs, confirm latency: 13778/97519/120051/173643/315868/317353 µs
id: test-124448-866, time 9.000 s, sent: 123435 msg/s, confirmed: 123435 msg/s, nacked: 0 msg/s, received: 123033 msg/s, min/median/75th/95th/99th/max consumer latency: 1688/32159/46514/68185/94449/125204 µs, confirm latency: 8779/96220/121490/171800/246180/253376 µs
id: test-124448-866, time 10.000 s, sent: 123661 msg/s, confirmed: 123986 msg/s, nacked: 0 msg/s, received: 126585 msg/s, min/median/75th/95th/99th/max consumer latency: 1238/30964/46883/67249/87345/157556 µs, confirm latency: 10430/93378/115788/170990/225671/233866 µs
id: test-124448-866, time 11.000 s, sent: 125777 msg/s, confirmed: 125452 msg/s, nacked: 0 msg/s, received: 123479 msg/s, min/median/75th/95th/99th/max consumer latency: 1673/34094/47925/73428/86704/119602 µs, confirm latency: 3809/93769/121534/162454/262003/264718 µs
id: test-124448-866, time 12.000 s, sent: 122835 msg/s, confirmed: 122937 msg/s, nacked: 0 msg/s, received: 122653 msg/s, min/median/75th/95th/99th/max consumer latency: 1165/30919/48833/73840/97328/139510 µs, confirm latency: 4559/94592/122981/184555/290759/293889 µs
id: test-124448-866, time 13.000 s, sent: 121200 msg/s, confirmed: 121098 msg/s, nacked: 0 msg/s, received: 122763 msg/s, min/median/75th/95th/99th/max consumer latency: 1812/31828/47347/69960/94121/115578 µs, confirm latency: 5251/98796/122881/157668/193444/213705 µs
id: test-124448-866, time 14.000 s, sent: 120302 msg/s, confirmed: 120476 msg/s, nacked: 0 msg/s, received: 119718 msg/s, min/median/75th/95th/99th/max consumer latency: 1286/31517/46722/74470/121590/143901 µs, confirm latency: 4975/95197/126799/183857/212808/214927 µs
id: test-124448-866, time 15.000 s, sent: 122327 msg/s, confirmed: 122153 msg/s, nacked: 0 msg/s, received: 120512 msg/s, min/median/75th/95th/99th/max consumer latency: 1498/33114/48764/72345/90886/153239 µs, confirm latency: 14542/97538/121803/178518/250292/288780 µs
id: test-124448-866, time 16.000 s, sent: 125365 msg/s, confirmed: 125365 msg/s, nacked: 0 msg/s, received: 128137 msg/s, min/median/75th/95th/99th/max consumer latency: 1644/29494/44118/72706/90581/132969 µs, confirm latency: 18236/93877/119703/181585/232066/363641 µs
id: test-124448-866, time 17.000 s, sent: 122574 msg/s, confirmed: 122574 msg/s, nacked: 0 msg/s, received: 120777 msg/s, min/median/75th/95th/99th/max consumer latency: 1131/29535/42879/63267/74856/140650 µs, confirm latency: 7385/91610/125699/170719/209080/289166 µs
id: test-124448-866, time 18.000 s, sent: 124212 msg/s, confirmed: 124212 msg/s, nacked: 0 msg/s, received: 125057 msg/s, min/median/75th/95th/99th/max consumer latency: 2002/30206/44493/65981/87793/122972 µs, confirm latency: 3864/94804/120691/201424/233743/246166 µs
id: test-124448-866, time 19.000 s, sent: 125440 msg/s, confirmed: 126223 msg/s, nacked: 0 msg/s, received: 127878 msg/s, min/median/75th/95th/99th/max consumer latency: 1711/32259/45491/70834/87773/112159 µs, confirm latency: 17348/93580/124975/179070/238525/362410 µs
id: test-124448-866, time 20.010 s, sent: 126943 msg/s, confirmed: 126640 msg/s, nacked: 0 msg/s, received: 124865 msg/s, min/median/75th/95th/99th/max consumer latency: 1869/31715/45519/68509/91258/124773 µs, confirm latency: 8022/92323/120234/186913/260439/271972 µs
id: test-124448-866, time 21.000 s, sent: 127851 msg/s, confirmed: 127704 msg/s, nacked: 0 msg/s, received: 125887 msg/s, min/median/75th/95th/99th/max consumer latency: 2310/32828/47120/71246/86324/118222 µs, confirm latency: 11296/93419/121894/167304/198196/210950 µs
id: test-124448-866, time 22.012 s, sent: 115084 msg/s, confirmed: 116324 msg/s, nacked: 0 msg/s, received: 119285 msg/s, min/median/75th/95th/99th/max consumer latency: 1574/31964/46589/73914/100640/122803 µs, confirm latency: 11251/97096/120516/179196/290713/349543 µs
id: test-124448-866, time 23.001 s, sent: 125980 msg/s, confirmed: 125246 msg/s, nacked: 0 msg/s, received: 124126 msg/s, min/median/75th/95th/99th/max consumer latency: 2794/35875/52573/73324/86702/141373 µs, confirm latency: 14151/93345/119852/174133/216713/362085 µs
id: test-124448-866, time 24.000 s, sent: 127793 msg/s, confirmed: 127375 msg/s, nacked: 0 msg/s, received: 126302 msg/s, min/median/75th/95th/99th/max consumer latency: 2355/31028/46536/71058/91814/129942 µs, confirm latency: 7534/91909/115540/180146/261012/267875 µs
id: test-124448-866, time 25.000 s, sent: 123744 msg/s, confirmed: 123671 msg/s, nacked: 0 msg/s, received: 126392 msg/s, min/median/75th/95th/99th/max consumer latency: 2175/32990/47963/68308/85638/136905 µs, confirm latency: 10029/95983/118578/169311/255623/258680 µs
test stopped (Reached time limit)
id: test-124448-866, sending rate avg: 119533 msg/s
id: test-124448-866, receiving rate avg: 119718 msg/s
id: test-124448-866, consumer latency min/median/75th/95th/99th/max 2394/33355/50386/101729/469244/1007747 µs
id: test-124448-866, confirm latency min/median/75th/95th/99th/max 262/93873/120519/179228/254664/430352 µs
