Picked up JAVA_TOOL_OPTIONS: -Xmx3g
id: test-123433-768, starting consumer #0
id: test-123433-768, starting consumer #0, channel #0
id: test-123433-768, starting consumer #1
id: test-123433-768, starting consumer #1, channel #0
id: test-123433-768, starting consumer #2
id: test-123433-768, starting consumer #2, channel #0
id: test-123433-768, starting consumer #3
id: test-123433-768, starting consumer #3, channel #0
id: test-123433-768, starting producer #0
id: test-123433-768, starting producer #0, channel #0
id: test-123433-768, starting producer #1
id: test-123433-768, starting producer #1, channel #0
id: test-123433-768, starting producer #2
id: test-123433-768, starting producer #2, channel #0
id: test-123433-768, starting producer #3
id: test-123433-768, starting producer #3, channel #0
id: test-123433-768, time 1.001 s, sent: 170829 msg/s, received: 167873 msg/s, min/median/75th/95th/99th/max consumer latency: 70/6777/9618/17905/29818/46691 µs
id: test-123433-768, time 2.000 s, sent: 312080 msg/s, received: 312238 msg/s, min/median/75th/95th/99th/max consumer latency: 1973/9357/12886/17482/26130/30034 µs
id: test-123433-768, time 3.000 s, sent: 277447 msg/s, received: 276637 msg/s, min/median/75th/95th/99th/max consumer latency: 4036/11076/14503/19439/34052/43590 µs
id: test-123433-768, time 4.000 s, sent: 299742 msg/s, received: 300241 msg/s, min/median/75th/95th/99th/max consumer latency: 5214/10311/13728/17120/21289/26026 µs
id: test-123433-768, time 5.000 s, sent: 297153 msg/s, received: 296251 msg/s, min/median/75th/95th/99th/max consumer latency: 2014/10761/14337/18126/21480/36780 µs
id: test-123433-768, time 6.000 s, sent: 299314 msg/s, received: 299996 msg/s, min/median/75th/95th/99th/max consumer latency: 5644/10727/13966/17660/21716/26586 µs
id: test-123433-768, time 7.000 s, sent: 290348 msg/s, received: 290338 msg/s, min/median/75th/95th/99th/max consumer latency: 3035/10551/13889/18023/23105/29545 µs
id: test-123433-768, time 8.000 s, sent: 300230 msg/s, received: 300257 msg/s, min/median/75th/95th/99th/max consumer latency: 5555/9937/13151/16472/18073/20010 µs
id: test-123433-768, time 9.000 s, sent: 271821 msg/s, received: 271453 msg/s, min/median/75th/95th/99th/max consumer latency: 5686/11218/14544/19484/25776/55537 µs
id: test-123433-768, time 10.000 s, sent: 263517 msg/s, received: 263462 msg/s, min/median/75th/95th/99th/max consumer latency: 4609/12169/15845/20461/25455/29845 µs
id: test-123433-768, time 11.000 s, sent: 249577 msg/s, received: 250485 msg/s, min/median/75th/95th/99th/max consumer latency: 2719/13183/16717/21661/28855/36411 µs
id: test-123433-768, time 12.000 s, sent: 291206 msg/s, received: 290208 msg/s, min/median/75th/95th/99th/max consumer latency: 5486/10750/14590/18348/32184/37667 µs
id: test-123433-768, time 13.000 s, sent: 281240 msg/s, received: 281858 msg/s, min/median/75th/95th/99th/max consumer latency: 5624/11001/14553/19552/40495/48659 µs
id: test-123433-768, time 14.000 s, sent: 293512 msg/s, received: 293629 msg/s, min/median/75th/95th/99th/max consumer latency: 5677/10526/13321/17033/19045/23722 µs
id: test-123433-768, time 15.000 s, sent: 280841 msg/s, received: 279872 msg/s, min/median/75th/95th/99th/max consumer latency: 3207/11131/14738/20248/30961/36163 µs
id: test-123433-768, time 16.000 s, sent: 282549 msg/s, received: 283473 msg/s, min/median/75th/95th/99th/max consumer latency: 5921/10690/14162/18649/22734/32719 µs
id: test-123433-768, time 17.000 s, sent: 258488 msg/s, received: 259412 msg/s, min/median/75th/95th/99th/max consumer latency: 2319/11336/14966/22550/33686/56380 µs
id: test-123433-768, time 18.000 s, sent: 266488 msg/s, received: 265135 msg/s, min/median/75th/95th/99th/max consumer latency: 5871/11724/15240/19359/22243/31869 µs
id: test-123433-768, time 19.000 s, sent: 260278 msg/s, received: 260006 msg/s, min/median/75th/95th/99th/max consumer latency: 6446/12223/16278/22316/33125/53661 µs
id: test-123433-768, time 20.000 s, sent: 243569 msg/s, received: 243701 msg/s, min/median/75th/95th/99th/max consumer latency: 6121/12380/16343/23756/97630/112010 µs
id: test-123433-768, time 21.000 s, sent: 279652 msg/s, received: 280029 msg/s, min/median/75th/95th/99th/max consumer latency: 6003/11185/14555/19425/25865/30378 µs
id: test-123433-768, time 22.000 s, sent: 249394 msg/s, received: 249661 msg/s, min/median/75th/95th/99th/max consumer latency: 6258/12250/15700/21383/50055/66482 µs
id: test-123433-768, time 23.001 s, sent: 259014 msg/s, received: 258572 msg/s, min/median/75th/95th/99th/max consumer latency: 5890/11905/15356/20749/27410/38201 µs
id: test-123433-768, time 24.000 s, sent: 286954 msg/s, received: 287317 msg/s, min/median/75th/95th/99th/max consumer latency: 5083/11292/14999/21041/28622/37019 µs
id: test-123433-768, time 25.000 s, sent: 301283 msg/s, received: 301413 msg/s, min/median/75th/95th/99th/max consumer latency: 5757/10373/13710/17324/19677/25693 µs
test stopped (Reached time limit)
id: test-123433-768, sending rate avg: 274330 msg/s
id: test-123433-768, receiving rate avg: 274331 msg/s
id: test-123433-768, consumer latency min/median/75th/95th/99th/max 153/11118/14550/19692/30055/113699 µs
