Picked up JAVA_TOOL_OPTIONS: -Xmx3g
id: test-122019-792, starting consumer #0
id: test-122019-792, starting consumer #0, channel #0
id: test-122019-792, starting consumer #1
id: test-122019-792, starting consumer #1, channel #0
id: test-122019-792, starting producer #0
id: test-122019-792, starting producer #0, channel #0
id: test-122019-792, starting producer #1
id: test-122019-792, starting producer #1, channel #0
id: test-122019-792, time 1.000 s, sent: 62427 msg/s, confirmed: 62227 msg/s, nacked: 0 msg/s, received: 62319 msg/s, min/median/75th/95th/99th/max consumer latency: 31/966/2483/8920/22070/31461 µs, confirm latency: 249/1528/2165/7339/13182/14194 µs
id: test-122019-792, time 2.000 s, sent: 110390 msg/s, confirmed: 110390 msg/s, nacked: 0 msg/s, received: 110443 msg/s, min/median/75th/95th/99th/max consumer latency: 44/667/819/1442/3895/7030 µs, confirm latency: 491/1590/1894/2932/7896/12876 µs
id: test-122019-792, time 3.000 s, sent: 119048 msg/s, confirmed: 119138 msg/s, nacked: 0 msg/s, received: 119065 msg/s, min/median/75th/95th/99th/max consumer latency: 40/667/813/1192/1960/3758 µs, confirm latency: 426/1597/1848/2773/4652/7021 µs
id: test-122019-792, time 4.000 s, sent: 116230 msg/s, confirmed: 116140 msg/s, nacked: 0 msg/s, received: 116268 msg/s, min/median/75th/95th/99th/max consumer latency: 84/686/816/1290/2339/13312 µs, confirm latency: 502/1587/1844/2708/4141/29933 µs
id: test-122019-792, time 5.000 s, sent: 106576 msg/s, confirmed: 106595 msg/s, nacked: 0 msg/s, received: 106467 msg/s, min/median/75th/95th/99th/max consumer latency: 76/705/839/1162/1744/3483 µs, confirm latency: 481/1565/1839/2802/7608/13540 µs
id: test-122019-792, time 6.000 s, sent: 108813 msg/s, confirmed: 108832 msg/s, nacked: 0 msg/s, received: 108878 msg/s, min/median/75th/95th/99th/max consumer latency: 40/693/831/1290/1981/15264 µs, confirm latency: 468/1606/1859/2811/6800/26802 µs
id: test-122019-792, time 7.000 s, sent: 118017 msg/s, confirmed: 118021 msg/s, nacked: 0 msg/s, received: 117981 msg/s, min/median/75th/95th/99th/max consumer latency: 83/659/796/1096/2104/3829 µs, confirm latency: 427/1542/1806/2713/4059/7837 µs
id: test-122019-792, time 8.000 s, sent: 116256 msg/s, confirmed: 116265 msg/s, nacked: 0 msg/s, received: 116288 msg/s, min/median/75th/95th/99th/max consumer latency: 84/678/810/1153/1816/33635 µs, confirm latency: 371/1554/1819/2702/5144/35821 µs
id: test-122019-792, time 9.000 s, sent: 121932 msg/s, confirmed: 121955 msg/s, nacked: 0 msg/s, received: 121926 msg/s, min/median/75th/95th/99th/max consumer latency: 59/666/803/1126/1813/6575 µs, confirm latency: 507/1558/1817/2623/4018/6329 µs
id: test-122019-792, time 10.000 s, sent: 116960 msg/s, confirmed: 116899 msg/s, nacked: 0 msg/s, received: 116929 msg/s, min/median/75th/95th/99th/max consumer latency: 110/680/829/1242/2087/27250 µs, confirm latency: 437/1569/1804/2544/4294/39302 µs
id: test-122019-792, time 11.000 s, sent: 121897 msg/s, confirmed: 121918 msg/s, nacked: 0 msg/s, received: 121908 msg/s, min/median/75th/95th/99th/max consumer latency: 48/654/792/1107/1878/3896 µs, confirm latency: 356/1535/1785/2518/3885/7580 µs
id: test-122019-792, time 12.000 s, sent: 114077 msg/s, confirmed: 114107 msg/s, nacked: 0 msg/s, received: 114101 msg/s, min/median/75th/95th/99th/max consumer latency: 62/667/811/1193/1980/3792 µs, confirm latency: 368/1613/1852/2709/4626/42268 µs
id: test-122019-792, time 13.000 s, sent: 121280 msg/s, confirmed: 121216 msg/s, nacked: 0 msg/s, received: 121230 msg/s, min/median/75th/95th/99th/max consumer latency: 76/664/802/1119/1753/4089 µs, confirm latency: 366/1536/1815/2588/4287/6855 µs
id: test-122019-792, time 14.000 s, sent: 115657 msg/s, confirmed: 115657 msg/s, nacked: 0 msg/s, received: 115689 msg/s, min/median/75th/95th/99th/max consumer latency: 37/655/799/1160/1761/8829 µs, confirm latency: 407/1578/1840/2611/4139/30735 µs
id: test-122019-792, time 15.000 s, sent: 118200 msg/s, confirmed: 118200 msg/s, nacked: 0 msg/s, received: 118140 msg/s, min/median/75th/95th/99th/max consumer latency: 39/680/815/1167/1805/3613 µs, confirm latency: 403/1588/1821/2594/3328/7795 µs
id: test-122019-792, time 16.000 s, sent: 116768 msg/s, confirmed: 116768 msg/s, nacked: 0 msg/s, received: 116870 msg/s, min/median/75th/95th/99th/max consumer latency: 46/652/768/1064/1838/8616 µs, confirm latency: 358/1571/1823/2484/3829/7226 µs
id: test-122019-792, time 17.000 s, sent: 121721 msg/s, confirmed: 121721 msg/s, nacked: 0 msg/s, received: 121674 msg/s, min/median/75th/95th/99th/max consumer latency: 53/687/819/1069/1809/3740 µs, confirm latency: 369/1567/1812/2644/4582/7431 µs
id: test-122019-792, time 18.000 s, sent: 114503 msg/s, confirmed: 114503 msg/s, nacked: 0 msg/s, received: 114576 msg/s, min/median/75th/95th/99th/max consumer latency: 107/688/834/1216/3117/17478 µs, confirm latency: 444/1559/1818/2767/4122/50307 µs
id: test-122019-792, time 19.000 s, sent: 110080 msg/s, confirmed: 110080 msg/s, nacked: 0 msg/s, received: 110080 msg/s, min/median/75th/95th/99th/max consumer latency: 100/662/821/1124/1763/3562 µs, confirm latency: 482/1559/1831/2778/7483/13222 µs
id: test-122019-792, time 20.000 s, sent: 86886 msg/s, confirmed: 86886 msg/s, nacked: 0 msg/s, received: 86796 msg/s, min/median/75th/95th/99th/max consumer latency: 67/698/843/1234/1982/26735 µs, confirm latency: 455/1702/2032/6967/13314/36114 µs
id: test-122019-792, time 21.000 s, sent: 114016 msg/s, confirmed: 114034 msg/s, nacked: 0 msg/s, received: 114022 msg/s, min/median/75th/95th/99th/max consumer latency: 71/715/848/1147/1854/3996 µs, confirm latency: 350/1667/1963/2626/4927/7894 µs
id: test-122019-792, time 22.000 s, sent: 103998 msg/s, confirmed: 103980 msg/s, nacked: 0 msg/s, received: 104017 msg/s, min/median/75th/95th/99th/max consumer latency: 70/749/894/1331/1906/7081 µs, confirm latency: 414/1678/1940/2965/12643/35002 µs
id: test-122019-792, time 23.000 s, sent: 111507 msg/s, confirmed: 111616 msg/s, nacked: 0 msg/s, received: 111476 msg/s, min/median/75th/95th/99th/max consumer latency: 75/725/875/1166/1713/3688 µs, confirm latency: 461/1726/1979/2863/3365/6479 µs
id: test-122019-792, time 24.000 s, sent: 103514 msg/s, confirmed: 103432 msg/s, nacked: 0 msg/s, received: 103509 msg/s, min/median/75th/95th/99th/max consumer latency: 71/753/876/1299/2276/9900 µs, confirm latency: 514/1691/1960/2841/7140/12480 µs
id: test-122019-792, time 25.000 s, sent: 113994 msg/s, confirmed: 114014 msg/s, nacked: 0 msg/s, received: 114019 msg/s, min/median/75th/95th/99th/max consumer latency: 88/716/858/1201/2232/4261 µs, confirm latency: 397/1706/1930/2410/3141/8261 µs
test stopped (Reached time limit)
id: test-122019-792, sending rate avg: 111353 msg/s
id: test-122019-792, receiving rate avg: 111355 msg/s
id: test-122019-792, consumer latency min/median/75th/95th/99th/max 51/686/823/1218/1878/10712 µs
id: test-122019-792, confirm latency min/median/75th/95th/99th/max 411/1597/1878/2775/5512/17633 µs
