Picked up JAVA_TOOL_OPTIONS: -Xmx3g
id: test-124518-334, starting consumer #0
id: test-124518-334, starting consumer #0, channel #0
id: test-124518-334, starting consumer #1
id: test-124518-334, starting consumer #1, channel #0
id: test-124518-334, starting consumer #2
id: test-124518-334, starting consumer #2, channel #0
id: test-124518-334, starting consumer #3
id: test-124518-334, starting consumer #3, channel #0
id: test-124518-334, starting consumer #4
id: test-124518-334, starting consumer #4, channel #0
id: test-124518-334, starting consumer #5
id: test-124518-334, starting consumer #5, channel #0
id: test-124518-334, starting consumer #6
id: test-124518-334, starting consumer #6, channel #0
id: test-124518-334, starting consumer #7
id: test-124518-334, starting consumer #7, channel #0
id: test-124518-334, starting consumer #8
id: test-124518-334, starting consumer #8, channel #0
id: test-124518-334, starting consumer #9
id: test-124518-334, starting consumer #9, channel #0
id: test-124518-334, starting consumer #10
id: test-124518-334, starting consumer #10, channel #0
id: test-124518-334, starting consumer #11
id: test-124518-334, starting consumer #11, channel #0
id: test-124518-334, starting consumer #12
id: test-124518-334, starting consumer #12, channel #0
id: test-124518-334, starting consumer #13
id: test-124518-334, starting consumer #13, channel #0
id: test-124518-334, starting consumer #14
id: test-124518-334, starting consumer #14, channel #0
id: test-124518-334, starting consumer #15
id: test-124518-334, starting consumer #15, channel #0
id: test-124518-334, starting consumer #16
id: test-124518-334, starting consumer #16, channel #0
id: test-124518-334, starting consumer #17
id: test-124518-334, starting consumer #17, channel #0
id: test-124518-334, starting consumer #18
id: test-124518-334, starting consumer #18, channel #0
id: test-124518-334, starting consumer #19
id: test-124518-334, starting consumer #19, channel #0
id: test-124518-334, starting consumer #20
id: test-124518-334, starting consumer #20, channel #0
id: test-124518-334, starting consumer #21
id: test-124518-334, starting consumer #21, channel #0
id: test-124518-334, starting consumer #22
id: test-124518-334, starting consumer #22, channel #0
id: test-124518-334, starting consumer #23
id: test-124518-334, starting consumer #23, channel #0
id: test-124518-334, starting consumer #24
id: test-124518-334, starting consumer #24, channel #0
id: test-124518-334, starting consumer #25
id: test-124518-334, starting consumer #25, channel #0
id: test-124518-334, starting consumer #26
id: test-124518-334, starting consumer #26, channel #0
id: test-124518-334, starting consumer #27
id: test-124518-334, starting consumer #27, channel #0
id: test-124518-334, starting consumer #28
id: test-124518-334, starting consumer #28, channel #0
id: test-124518-334, starting consumer #29
id: test-124518-334, starting consumer #29, channel #0
id: test-124518-334, starting consumer #30
id: test-124518-334, starting consumer #30, channel #0
id: test-124518-334, starting consumer #31
id: test-124518-334, starting consumer #31, channel #0
id: test-124518-334, starting consumer #32
id: test-124518-334, starting consumer #32, channel #0
id: test-124518-334, starting consumer #33
id: test-124518-334, starting consumer #33, channel #0
id: test-124518-334, starting consumer #34
id: test-124518-334, starting consumer #34, channel #0
id: test-124518-334, starting consumer #35
id: test-124518-334, starting consumer #35, channel #0
id: test-124518-334, starting consumer #36
id: test-124518-334, starting consumer #36, channel #0
id: test-124518-334, starting consumer #37
id: test-124518-334, starting consumer #37, channel #0
id: test-124518-334, starting consumer #38
id: test-124518-334, starting consumer #38, channel #0
id: test-124518-334, starting consumer #39
id: test-124518-334, starting consumer #39, channel #0
id: test-124518-334, starting consumer #40
id: test-124518-334, starting consumer #40, channel #0
id: test-124518-334, starting consumer #41
id: test-124518-334, starting consumer #41, channel #0
id: test-124518-334, starting consumer #42
id: test-124518-334, starting consumer #42, channel #0
id: test-124518-334, starting consumer #43
id: test-124518-334, starting consumer #43, channel #0
id: test-124518-334, starting consumer #44
id: test-124518-334, starting consumer #44, channel #0
id: test-124518-334, starting consumer #45
id: test-124518-334, starting consumer #45, channel #0
id: test-124518-334, starting consumer #46
id: test-124518-334, starting consumer #46, channel #0
id: test-124518-334, starting consumer #47
id: test-124518-334, starting consumer #47, channel #0
id: test-124518-334, starting consumer #48
id: test-124518-334, starting consumer #48, channel #0
id: test-124518-334, starting consumer #49
id: test-124518-334, starting consumer #49, channel #0
id: test-124518-334, starting consumer #50
id: test-124518-334, starting consumer #50, channel #0
id: test-124518-334, starting consumer #51
id: test-124518-334, starting consumer #51, channel #0
id: test-124518-334, starting consumer #52
id: test-124518-334, starting consumer #52, channel #0
id: test-124518-334, starting consumer #53
id: test-124518-334, starting consumer #53, channel #0
id: test-124518-334, starting consumer #54
id: test-124518-334, starting consumer #54, channel #0
id: test-124518-334, starting consumer #55
id: test-124518-334, starting consumer #55, channel #0
id: test-124518-334, starting consumer #56
id: test-124518-334, starting consumer #56, channel #0
id: test-124518-334, starting consumer #57
id: test-124518-334, starting consumer #57, channel #0
id: test-124518-334, starting consumer #58
id: test-124518-334, starting consumer #58, channel #0
id: test-124518-334, starting consumer #59
id: test-124518-334, starting consumer #59, channel #0
id: test-124518-334, starting consumer #60
id: test-124518-334, starting consumer #60, channel #0
id: test-124518-334, starting consumer #61
id: test-124518-334, starting consumer #61, channel #0
id: test-124518-334, starting consumer #62
id: test-124518-334, starting consumer #62, channel #0
id: test-124518-334, starting consumer #63
id: test-124518-334, starting consumer #63, channel #0
id: test-124518-334, starting producer #0
id: test-124518-334, starting producer #0, channel #0
id: test-124518-334, starting producer #1
id: test-124518-334, starting producer #1, channel #0
id: test-124518-334, starting producer #2
id: test-124518-334, starting producer #2, channel #0
id: test-124518-334, starting producer #3
id: test-124518-334, starting producer #3, channel #0
id: test-124518-334, starting producer #4
id: test-124518-334, starting producer #4, channel #0
id: test-124518-334, starting producer #5
id: test-124518-334, starting producer #5, channel #0
id: test-124518-334, starting producer #6
id: test-124518-334, starting producer #6, channel #0
id: test-124518-334, starting producer #7
id: test-124518-334, starting producer #7, channel #0
id: test-124518-334, starting producer #8
id: test-124518-334, starting producer #8, channel #0
id: test-124518-334, starting producer #9
id: test-124518-334, starting producer #9, channel #0
id: test-124518-334, starting producer #10
id: test-124518-334, starting producer #10, channel #0
id: test-124518-334, starting producer #11
id: test-124518-334, starting producer #11, channel #0
id: test-124518-334, starting producer #12
id: test-124518-334, starting producer #12, channel #0
id: test-124518-334, starting producer #13
id: test-124518-334, starting producer #13, channel #0
id: test-124518-334, starting producer #14
id: test-124518-334, starting producer #14, channel #0
id: test-124518-334, starting producer #15
id: test-124518-334, starting producer #15, channel #0
id: test-124518-334, starting producer #16
id: test-124518-334, starting producer #16, channel #0
id: test-124518-334, starting producer #17
id: test-124518-334, starting producer #17, channel #0
id: test-124518-334, starting producer #18
id: test-124518-334, starting producer #18, channel #0
id: test-124518-334, starting producer #19
id: test-124518-334, starting producer #19, channel #0
id: test-124518-334, starting producer #20
id: test-124518-334, starting producer #20, channel #0
id: test-124518-334, starting producer #21
id: test-124518-334, starting producer #21, channel #0
id: test-124518-334, starting producer #22
id: test-124518-334, starting producer #22, channel #0
id: test-124518-334, starting producer #23
id: test-124518-334, starting producer #23, channel #0
id: test-124518-334, starting producer #24
id: test-124518-334, starting producer #24, channel #0
id: test-124518-334, starting producer #25
id: test-124518-334, starting producer #25, channel #0
id: test-124518-334, starting producer #26
id: test-124518-334, starting producer #26, channel #0
id: test-124518-334, starting producer #27
id: test-124518-334, starting producer #27, channel #0
id: test-124518-334, starting producer #28
id: test-124518-334, starting producer #28, channel #0
id: test-124518-334, starting producer #29
id: test-124518-334, starting producer #29, channel #0
id: test-124518-334, starting producer #30
id: test-124518-334, starting producer #30, channel #0
id: test-124518-334, starting producer #31
id: test-124518-334, starting producer #31, channel #0
id: test-124518-334, starting producer #32
id: test-124518-334, starting producer #32, channel #0
id: test-124518-334, starting producer #33
id: test-124518-334, starting producer #33, channel #0
id: test-124518-334, starting producer #34
id: test-124518-334, starting producer #34, channel #0
id: test-124518-334, starting producer #35
id: test-124518-334, starting producer #35, channel #0
id: test-124518-334, starting producer #36
id: test-124518-334, starting producer #36, channel #0
id: test-124518-334, starting producer #37
id: test-124518-334, starting producer #37, channel #0
id: test-124518-334, starting producer #38
id: test-124518-334, starting producer #38, channel #0
id: test-124518-334, starting producer #39
id: test-124518-334, starting producer #39, channel #0
id: test-124518-334, starting producer #40
id: test-124518-334, starting producer #40, channel #0
id: test-124518-334, starting producer #41
id: test-124518-334, starting producer #41, channel #0
id: test-124518-334, starting producer #42
id: test-124518-334, starting producer #42, channel #0
id: test-124518-334, starting producer #43
id: test-124518-334, starting producer #43, channel #0
id: test-124518-334, starting producer #44
id: test-124518-334, starting producer #44, channel #0
id: test-124518-334, starting producer #45
id: test-124518-334, starting producer #45, channel #0
id: test-124518-334, starting producer #46
id: test-124518-334, starting producer #46, channel #0
id: test-124518-334, starting producer #47
id: test-124518-334, starting producer #47, channel #0
id: test-124518-334, starting producer #48
id: test-124518-334, starting producer #48, channel #0
id: test-124518-334, starting producer #49
id: test-124518-334, starting producer #49, channel #0
id: test-124518-334, starting producer #50
id: test-124518-334, starting producer #50, channel #0
id: test-124518-334, starting producer #51
id: test-124518-334, starting producer #51, channel #0
id: test-124518-334, starting producer #52
id: test-124518-334, starting producer #52, channel #0
id: test-124518-334, starting producer #53
id: test-124518-334, starting producer #53, channel #0
id: test-124518-334, starting producer #54
id: test-124518-334, starting producer #54, channel #0
id: test-124518-334, starting producer #55
id: test-124518-334, starting producer #55, channel #0
id: test-124518-334, starting producer #56
id: test-124518-334, starting producer #56, channel #0
id: test-124518-334, starting producer #57
id: test-124518-334, starting producer #57, channel #0
id: test-124518-334, starting producer #58
id: test-124518-334, starting producer #58, channel #0
id: test-124518-334, starting producer #59
id: test-124518-334, starting producer #59, channel #0
id: test-124518-334, starting producer #60
id: test-124518-334, starting producer #60, channel #0
id: test-124518-334, starting producer #61
id: test-124518-334, starting producer #61, channel #0
id: test-124518-334, starting producer #62
id: test-124518-334, starting producer #62, channel #0
id: test-124518-334, starting producer #63
id: test-124518-334, starting producer #63, channel #0
id: test-124518-334, time 1.003 s, sent: 69044 msg/s, confirmed: 67070 msg/s, nacked: 0 msg/s, received: 35462 msg/s, min/median/75th/95th/99th/max consumer latency: 38/293867/464136/741998/890899/1117422 µs, confirm latency: 272/3967/12103/174536/315575/624652 µs
id: test-124518-334, time 2.003 s, sent: 122077 msg/s, confirmed: 118989 msg/s, nacked: 0 msg/s, received: 101730 msg/s, min/median/75th/95th/99th/max consumer latency: 695/351296/570182/860601/993547/1094446 µs, confirm latency: 352/3702/10594/169775/280854/326477 µs
id: test-124518-334, time 3.015 s, sent: 223361 msg/s, confirmed: 221810 msg/s, nacked: 0 msg/s, received: 230290 msg/s, min/median/75th/95th/99th/max consumer latency: 1030/229085/430228/668636/919422/1098843 µs, confirm latency: 522/18010/39515/85115/226680/277823 µs
id: test-124518-334, time 4.002 s, sent: 226530 msg/s, confirmed: 220802 msg/s, nacked: 0 msg/s, received: 258503 msg/s, min/median/75th/95th/99th/max consumer latency: 2767/55146/130801/410538/549585/588295 µs, confirm latency: 4389/40065/58883/119304/142984/187297 µs
id: test-124518-334, time 5.001 s, sent: 229054 msg/s, confirmed: 228816 msg/s, nacked: 0 msg/s, received: 234916 msg/s, min/median/75th/95th/99th/max consumer latency: 6696/42915/55878/87471/128165/154715 µs, confirm latency: 10997/51258/64831/84574/99813/118182 µs
id: test-124518-334, time 6.000 s, sent: 207270 msg/s, confirmed: 207193 msg/s, nacked: 0 msg/s, received: 209745 msg/s, min/median/75th/95th/99th/max consumer latency: 1150/37827/49158/71576/89233/105920 µs, confirm latency: 14271/52676/65671/180151/208224/233115 µs
id: test-124518-334, time 7.001 s, sent: 267224 msg/s, confirmed: 267342 msg/s, nacked: 0 msg/s, received: 264278 msg/s, min/median/75th/95th/99th/max consumer latency: 6589/35448/45480/63277/81411/98819 µs, confirm latency: 6579/44885/55478/76746/88534/108673 µs
id: test-124518-334, time 8.001 s, sent: 255460 msg/s, confirmed: 255473 msg/s, nacked: 0 msg/s, received: 255398 msg/s, min/median/75th/95th/99th/max consumer latency: 4646/37671/49420/72124/88863/110122 µs, confirm latency: 5073/46699/58505/78560/96468/126523 µs
id: test-124518-334, time 9.001 s, sent: 259679 msg/s, confirmed: 259914 msg/s, nacked: 0 msg/s, received: 259451 msg/s, min/median/75th/95th/99th/max consumer latency: 5997/36067/46668/64415/79453/105564 µs, confirm latency: 12056/46379/58275/75266/87525/100046 µs
id: test-124518-334, time 10.000 s, sent: 251359 msg/s, confirmed: 251112 msg/s, nacked: 0 msg/s, received: 251971 msg/s, min/median/75th/95th/99th/max consumer latency: 1843/36834/49041/72378/88385/124411 µs, confirm latency: 4101/47181/60818/85657/104706/148036 µs
id: test-124518-334, time 11.002 s, sent: 261494 msg/s, confirmed: 261503 msg/s, nacked: 0 msg/s, received: 260778 msg/s, min/median/75th/95th/99th/max consumer latency: 7659/36984/47173/65591/79209/106969 µs, confirm latency: 14665/45670/55620/73838/86342/111082 µs
id: test-124518-334, time 12.000 s, sent: 258259 msg/s, confirmed: 258242 msg/s, nacked: 0 msg/s, received: 259045 msg/s, min/median/75th/95th/99th/max consumer latency: 3540/37017/47628/69551/83829/124829 µs, confirm latency: 7963/44784/57339/77142/96578/128418 µs
id: test-124518-334, time 13.000 s, sent: 257036 msg/s, confirmed: 257078 msg/s, nacked: 0 msg/s, received: 256311 msg/s, min/median/75th/95th/99th/max consumer latency: 6179/35839/47318/68527/80150/96733 µs, confirm latency: 7141/46154/57657/77656/99614/137116 µs
id: test-124518-334, time 14.001 s, sent: 225214 msg/s, confirmed: 225335 msg/s, nacked: 0 msg/s, received: 229099 msg/s, min/median/75th/95th/99th/max consumer latency: 1244/30275/42160/60453/74674/106820 µs, confirm latency: 14952/52006/66136/95260/124787/134164 µs
id: test-124518-334, time 15.000 s, sent: 246190 msg/s, confirmed: 245728 msg/s, nacked: 0 msg/s, received: 242035 msg/s, min/median/75th/95th/99th/max consumer latency: 11987/39667/50864/70317/84973/134138 µs, confirm latency: 13409/49922/61252/81408/95979/131786 µs
id: test-124518-334, time 16.000 s, sent: 241722 msg/s, confirmed: 241830 msg/s, nacked: 0 msg/s, received: 242233 msg/s, min/median/75th/95th/99th/max consumer latency: 10916/37757/49224/67159/83017/105765 µs, confirm latency: 13787/48669/59851/78472/92920/123898 µs
id: test-124518-334, time 17.007 s, sent: 239494 msg/s, confirmed: 240020 msg/s, nacked: 0 msg/s, received: 240873 msg/s, min/median/75th/95th/99th/max consumer latency: 8209/41421/53782/79285/98829/140494 µs, confirm latency: 7926/49856/64315/84416/108280/142081 µs
id: test-124518-334, time 18.000 s, sent: 225974 msg/s, confirmed: 226887 msg/s, nacked: 0 msg/s, received: 223948 msg/s, min/median/75th/95th/99th/max consumer latency: 2535/36486/47968/69108/90856/103400 µs, confirm latency: 14202/47306/61179/156263/180693/209186 µs
id: test-124518-334, time 19.000 s, sent: 222111 msg/s, confirmed: 221263 msg/s, nacked: 0 msg/s, received: 221300 msg/s, min/median/75th/95th/99th/max consumer latency: 7539/41906/56075/81854/104509/131287 µs, confirm latency: 13909/53137/68878/91913/112528/134107 µs
id: test-124518-334, time 20.000 s, sent: 248050 msg/s, confirmed: 247566 msg/s, nacked: 0 msg/s, received: 248376 msg/s, min/median/75th/95th/99th/max consumer latency: 8328/40042/52026/73846/91552/126755 µs, confirm latency: 11492/48592/59886/82743/99457/128734 µs
id: test-124518-334, time 21.000 s, sent: 225956 msg/s, confirmed: 225884 msg/s, nacked: 0 msg/s, received: 227391 msg/s, min/median/75th/95th/99th/max consumer latency: 13206/42241/56151/78288/98698/113469 µs, confirm latency: 15457/52324/66033/90706/111826/143073 µs
id: test-124518-334, time 22.000 s, sent: 239883 msg/s, confirmed: 239952 msg/s, nacked: 0 msg/s, received: 239611 msg/s, min/median/75th/95th/99th/max consumer latency: 8638/38475/50121/72299/90388/104955 µs, confirm latency: 7144/50024/62765/86046/101911/118976 µs
id: test-124518-334, time 23.001 s, sent: 204912 msg/s, confirmed: 205106 msg/s, nacked: 0 msg/s, received: 210132 msg/s, min/median/75th/95th/99th/max consumer latency: 930/32507/45465/67776/84545/160730 µs, confirm latency: 15226/59357/75563/104489/123906/142490 µs
id: test-124518-334, time 24.000 s, sent: 239918 msg/s, confirmed: 239668 msg/s, nacked: 0 msg/s, received: 234852 msg/s, min/median/75th/95th/99th/max consumer latency: 3128/39390/51047/74937/95325/130048 µs, confirm latency: 10939/49558/61896/88568/106547/115900 µs
id: test-124518-334, time 25.000 s, sent: 228628 msg/s, confirmed: 228552 msg/s, nacked: 0 msg/s, received: 228996 msg/s, min/median/75th/95th/99th/max consumer latency: 1991/40538/53834/77377/95099/116602 µs, confirm latency: 4900/53149/67038/88405/105060/125317 µs
test stopped (Reached time limit)
id: test-124518-334, sending rate avg: 227868 msg/s
id: test-124518-334, receiving rate avg: 228374 msg/s
id: test-124518-334, consumer latency min/median/75th/95th/99th/max 1982/39759/54276/118891/551995/1296202 µs
id: test-124518-334, confirm latency min/median/75th/95th/99th/max 679/48885/61686/84819/120726/211121 µs
