Picked up JAVA_TOOL_OPTIONS: -Xmx3g
id: test-120440-269, starting consumer #0
id: test-120440-269, starting consumer #0, channel #0
id: test-120440-269, starting producer #0
id: test-120440-269, starting producer #0, channel #0
id: test-120440-269, time 1.004 s, sent: 388 msg/s, confirmed: 384 msg/s, nacked: 0 msg/s, received: 388 msg/s, min/median/75th/95th/99th/max consumer latency: 677/2154/4188/5325/6772/9128 µs, confirm latency: 1843/9351/10005/12648/15019/17250 µs
id: test-120440-269, time 2.000 s, sent: 302 msg/s, confirmed: 302 msg/s, nacked: 0 msg/s, received: 301 msg/s, min/median/75th/95th/99th/max consumer latency: 638/2959/5033/13743/19981/29203 µs, confirm latency: 4686/9898/14001/24193/43346/45744 µs
id: test-120440-269, time 3.001 s, sent: 396 msg/s, confirmed: 397 msg/s, nacked: 0 msg/s, received: 396 msg/s, min/median/75th/95th/99th/max consumer latency: 682/2874/4245/5109/5761/6953 µs, confirm latency: 1848/9397/10156/12330/13759/15028 µs
id: test-120440-269, time 4.000 s, sent: 386 msg/s, confirmed: 388 msg/s, nacked: 0 msg/s, received: 386 msg/s, min/median/75th/95th/99th/max consumer latency: 692/3071/4154/5314/8163/36096 µs, confirm latency: 4510/9373/10010/12141/36676/38600 µs
id: test-120440-269, time 5.000 s, sent: 391 msg/s, confirmed: 388 msg/s, nacked: 0 msg/s, received: 389 msg/s, min/median/75th/95th/99th/max consumer latency: 686/2308/4438/5576/6914/21147 µs, confirm latency: 2920/9443/10199/12193/22571/31714 µs
id: test-120440-269, time 6.001 s, sent: 377 msg/s, confirmed: 379 msg/s, nacked: 0 msg/s, received: 379 msg/s, min/median/75th/95th/99th/max consumer latency: 701/3563/4801/5718/7378/27856 µs, confirm latency: 2811/9537/10168/12776/19010/29230 µs
id: test-120440-269, time 7.000 s, sent: 390 msg/s, confirmed: 388 msg/s, nacked: 0 msg/s, received: 388 msg/s, min/median/75th/95th/99th/max consumer latency: 684/1921/4363/5504/6812/17993 µs, confirm latency: 2505/9487/10204/12529/18449/27450 µs
id: test-120440-269, time 8.000 s, sent: 346 msg/s, confirmed: 346 msg/s, nacked: 0 msg/s, received: 349 msg/s, min/median/75th/95th/99th/max consumer latency: 700/4027/4689/11000/25576/39733 µs, confirm latency: 2272/9607/10429/19904/40668/60447 µs
id: test-120440-269, time 9.000 s, sent: 357 msg/s, confirmed: 357 msg/s, nacked: 0 msg/s, received: 357 msg/s, min/median/75th/95th/99th/max consumer latency: 689/4104/4957/12562/17225/18158 µs, confirm latency: 2299/9803/10811/19377/29780/35895 µs
id: test-120440-269, time 10.001 s, sent: 325 msg/s, confirmed: 325 msg/s, nacked: 0 msg/s, received: 323 msg/s, min/median/75th/95th/99th/max consumer latency: 735/3873/5566/9437/33145/35802 µs, confirm latency: 2987/9672/11343/17275/36988/39982 µs
id: test-120440-269, time 11.000 s, sent: 389 msg/s, confirmed: 391 msg/s, nacked: 0 msg/s, received: 390 msg/s, min/median/75th/95th/99th/max consumer latency: 718/3737/4723/5962/9563/11281 µs, confirm latency: 2993/9446/10207/12860/16458/22569 µs
id: test-120440-269, time 12.001 s, sent: 386 msg/s, confirmed: 384 msg/s, nacked: 0 msg/s, received: 387 msg/s, min/median/75th/95th/99th/max consumer latency: 712/2394/4521/5714/6805/20131 µs, confirm latency: 3150/9493/10320/12691/25058/29727 µs
id: test-120440-269, time 13.000 s, sent: 400 msg/s, confirmed: 400 msg/s, nacked: 0 msg/s, received: 397 msg/s, min/median/75th/95th/99th/max consumer latency: 698/3666/4595/5607/7419/8433 µs, confirm latency: 2405/9427/10033/11620/13244/14672 µs
id: test-120440-269, time 14.000 s, sent: 379 msg/s, confirmed: 380 msg/s, nacked: 0 msg/s, received: 382 msg/s, min/median/75th/95th/99th/max consumer latency: 718/2946/4422/5654/17881/24259 µs, confirm latency: 1859/9452/10207/13276/23861/32288 µs
id: test-120440-269, time 15.000 s, sent: 395 msg/s, confirmed: 396 msg/s, nacked: 0 msg/s, received: 394 msg/s, min/median/75th/95th/99th/max consumer latency: 694/3546/4668/5296/7179/7439 µs, confirm latency: 2527/9482/10150/11680/13462/14319 µs
id: test-120440-269, time 16.010 s, sent: 380 msg/s, confirmed: 378 msg/s, nacked: 0 msg/s, received: 381 msg/s, min/median/75th/95th/99th/max consumer latency: 686/3706/4723/5540/7301/9508 µs, confirm latency: 2553/9475/10261/12404/16120/17321 µs
id: test-120440-269, time 17.001 s, sent: 382 msg/s, confirmed: 384 msg/s, nacked: 0 msg/s, received: 381 msg/s, min/median/75th/95th/99th/max consumer latency: 736/3778/5055/5988/11605/16426 µs, confirm latency: 3508/9526/10369/12616/47938/49665 µs
id: test-120440-269, time 18.000 s, sent: 398 msg/s, confirmed: 397 msg/s, nacked: 0 msg/s, received: 397 msg/s, min/median/75th/95th/99th/max consumer latency: 695/3723/4803/5614/7132/8296 µs, confirm latency: 2893/9397/10113/12199/13536/14488 µs
id: test-120440-269, time 19.001 s, sent: 304 msg/s, confirmed: 307 msg/s, nacked: 0 msg/s, received: 306 msg/s, min/median/75th/95th/99th/max consumer latency: 592/4474/5241/14762/23350/31082 µs, confirm latency: 4059/10303/12981/23000/34924/52988 µs
id: test-120440-269, time 20.000 s, sent: 395 msg/s, confirmed: 391 msg/s, nacked: 0 msg/s, received: 395 msg/s, min/median/75th/95th/99th/max consumer latency: 690/4299/4880/5479/5919/7211 µs, confirm latency: 2571/9455/10201/12369/13503/16358 µs
id: test-120440-269, time 21.001 s, sent: 385 msg/s, confirmed: 386 msg/s, nacked: 0 msg/s, received: 383 msg/s, min/median/75th/95th/99th/max consumer latency: 669/4158/4766/5735/6496/39041 µs, confirm latency: 3255/9527/10219/11862/39016/42579 µs
id: test-120440-269, time 22.001 s, sent: 390 msg/s, confirmed: 389 msg/s, nacked: 0 msg/s, received: 389 msg/s, min/median/75th/95th/99th/max consumer latency: 742/4329/4996/5774/6822/16750 µs, confirm latency: 2488/9499/10268/12960/18697/27629 µs
id: test-120440-269, time 23.001 s, sent: 383 msg/s, confirmed: 383 msg/s, nacked: 0 msg/s, received: 386 msg/s, min/median/75th/95th/99th/max consumer latency: 743/4530/5054/5646/10403/28532 µs, confirm latency: 4055/9465/10198/12388/27248/38449 µs
id: test-120440-269, time 24.000 s, sent: 309 msg/s, confirmed: 309 msg/s, nacked: 0 msg/s, received: 309 msg/s, min/median/75th/95th/99th/max consumer latency: 689/4086/5181/12251/19902/20508 µs, confirm latency: 3282/10143/12996/21819/28072/33958 µs
id: test-120440-269, time 25.003 s, sent: 345 msg/s, confirmed: 345 msg/s, nacked: 0 msg/s, received: 344 msg/s, min/median/75th/95th/99th/max consumer latency: 522/4453/5237/6658/17402/18407 µs, confirm latency: 3075/9615/10390/19304/42897/45460 µs
test stopped (Reached time limit)
id: test-120440-269, sending rate avg: 371 msg/s
id: test-120440-269, receiving rate avg: 371 msg/s
id: test-120440-269, consumer latency min/median/75th/95th/99th/max 680/3720/4818/6144/16750/33145 µs
id: test-120440-269, confirm latency min/median/75th/95th/99th/max 2488/9549/10319/13688/24361/49665 µs
