Picked up JAVA_TOOL_OPTIONS: -Xmx3g
id: test-122218-111, starting consumer #0
id: test-122218-111, starting consumer #0, channel #0
id: test-122218-111, starting consumer #1
id: test-122218-111, starting consumer #1, channel #0
id: test-122218-111, starting producer #0
id: test-122218-111, starting producer #0, channel #0
id: test-122218-111, starting producer #1
id: test-122218-111, starting producer #1, channel #0
id: test-122218-111, time 1.000 s, sent: 198 msg/s, received: 196 msg/s, min/median/75th/95th/99th/max consumer latency: 415/44853/70749/91454/112842/112917 µs
id: test-122218-111, time 2.001 s, sent: 200 msg/s, received: 198 msg/s, min/median/75th/95th/99th/max consumer latency: 211/40105/68807/89789/95076/95090 µs
id: test-122218-111, time 3.002 s, sent: 200 msg/s, received: 198 msg/s, min/median/75th/95th/99th/max consumer latency: 149/48155/70497/91041/92763/103859 µs
id: test-122218-111, time 4.001 s, sent: 200 msg/s, received: 200 msg/s, min/median/75th/95th/99th/max consumer latency: 159/42165/70429/89838/91845/92633 µs
id: test-122218-111, time 5.001 s, sent: 200 msg/s, received: 194 msg/s, min/median/75th/95th/99th/max consumer latency: 137/44449/70240/90703/93317/95014 µs
id: test-122218-111, time 6.001 s, sent: 200 msg/s, received: 200 msg/s, min/median/75th/95th/99th/max consumer latency: 112/47978/70225/90748/93806/94862 µs
id: test-122218-111, time 7.001 s, sent: 200 msg/s, received: 198 msg/s, min/median/75th/95th/99th/max consumer latency: 263/48076/69780/90058/95630/95670 µs
id: test-122218-111, time 8.002 s, sent: 200 msg/s, received: 200 msg/s, min/median/75th/95th/99th/max consumer latency: 232/46292/69752/89170/90520/91293 µs
id: test-122218-111, time 9.000 s, sent: 190 msg/s, received: 196 msg/s, min/median/75th/95th/99th/max consumer latency: 150/48879/70812/91411/103026/112816 µs
id: test-122218-111, time 10.001 s, sent: 192 msg/s, received: 199 msg/s, min/median/75th/95th/99th/max consumer latency: 158/47704/70209/90084/91758/92325 µs
id: test-122218-111, time 11.001 s, sent: 197 msg/s, received: 197 msg/s, min/median/75th/95th/99th/max consumer latency: 155/42209/69682/89890/92056/96824 µs
id: test-122218-111, time 12.001 s, sent: 200 msg/s, received: 201 msg/s, min/median/75th/95th/99th/max consumer latency: 154/44787/69757/90160/90873/93747 µs
id: test-122218-111, time 13.001 s, sent: 200 msg/s, received: 200 msg/s, min/median/75th/95th/99th/max consumer latency: 133/48868/69701/89595/90754/92028 µs
id: test-122218-111, time 14.002 s, sent: 200 msg/s, received: 198 msg/s, min/median/75th/95th/99th/max consumer latency: 125/41285/70041/90012/91622/97486 µs
id: test-122218-111, time 15.001 s, sent: 200 msg/s, received: 200 msg/s, min/median/75th/95th/99th/max consumer latency: 130/42038/69419/89965/92858/95843 µs
id: test-122218-111, time 16.000 s, sent: 200 msg/s, received: 201 msg/s, min/median/75th/95th/99th/max consumer latency: 149/45472/69762/89771/90878/93900 µs
id: test-122218-111, time 17.000 s, sent: 200 msg/s, received: 199 msg/s, min/median/75th/95th/99th/max consumer latency: 129/44843/69423/90394/95677/96878 µs
id: test-122218-111, time 18.000 s, sent: 200 msg/s, received: 200 msg/s, min/median/75th/95th/99th/max consumer latency: 118/42072/69545/89266/91589/91768 µs
id: test-122218-111, time 19.001 s, sent: 200 msg/s, received: 200 msg/s, min/median/75th/95th/99th/max consumer latency: 153/42562/69814/90075/91631/91745 µs
id: test-122218-111, time 20.002 s, sent: 200 msg/s, received: 196 msg/s, min/median/75th/95th/99th/max consumer latency: 142/44556/70438/90602/98600/100178 µs
id: test-122218-111, time 21.001 s, sent: 200 msg/s, received: 199 msg/s, min/median/75th/95th/99th/max consumer latency: 142/41375/69973/89986/91186/91883 µs
id: test-122218-111, time 22.000 s, sent: 200 msg/s, received: 202 msg/s, min/median/75th/95th/99th/max consumer latency: 128/47310/70447/90114/91023/91262 µs
id: test-122218-111, time 23.001 s, sent: 200 msg/s, received: 195 msg/s, min/median/75th/95th/99th/max consumer latency: 137/46024/70979/90849/106878/116665 µs
id: test-122218-111, time 24.001 s, sent: 200 msg/s, received: 200 msg/s, min/median/75th/95th/99th/max consumer latency: 148/48142/69313/90113/91504/91916 µs
id: test-122218-111, time 25.001 s, sent: 190 msg/s, received: 195 msg/s, min/median/75th/95th/99th/max consumer latency: 137/48255/70556/90204/109307/118423 µs
test stopped (Reached time limit)
id: test-122218-111, sending rate avg: 198 msg/s
id: test-122218-111, receiving rate avg: 198 msg/s
id: test-122218-111, consumer latency min/median/75th/95th/99th/max 112/41319/69978/89846/92956/112917 µs
