Picked up JAVA_TOOL_OPTIONS: -Xmx3g
id: test-123838-654, starting consumer #0
id: test-123838-654, starting consumer #0, channel #0
id: test-123838-654, starting consumer #1
id: test-123838-654, starting consumer #1, channel #0
id: test-123838-654, starting consumer #2
id: test-123838-654, starting consumer #2, channel #0
id: test-123838-654, starting consumer #3
id: test-123838-654, starting consumer #3, channel #0
id: test-123838-654, starting consumer #4
id: test-123838-654, starting consumer #4, channel #0
id: test-123838-654, starting consumer #5
id: test-123838-654, starting consumer #5, channel #0
id: test-123838-654, starting consumer #6
id: test-123838-654, starting consumer #6, channel #0
id: test-123838-654, starting consumer #7
id: test-123838-654, starting consumer #7, channel #0
id: test-123838-654, starting consumer #8
id: test-123838-654, starting consumer #8, channel #0
id: test-123838-654, starting consumer #9
id: test-123838-654, starting consumer #9, channel #0
id: test-123838-654, starting consumer #10
id: test-123838-654, starting consumer #10, channel #0
id: test-123838-654, starting consumer #11
id: test-123838-654, starting consumer #11, channel #0
id: test-123838-654, starting consumer #12
id: test-123838-654, starting consumer #12, channel #0
id: test-123838-654, starting consumer #13
id: test-123838-654, starting consumer #13, channel #0
id: test-123838-654, starting consumer #14
id: test-123838-654, starting consumer #14, channel #0
id: test-123838-654, starting consumer #15
id: test-123838-654, starting consumer #15, channel #0
id: test-123838-654, starting consumer #16
id: test-123838-654, starting consumer #16, channel #0
id: test-123838-654, starting consumer #17
id: test-123838-654, starting consumer #17, channel #0
id: test-123838-654, starting consumer #18
id: test-123838-654, starting consumer #18, channel #0
id: test-123838-654, starting consumer #19
id: test-123838-654, starting consumer #19, channel #0
id: test-123838-654, starting consumer #20
id: test-123838-654, starting consumer #20, channel #0
id: test-123838-654, starting consumer #21
id: test-123838-654, starting consumer #21, channel #0
id: test-123838-654, starting consumer #22
id: test-123838-654, starting consumer #22, channel #0
id: test-123838-654, starting consumer #23
id: test-123838-654, starting consumer #23, channel #0
id: test-123838-654, starting consumer #24
id: test-123838-654, starting consumer #24, channel #0
id: test-123838-654, starting consumer #25
id: test-123838-654, starting consumer #25, channel #0
id: test-123838-654, starting consumer #26
id: test-123838-654, starting consumer #26, channel #0
id: test-123838-654, starting consumer #27
id: test-123838-654, starting consumer #27, channel #0
id: test-123838-654, starting consumer #28
id: test-123838-654, starting consumer #28, channel #0
id: test-123838-654, starting consumer #29
id: test-123838-654, starting consumer #29, channel #0
id: test-123838-654, starting consumer #30
id: test-123838-654, starting consumer #30, channel #0
id: test-123838-654, starting consumer #31
id: test-123838-654, starting consumer #31, channel #0
id: test-123838-654, starting consumer #32
id: test-123838-654, starting consumer #32, channel #0
id: test-123838-654, starting consumer #33
id: test-123838-654, starting consumer #33, channel #0
id: test-123838-654, starting consumer #34
id: test-123838-654, starting consumer #34, channel #0
id: test-123838-654, starting consumer #35
id: test-123838-654, starting consumer #35, channel #0
id: test-123838-654, starting consumer #36
id: test-123838-654, starting consumer #36, channel #0
id: test-123838-654, starting consumer #37
id: test-123838-654, starting consumer #37, channel #0
id: test-123838-654, starting consumer #38
id: test-123838-654, starting consumer #38, channel #0
id: test-123838-654, starting consumer #39
id: test-123838-654, starting consumer #39, channel #0
id: test-123838-654, starting consumer #40
id: test-123838-654, starting consumer #40, channel #0
id: test-123838-654, starting consumer #41
id: test-123838-654, starting consumer #41, channel #0
id: test-123838-654, starting consumer #42
id: test-123838-654, starting consumer #42, channel #0
id: test-123838-654, starting consumer #43
id: test-123838-654, starting consumer #43, channel #0
id: test-123838-654, starting consumer #44
id: test-123838-654, starting consumer #44, channel #0
id: test-123838-654, starting consumer #45
id: test-123838-654, starting consumer #45, channel #0
id: test-123838-654, starting consumer #46
id: test-123838-654, starting consumer #46, channel #0
id: test-123838-654, starting consumer #47
id: test-123838-654, starting consumer #47, channel #0
id: test-123838-654, starting consumer #48
id: test-123838-654, starting consumer #48, channel #0
id: test-123838-654, starting consumer #49
id: test-123838-654, starting consumer #49, channel #0
id: test-123838-654, starting consumer #50
id: test-123838-654, starting consumer #50, channel #0
id: test-123838-654, starting consumer #51
id: test-123838-654, starting consumer #51, channel #0
id: test-123838-654, starting consumer #52
id: test-123838-654, starting consumer #52, channel #0
id: test-123838-654, starting consumer #53
id: test-123838-654, starting consumer #53, channel #0
id: test-123838-654, starting consumer #54
id: test-123838-654, starting consumer #54, channel #0
id: test-123838-654, starting consumer #55
id: test-123838-654, starting consumer #55, channel #0
id: test-123838-654, starting consumer #56
id: test-123838-654, starting consumer #56, channel #0
id: test-123838-654, starting consumer #57
id: test-123838-654, starting consumer #57, channel #0
id: test-123838-654, starting consumer #58
id: test-123838-654, starting consumer #58, channel #0
id: test-123838-654, starting consumer #59
id: test-123838-654, starting consumer #59, channel #0
id: test-123838-654, starting consumer #60
id: test-123838-654, starting consumer #60, channel #0
id: test-123838-654, starting consumer #61
id: test-123838-654, starting consumer #61, channel #0
id: test-123838-654, starting consumer #62
id: test-123838-654, starting consumer #62, channel #0
id: test-123838-654, starting consumer #63
id: test-123838-654, starting consumer #63, channel #0
id: test-123838-654, starting producer #0
id: test-123838-654, starting producer #0, channel #0
id: test-123838-654, starting producer #1
id: test-123838-654, starting producer #1, channel #0
id: test-123838-654, starting producer #2
id: test-123838-654, starting producer #2, channel #0
id: test-123838-654, starting producer #3
id: test-123838-654, starting producer #3, channel #0
id: test-123838-654, starting producer #4
id: test-123838-654, starting producer #4, channel #0
id: test-123838-654, starting producer #5
id: test-123838-654, starting producer #5, channel #0
id: test-123838-654, starting producer #6
id: test-123838-654, starting producer #6, channel #0
id: test-123838-654, starting producer #7
id: test-123838-654, starting producer #7, channel #0
id: test-123838-654, starting producer #8
id: test-123838-654, starting producer #8, channel #0
id: test-123838-654, starting producer #9
id: test-123838-654, starting producer #9, channel #0
id: test-123838-654, starting producer #10
id: test-123838-654, starting producer #10, channel #0
id: test-123838-654, starting producer #11
id: test-123838-654, starting producer #11, channel #0
id: test-123838-654, starting producer #12
id: test-123838-654, starting producer #12, channel #0
id: test-123838-654, starting producer #13
id: test-123838-654, starting producer #13, channel #0
id: test-123838-654, starting producer #14
id: test-123838-654, starting producer #14, channel #0
id: test-123838-654, starting producer #15
id: test-123838-654, starting producer #15, channel #0
id: test-123838-654, starting producer #16
id: test-123838-654, starting producer #16, channel #0
id: test-123838-654, starting producer #17
id: test-123838-654, starting producer #17, channel #0
id: test-123838-654, starting producer #18
id: test-123838-654, starting producer #18, channel #0
id: test-123838-654, starting producer #19
id: test-123838-654, starting producer #19, channel #0
id: test-123838-654, starting producer #20
id: test-123838-654, starting producer #20, channel #0
id: test-123838-654, starting producer #21
id: test-123838-654, starting producer #21, channel #0
id: test-123838-654, starting producer #22
id: test-123838-654, starting producer #22, channel #0
id: test-123838-654, starting producer #23
id: test-123838-654, starting producer #23, channel #0
id: test-123838-654, starting producer #24
id: test-123838-654, starting producer #24, channel #0
id: test-123838-654, starting producer #25
id: test-123838-654, starting producer #25, channel #0
id: test-123838-654, starting producer #26
id: test-123838-654, starting producer #26, channel #0
id: test-123838-654, starting producer #27
id: test-123838-654, starting producer #27, channel #0
id: test-123838-654, starting producer #28
id: test-123838-654, starting producer #28, channel #0
id: test-123838-654, starting producer #29
id: test-123838-654, starting producer #29, channel #0
id: test-123838-654, starting producer #30
id: test-123838-654, starting producer #30, channel #0
id: test-123838-654, starting producer #31
id: test-123838-654, starting producer #31, channel #0
id: test-123838-654, starting producer #32
id: test-123838-654, starting producer #32, channel #0
id: test-123838-654, starting producer #33
id: test-123838-654, starting producer #33, channel #0
id: test-123838-654, starting producer #34
id: test-123838-654, starting producer #34, channel #0
id: test-123838-654, starting producer #35
id: test-123838-654, starting producer #35, channel #0
id: test-123838-654, starting producer #36
id: test-123838-654, starting producer #36, channel #0
id: test-123838-654, starting producer #37
id: test-123838-654, starting producer #37, channel #0
id: test-123838-654, starting producer #38
id: test-123838-654, starting producer #38, channel #0
id: test-123838-654, starting producer #39
id: test-123838-654, starting producer #39, channel #0
id: test-123838-654, starting producer #40
id: test-123838-654, starting producer #40, channel #0
id: test-123838-654, starting producer #41
id: test-123838-654, starting producer #41, channel #0
id: test-123838-654, starting producer #42
id: test-123838-654, starting producer #42, channel #0
id: test-123838-654, starting producer #43
id: test-123838-654, starting producer #43, channel #0
id: test-123838-654, starting producer #44
id: test-123838-654, starting producer #44, channel #0
id: test-123838-654, starting producer #45
id: test-123838-654, starting producer #45, channel #0
id: test-123838-654, starting producer #46
id: test-123838-654, starting producer #46, channel #0
id: test-123838-654, starting producer #47
id: test-123838-654, starting producer #47, channel #0
id: test-123838-654, starting producer #48
id: test-123838-654, starting producer #48, channel #0
id: test-123838-654, starting producer #49
id: test-123838-654, starting producer #49, channel #0
id: test-123838-654, starting producer #50
id: test-123838-654, starting producer #50, channel #0
id: test-123838-654, starting producer #51
id: test-123838-654, starting producer #51, channel #0
id: test-123838-654, starting producer #52
id: test-123838-654, starting producer #52, channel #0
id: test-123838-654, starting producer #53
id: test-123838-654, starting producer #53, channel #0
id: test-123838-654, starting producer #54
id: test-123838-654, starting producer #54, channel #0
id: test-123838-654, starting producer #55
id: test-123838-654, starting producer #55, channel #0
id: test-123838-654, starting producer #56
id: test-123838-654, starting producer #56, channel #0
id: test-123838-654, starting producer #57
id: test-123838-654, starting producer #57, channel #0
id: test-123838-654, starting producer #58
id: test-123838-654, starting producer #58, channel #0
id: test-123838-654, starting producer #59
id: test-123838-654, starting producer #59, channel #0
id: test-123838-654, starting producer #60
id: test-123838-654, starting producer #60, channel #0
id: test-123838-654, starting producer #61
id: test-123838-654, starting producer #61, channel #0
id: test-123838-654, starting producer #62
id: test-123838-654, starting producer #62, channel #0
id: test-123838-654, starting producer #63
id: test-123838-654, starting producer #63, channel #0
id: test-123838-654, time 1.011 s, sent: 52422 msg/s, confirmed: 51823 msg/s, nacked: 0 msg/s, received: 49606 msg/s, min/median/75th/95th/99th/max consumer latency: 150/21096/54761/156312/213678/297737 µs, confirm latency: 219/9433/11791/27040/124007/168204 µs
id: test-123838-654, time 2.018 s, sent: 67002 msg/s, confirmed: 67059 msg/s, nacked: 0 msg/s, received: 67286 msg/s, min/median/75th/95th/99th/max consumer latency: 70/23015/60428/171562/253871/358486 µs, confirm latency: 263/8618/10907/14541/41252/114588 µs
id: test-123838-654, time 3.004 s, sent: 76815 msg/s, confirmed: 76752 msg/s, nacked: 0 msg/s, received: 78673 msg/s, min/median/75th/95th/99th/max consumer latency: 94/7474/20740/94308/159469/310595 µs, confirm latency: 627/8669/10987/26871/30322/45153 µs
id: test-123838-654, time 4.001 s, sent: 108574 msg/s, confirmed: 107921 msg/s, nacked: 0 msg/s, received: 109180 msg/s, min/median/75th/95th/99th/max consumer latency: 87/5792/10105/29211/50084/64403 µs, confirm latency: 582/7718/9628/11940/15535/26754 µs
id: test-123838-654, time 5.000 s, sent: 123831 msg/s, confirmed: 123811 msg/s, nacked: 0 msg/s, received: 123958 msg/s, min/median/75th/95th/99th/max consumer latency: 58/835/1419/2604/4349/16136 µs, confirm latency: 3736/9659/10171/11621/32181/44324 µs
id: test-123838-654, time 6.000 s, sent: 127937 msg/s, confirmed: 128066 msg/s, nacked: 0 msg/s, received: 127744 msg/s, min/median/75th/95th/99th/max consumer latency: 61/385/621/1128/2911/5444 µs, confirm latency: 4958/9848/10208/11140/11909/14490 µs
id: test-123838-654, time 7.000 s, sent: 124162 msg/s, confirmed: 124053 msg/s, nacked: 0 msg/s, received: 123791 msg/s, min/median/75th/95th/99th/max consumer latency: 61/845/1283/2128/3338/4708 µs, confirm latency: 2893/9781/10218/11706/32275/46249 µs
id: test-123838-654, time 8.000 s, sent: 128071 msg/s, confirmed: 128051 msg/s, nacked: 0 msg/s, received: 128365 msg/s, min/median/75th/95th/99th/max consumer latency: 92/868/1245/2096/3593/6507 µs, confirm latency: 4073/9776/10331/11911/12916/15723 µs
id: test-123838-654, time 9.000 s, sent: 123360 msg/s, confirmed: 123390 msg/s, nacked: 0 msg/s, received: 123499 msg/s, min/median/75th/95th/99th/max consumer latency: 36/618/984/1961/3272/21737 µs, confirm latency: 5100/9869/10231/11516/24656/29951 µs
id: test-123838-654, time 10.000 s, sent: 127653 msg/s, confirmed: 127623 msg/s, nacked: 0 msg/s, received: 127783 msg/s, min/median/75th/95th/99th/max consumer latency: 51/537/830/1634/2645/5739 µs, confirm latency: 5241/9890/10341/11615/12629/16552 µs
id: test-123838-654, time 11.000 s, sent: 124258 msg/s, confirmed: 124258 msg/s, nacked: 0 msg/s, received: 123722 msg/s, min/median/75th/95th/99th/max consumer latency: 41/476/734/1509/2853/15558 µs, confirm latency: 3727/9871/10329/12405/28162/39274 µs
id: test-123838-654, time 12.000 s, sent: 128141 msg/s, confirmed: 128141 msg/s, nacked: 0 msg/s, received: 128676 msg/s, min/median/75th/95th/99th/max consumer latency: 47/444/628/1224/2038/3039 µs, confirm latency: 5180/9847/10319/11332/12116/13789 µs
id: test-123838-654, time 13.000 s, sent: 124395 msg/s, confirmed: 124515 msg/s, nacked: 0 msg/s, received: 124326 msg/s, min/median/75th/95th/99th/max consumer latency: 40/553/855/1607/2304/5632 µs, confirm latency: 5363/9875/10355/11905/16918/36477 µs
id: test-123838-654, time 14.000 s, sent: 128027 msg/s, confirmed: 128056 msg/s, nacked: 0 msg/s, received: 128048 msg/s, min/median/75th/95th/99th/max consumer latency: 76/650/958/1613/3127/9430 µs, confirm latency: 2279/9832/10257/11147/12479/14139 µs
id: test-123838-654, time 15.000 s, sent: 122639 msg/s, confirmed: 122490 msg/s, nacked: 0 msg/s, received: 122681 msg/s, min/median/75th/95th/99th/max consumer latency: 57/531/868/1729/3805/19203 µs, confirm latency: 2598/9900/10402/12901/30770/44853 µs
id: test-123838-654, time 16.000 s, sent: 124741 msg/s, confirmed: 124755 msg/s, nacked: 0 msg/s, received: 124741 msg/s, min/median/75th/95th/99th/max consumer latency: 46/736/1215/1948/2474/3699 µs, confirm latency: 1488/9831/10281/12566/19084/26867 µs
id: test-123838-654, time 17.000 s, sent: 121829 msg/s, confirmed: 121815 msg/s, nacked: 0 msg/s, received: 121835 msg/s, min/median/75th/95th/99th/max consumer latency: 72/818/1313/2177/4280/22754 µs, confirm latency: 1973/9874/10429/11840/30590/48631 µs
id: test-123838-654, time 18.000 s, sent: 124551 msg/s, confirmed: 124913 msg/s, nacked: 0 msg/s, received: 124413 msg/s, min/median/75th/95th/99th/max consumer latency: 63/553/929/1687/2587/5790 µs, confirm latency: 1633/9853/10570/13888/22003/28033 µs
id: test-123838-654, time 19.000 s, sent: 120316 msg/s, confirmed: 119964 msg/s, nacked: 0 msg/s, received: 120445 msg/s, min/median/75th/95th/99th/max consumer latency: 92/718/1166/2016/4022/8679 µs, confirm latency: 4322/9855/10374/12421/23404/49777 µs
id: test-123838-654, time 20.001 s, sent: 128452 msg/s, confirmed: 128461 msg/s, nacked: 0 msg/s, received: 128084 msg/s, min/median/75th/95th/99th/max consumer latency: 49/956/1318/2183/3332/4450 µs, confirm latency: 4365/9787/10449/11654/13160/15941 µs
id: test-123838-654, time 21.000 s, sent: 124290 msg/s, confirmed: 124280 msg/s, nacked: 0 msg/s, received: 124564 msg/s, min/median/75th/95th/99th/max consumer latency: 82/643/1076/2127/4870/17331 µs, confirm latency: 1649/9811/10352/11950/23335/34381 µs
id: test-123838-654, time 22.000 s, sent: 127778 msg/s, confirmed: 127768 msg/s, nacked: 0 msg/s, received: 127788 msg/s, min/median/75th/95th/99th/max consumer latency: 55/391/610/1336/1939/2970 µs, confirm latency: 4079/9941/10399/12314/14589/17904 µs
id: test-123838-654, time 23.000 s, sent: 123123 msg/s, confirmed: 123123 msg/s, nacked: 0 msg/s, received: 123216 msg/s, min/median/75th/95th/99th/max consumer latency: 58/355/555/1263/2461/28058 µs, confirm latency: 6316/9879/10131/11111/18238/38040 µs
id: test-123838-654, time 24.000 s, sent: 128000 msg/s, confirmed: 128000 msg/s, nacked: 0 msg/s, received: 128000 msg/s, min/median/75th/95th/99th/max consumer latency: 68/406/673/1118/1585/3970 µs, confirm latency: 4867/9840/10215/11086/11957/12806 µs
id: test-123838-654, time 25.000 s, sent: 121982 msg/s, confirmed: 121982 msg/s, nacked: 0 msg/s, received: 121982 msg/s, min/median/75th/95th/99th/max consumer latency: 60/549/931/1915/3566/5230 µs, confirm latency: 1639/9858/10583/13642/17255/46284 µs
test stopped (Reached time limit)
id: test-123838-654, sending rate avg: 117177 msg/s
id: test-123838-654, receiving rate avg: 117220 msg/s
id: test-123838-654, consumer latency min/median/75th/95th/99th/max 45/558/1099/4974/68548/240990 µs
id: test-123838-654, confirm latency min/median/75th/95th/99th/max 1338/9866/10344/12295/24706/134843 µs
