Picked up JAVA_TOOL_OPTIONS: -Xmx3g
id: test-123703-816, starting consumer #0
id: test-123703-816, starting consumer #0, channel #0
id: test-123703-816, starting consumer #1
id: test-123703-816, starting consumer #1, channel #0
id: test-123703-816, starting consumer #2
id: test-123703-816, starting consumer #2, channel #0
id: test-123703-816, starting consumer #3
id: test-123703-816, starting consumer #3, channel #0
id: test-123703-816, starting consumer #4
id: test-123703-816, starting consumer #4, channel #0
id: test-123703-816, starting consumer #5
id: test-123703-816, starting consumer #5, channel #0
id: test-123703-816, starting consumer #6
id: test-123703-816, starting consumer #6, channel #0
id: test-123703-816, starting consumer #7
id: test-123703-816, starting consumer #7, channel #0
id: test-123703-816, starting consumer #8
id: test-123703-816, starting consumer #8, channel #0
id: test-123703-816, starting consumer #9
id: test-123703-816, starting consumer #9, channel #0
id: test-123703-816, starting consumer #10
id: test-123703-816, starting consumer #10, channel #0
id: test-123703-816, starting consumer #11
id: test-123703-816, starting consumer #11, channel #0
id: test-123703-816, starting consumer #12
id: test-123703-816, starting consumer #12, channel #0
id: test-123703-816, starting consumer #13
id: test-123703-816, starting consumer #13, channel #0
id: test-123703-816, starting consumer #14
id: test-123703-816, starting consumer #14, channel #0
id: test-123703-816, starting consumer #15
id: test-123703-816, starting consumer #15, channel #0
id: test-123703-816, starting consumer #16
id: test-123703-816, starting consumer #16, channel #0
id: test-123703-816, starting consumer #17
id: test-123703-816, starting consumer #17, channel #0
id: test-123703-816, starting consumer #18
id: test-123703-816, starting consumer #18, channel #0
id: test-123703-816, starting consumer #19
id: test-123703-816, starting consumer #19, channel #0
id: test-123703-816, starting producer #0
id: test-123703-816, starting producer #0, channel #0
id: test-123703-816, time 1.000 s, sent: 5059 msg/s, confirmed: 4959 msg/s, nacked: 0 msg/s, received: 101180 msg/s, min/median/75th/95th/99th/max consumer latency: 91/6791/14600/58234/93670/117767 µs, confirm latency: 3173/11524/13752/24376/75673/76053 µs
id: test-123703-816, time 2.000 s, sent: 8796 msg/s, confirmed: 8796 msg/s, nacked: 0 msg/s, received: 175782 msg/s, min/median/75th/95th/99th/max consumer latency: 92/1002/2055/11005/23295/28554 µs, confirm latency: 2467/10225/11051/13206/20582/23463 µs
id: test-123703-816, time 3.000 s, sent: 8815 msg/s, confirmed: 8815 msg/s, nacked: 0 msg/s, received: 176452 msg/s, min/median/75th/95th/99th/max consumer latency: 79/531/946/2442/6427/15384 µs, confirm latency: 5125/10742/11425/13217/49416/52212 µs
id: test-123703-816, time 4.000 s, sent: 10235 msg/s, confirmed: 10235 msg/s, nacked: 0 msg/s, received: 204704 msg/s, min/median/75th/95th/99th/max consumer latency: 66/562/1067/2823/4898/5921 µs, confirm latency: 4952/9279/10677/13683/17282/19963 µs
id: test-123703-816, time 5.000 s, sent: 9244 msg/s, confirmed: 9244 msg/s, nacked: 0 msg/s, received: 184880 msg/s, min/median/75th/95th/99th/max consumer latency: 52/487/828/1709/4241/7407 µs, confirm latency: 5806/10405/11366/12871/43598/46583 µs
id: test-123703-816, time 6.000 s, sent: 9305 msg/s, confirmed: 9305 msg/s, nacked: 0 msg/s, received: 185856 msg/s, min/median/75th/95th/99th/max consumer latency: 64/489/854/1881/2936/4731 µs, confirm latency: 6702/10480/11407/12618/14441/25007 µs
id: test-123703-816, time 7.000 s, sent: 7983 msg/s, confirmed: 8006 msg/s, nacked: 0 msg/s, received: 159864 msg/s, min/median/75th/95th/99th/max consumer latency: 74/573/1002/2423/5399/18050 µs, confirm latency: 6120/10884/11926/20025/42916/59404 µs
id: test-123703-816, time 8.000 s, sent: 9545 msg/s, confirmed: 9523 msg/s, nacked: 0 msg/s, received: 190964 msg/s, min/median/75th/95th/99th/max consumer latency: 62/586/1022/2269/3905/5118 µs, confirm latency: 4841/10416/11344/12447/14448/17950 µs
id: test-123703-816, time 9.000 s, sent: 8744 msg/s, confirmed: 8760 msg/s, nacked: 0 msg/s, received: 174820 msg/s, min/median/75th/95th/99th/max consumer latency: 92/709/1428/5006/11282/26750 µs, confirm latency: 4783/10674/12105/16468/27915/37831 µs
id: test-123703-816, time 10.000 s, sent: 10118 msg/s, confirmed: 10102 msg/s, nacked: 0 msg/s, received: 202422 msg/s, min/median/75th/95th/99th/max consumer latency: 56/641/1181/2300/3961/9658 µs, confirm latency: 4326/8796/10090/15117/36213/49151 µs
id: test-123703-816, time 11.001 s, sent: 9441 msg/s, confirmed: 9441 msg/s, nacked: 0 msg/s, received: 188820 msg/s, min/median/75th/95th/99th/max consumer latency: 71/544/1054/3743/7472/13368 µs, confirm latency: 5389/9680/10778/12581/49295/51842 µs
id: test-123703-816, time 12.000 s, sent: 9597 msg/s, confirmed: 9597 msg/s, nacked: 0 msg/s, received: 191951 msg/s, min/median/75th/95th/99th/max consumer latency: 48/535/896/2165/3938/5698 µs, confirm latency: 5936/10215/11213/12737/25578/28797 µs
id: test-123703-816, time 13.000 s, sent: 9137 msg/s, confirmed: 9137 msg/s, nacked: 0 msg/s, received: 182740 msg/s, min/median/75th/95th/99th/max consumer latency: 56/569/1032/2484/5092/59494 µs, confirm latency: 4481/9510/11006/14891/92887/96433 µs
id: test-123703-816, time 14.000 s, sent: 9623 msg/s, confirmed: 9623 msg/s, nacked: 0 msg/s, received: 192377 msg/s, min/median/75th/95th/99th/max consumer latency: 53/471/853/1894/3528/4854 µs, confirm latency: 5727/10201/11093/12296/13712/29707 µs
id: test-123703-816, time 15.000 s, sent: 10366 msg/s, confirmed: 10371 msg/s, nacked: 0 msg/s, received: 207315 msg/s, min/median/75th/95th/99th/max consumer latency: 72/624/1121/2435/3964/21270 µs, confirm latency: 5658/8991/9891/12056/19743/38162 µs
id: test-123703-816, time 16.000 s, sent: 10638 msg/s, confirmed: 10633 msg/s, nacked: 0 msg/s, received: 212685 msg/s, min/median/75th/95th/99th/max consumer latency: 68/549/1046/2391/6037/8748 µs, confirm latency: 4274/9170/10076/11610/22872/24822 µs
id: test-123703-816, time 17.000 s, sent: 9000 msg/s, confirmed: 9000 msg/s, nacked: 0 msg/s, received: 180187 msg/s, min/median/75th/95th/99th/max consumer latency: 53/491/816/2271/4200/27140 µs, confirm latency: 5543/10604/11467/14095/38889/47422 µs
id: test-123703-816, time 18.000 s, sent: 9199 msg/s, confirmed: 9199 msg/s, nacked: 0 msg/s, received: 183983 msg/s, min/median/75th/95th/99th/max consumer latency: 75/490/766/1580/2842/5613 µs, confirm latency: 6503/10701/11448/12599/16714/24049 µs
id: test-123703-816, time 19.004 s, sent: 8861 msg/s, confirmed: 8861 msg/s, nacked: 0 msg/s, received: 177228 msg/s, min/median/75th/95th/99th/max consumer latency: 72/488/855/2029/4301/7696 µs, confirm latency: 6137/10812/11572/13732/19680/25190 µs
id: test-123703-816, time 20.000 s, sent: 10602 msg/s, confirmed: 10602 msg/s, nacked: 0 msg/s, received: 212048 msg/s, min/median/75th/95th/99th/max consumer latency: 67/545/980/2142/3428/5025 µs, confirm latency: 4463/9370/10645/12885/30288/43612 µs
id: test-123703-816, time 21.000 s, sent: 10631 msg/s, confirmed: 10631 msg/s, nacked: 0 msg/s, received: 212239 msg/s, min/median/75th/95th/99th/max consumer latency: 67/594/1029/2135/5044/6573 µs, confirm latency: 4645/8878/10396/12292/25537/30841 µs
id: test-123703-816, time 22.001 s, sent: 8732 msg/s, confirmed: 8732 msg/s, nacked: 0 msg/s, received: 175032 msg/s, min/median/75th/95th/99th/max consumer latency: 46/472/806/2081/4000/15478 µs, confirm latency: 6253/10804/11511/12907/38098/42703 µs
id: test-123703-816, time 23.000 s, sent: 8583 msg/s, confirmed: 8583 msg/s, nacked: 0 msg/s, received: 171671 msg/s, min/median/75th/95th/99th/max consumer latency: 71/524/958/2361/3918/6250 µs, confirm latency: 5427/10608/11742/23245/41905/47487 µs
id: test-123703-816, time 24.000 s, sent: 9500 msg/s, confirmed: 9500 msg/s, nacked: 0 msg/s, received: 190002 msg/s, min/median/75th/95th/99th/max consumer latency: 55/526/924/2334/4735/22451 µs, confirm latency: 3811/9568/11145/23699/40401/57356 µs
id: test-123703-816, time 25.001 s, sent: 10403 msg/s, confirmed: 10403 msg/s, nacked: 0 msg/s, received: 208068 msg/s, min/median/75th/95th/99th/max consumer latency: 72/567/1006/1888/3069/6777 µs, confirm latency: 5964/9371/10694/12018/13172/20998 µs
test stopped (Reached time limit)
id: test-123703-816, sending rate avg: 9280 msg/s
id: test-123703-816, receiving rate avg: 185616 msg/s
id: test-123703-816, consumer latency min/median/75th/95th/99th/max 62/578/993/2910/8343/66171 µs
id: test-123703-816, confirm latency min/median/75th/95th/99th/max 3796/10107/11146/13694/25959/47679 µs
