Picked up JAVA_TOOL_OPTIONS: -Xmx3g
id: test-120041-873, starting consumer #0
id: test-120041-873, starting consumer #0, channel #0
id: test-120041-873, starting consumer #1
id: test-120041-873, starting consumer #1, channel #0
id: test-120041-873, starting consumer #2
id: test-120041-873, starting consumer #2, channel #0
id: test-120041-873, starting consumer #3
id: test-120041-873, starting consumer #3, channel #0
id: test-120041-873, starting consumer #4
id: test-120041-873, starting consumer #4, channel #0
id: test-120041-873, starting consumer #5
id: test-120041-873, starting consumer #5, channel #0
id: test-120041-873, starting consumer #6
id: test-120041-873, starting consumer #6, channel #0
id: test-120041-873, starting consumer #7
id: test-120041-873, starting consumer #7, channel #0
id: test-120041-873, starting consumer #8
id: test-120041-873, starting consumer #8, channel #0
id: test-120041-873, starting consumer #9
id: test-120041-873, starting consumer #9, channel #0
id: test-120041-873, starting consumer #10
id: test-120041-873, starting consumer #10, channel #0
id: test-120041-873, starting consumer #11
id: test-120041-873, starting consumer #11, channel #0
id: test-120041-873, starting consumer #12
id: test-120041-873, starting consumer #12, channel #0
id: test-120041-873, starting consumer #13
id: test-120041-873, starting consumer #13, channel #0
id: test-120041-873, starting consumer #14
id: test-120041-873, starting consumer #14, channel #0
id: test-120041-873, starting consumer #15
id: test-120041-873, starting consumer #15, channel #0
id: test-120041-873, starting consumer #16
id: test-120041-873, starting consumer #16, channel #0
id: test-120041-873, starting consumer #17
id: test-120041-873, starting consumer #17, channel #0
id: test-120041-873, starting consumer #18
id: test-120041-873, starting consumer #18, channel #0
id: test-120041-873, starting consumer #19
id: test-120041-873, starting consumer #19, channel #0
id: test-120041-873, starting consumer #20
id: test-120041-873, starting consumer #20, channel #0
id: test-120041-873, starting consumer #21
id: test-120041-873, starting consumer #21, channel #0
id: test-120041-873, starting consumer #22
id: test-120041-873, starting consumer #22, channel #0
id: test-120041-873, starting consumer #23
id: test-120041-873, starting consumer #23, channel #0
id: test-120041-873, starting consumer #24
id: test-120041-873, starting consumer #24, channel #0
id: test-120041-873, starting consumer #25
id: test-120041-873, starting consumer #25, channel #0
id: test-120041-873, starting consumer #26
id: test-120041-873, starting consumer #26, channel #0
id: test-120041-873, starting consumer #27
id: test-120041-873, starting consumer #27, channel #0
id: test-120041-873, starting consumer #28
id: test-120041-873, starting consumer #28, channel #0
id: test-120041-873, starting consumer #29
id: test-120041-873, starting consumer #29, channel #0
id: test-120041-873, starting consumer #30
id: test-120041-873, starting consumer #30, channel #0
id: test-120041-873, starting consumer #31
id: test-120041-873, starting consumer #31, channel #0
id: test-120041-873, starting consumer #32
id: test-120041-873, starting consumer #32, channel #0
id: test-120041-873, starting consumer #33
id: test-120041-873, starting consumer #33, channel #0
id: test-120041-873, starting consumer #34
id: test-120041-873, starting consumer #34, channel #0
id: test-120041-873, starting consumer #35
id: test-120041-873, starting consumer #35, channel #0
id: test-120041-873, starting consumer #36
id: test-120041-873, starting consumer #36, channel #0
id: test-120041-873, starting consumer #37
id: test-120041-873, starting consumer #37, channel #0
id: test-120041-873, starting consumer #38
id: test-120041-873, starting consumer #38, channel #0
id: test-120041-873, starting consumer #39
id: test-120041-873, starting consumer #39, channel #0
id: test-120041-873, starting consumer #40
id: test-120041-873, starting consumer #40, channel #0
id: test-120041-873, starting consumer #41
id: test-120041-873, starting consumer #41, channel #0
id: test-120041-873, starting consumer #42
id: test-120041-873, starting consumer #42, channel #0
id: test-120041-873, starting consumer #43
id: test-120041-873, starting consumer #43, channel #0
id: test-120041-873, starting consumer #44
id: test-120041-873, starting consumer #44, channel #0
id: test-120041-873, starting consumer #45
id: test-120041-873, starting consumer #45, channel #0
id: test-120041-873, starting consumer #46
id: test-120041-873, starting consumer #46, channel #0
id: test-120041-873, starting consumer #47
id: test-120041-873, starting consumer #47, channel #0
id: test-120041-873, starting consumer #48
id: test-120041-873, starting consumer #48, channel #0
id: test-120041-873, starting consumer #49
id: test-120041-873, starting consumer #49, channel #0
id: test-120041-873, starting consumer #50
id: test-120041-873, starting consumer #50, channel #0
id: test-120041-873, starting consumer #51
id: test-120041-873, starting consumer #51, channel #0
id: test-120041-873, starting consumer #52
id: test-120041-873, starting consumer #52, channel #0
id: test-120041-873, starting consumer #53
id: test-120041-873, starting consumer #53, channel #0
id: test-120041-873, starting consumer #54
id: test-120041-873, starting consumer #54, channel #0
id: test-120041-873, starting consumer #55
id: test-120041-873, starting consumer #55, channel #0
id: test-120041-873, starting consumer #56
id: test-120041-873, starting consumer #56, channel #0
id: test-120041-873, starting consumer #57
id: test-120041-873, starting consumer #57, channel #0
id: test-120041-873, starting consumer #58
id: test-120041-873, starting consumer #58, channel #0
id: test-120041-873, starting consumer #59
id: test-120041-873, starting consumer #59, channel #0
id: test-120041-873, starting consumer #60
id: test-120041-873, starting consumer #60, channel #0
id: test-120041-873, starting consumer #61
id: test-120041-873, starting consumer #61, channel #0
id: test-120041-873, starting consumer #62
id: test-120041-873, starting consumer #62, channel #0
id: test-120041-873, starting consumer #63
id: test-120041-873, starting consumer #63, channel #0
id: test-120041-873, starting producer #0
id: test-120041-873, starting producer #0, channel #0
id: test-120041-873, starting producer #1
id: test-120041-873, starting producer #1, channel #0
id: test-120041-873, starting producer #2
id: test-120041-873, starting producer #2, channel #0
id: test-120041-873, starting producer #3
id: test-120041-873, starting producer #3, channel #0
id: test-120041-873, starting producer #4
id: test-120041-873, starting producer #4, channel #0
id: test-120041-873, starting producer #5
id: test-120041-873, starting producer #5, channel #0
id: test-120041-873, starting producer #6
id: test-120041-873, starting producer #6, channel #0
id: test-120041-873, starting producer #7
id: test-120041-873, starting producer #7, channel #0
id: test-120041-873, starting producer #8
id: test-120041-873, starting producer #8, channel #0
id: test-120041-873, starting producer #9
id: test-120041-873, starting producer #9, channel #0
id: test-120041-873, starting producer #10
id: test-120041-873, starting producer #10, channel #0
id: test-120041-873, starting producer #11
id: test-120041-873, starting producer #11, channel #0
id: test-120041-873, starting producer #12
id: test-120041-873, starting producer #12, channel #0
id: test-120041-873, starting producer #13
id: test-120041-873, starting producer #13, channel #0
id: test-120041-873, starting producer #14
id: test-120041-873, starting producer #14, channel #0
id: test-120041-873, starting producer #15
id: test-120041-873, starting producer #15, channel #0
id: test-120041-873, starting producer #16
id: test-120041-873, starting producer #16, channel #0
id: test-120041-873, starting producer #17
id: test-120041-873, starting producer #17, channel #0
id: test-120041-873, starting producer #18
id: test-120041-873, starting producer #18, channel #0
id: test-120041-873, starting producer #19
id: test-120041-873, starting producer #19, channel #0
id: test-120041-873, starting producer #20
id: test-120041-873, starting producer #20, channel #0
id: test-120041-873, starting producer #21
id: test-120041-873, starting producer #21, channel #0
id: test-120041-873, starting producer #22
id: test-120041-873, starting producer #22, channel #0
id: test-120041-873, starting producer #23
id: test-120041-873, starting producer #23, channel #0
id: test-120041-873, starting producer #24
id: test-120041-873, starting producer #24, channel #0
id: test-120041-873, starting producer #25
id: test-120041-873, starting producer #25, channel #0
id: test-120041-873, starting producer #26
id: test-120041-873, starting producer #26, channel #0
id: test-120041-873, starting producer #27
id: test-120041-873, starting producer #27, channel #0
id: test-120041-873, starting producer #28
id: test-120041-873, starting producer #28, channel #0
id: test-120041-873, starting producer #29
id: test-120041-873, starting producer #29, channel #0
id: test-120041-873, starting producer #30
id: test-120041-873, starting producer #30, channel #0
id: test-120041-873, starting producer #31
id: test-120041-873, starting producer #31, channel #0
id: test-120041-873, starting producer #32
id: test-120041-873, starting producer #32, channel #0
id: test-120041-873, starting producer #33
id: test-120041-873, starting producer #33, channel #0
id: test-120041-873, starting producer #34
id: test-120041-873, starting producer #34, channel #0
id: test-120041-873, starting producer #35
id: test-120041-873, starting producer #35, channel #0
id: test-120041-873, starting producer #36
id: test-120041-873, starting producer #36, channel #0
id: test-120041-873, starting producer #37
id: test-120041-873, starting producer #37, channel #0
id: test-120041-873, starting producer #38
id: test-120041-873, starting producer #38, channel #0
id: test-120041-873, starting producer #39
id: test-120041-873, starting producer #39, channel #0
id: test-120041-873, starting producer #40
id: test-120041-873, starting producer #40, channel #0
id: test-120041-873, starting producer #41
id: test-120041-873, starting producer #41, channel #0
id: test-120041-873, starting producer #42
id: test-120041-873, starting producer #42, channel #0
id: test-120041-873, starting producer #43
id: test-120041-873, starting producer #43, channel #0
id: test-120041-873, starting producer #44
id: test-120041-873, starting producer #44, channel #0
id: test-120041-873, starting producer #45
id: test-120041-873, starting producer #45, channel #0
id: test-120041-873, starting producer #46
id: test-120041-873, starting producer #46, channel #0
id: test-120041-873, starting producer #47
id: test-120041-873, starting producer #47, channel #0
id: test-120041-873, starting producer #48
id: test-120041-873, starting producer #48, channel #0
id: test-120041-873, starting producer #49
id: test-120041-873, starting producer #49, channel #0
id: test-120041-873, starting producer #50
id: test-120041-873, starting producer #50, channel #0
id: test-120041-873, starting producer #51
id: test-120041-873, starting producer #51, channel #0
id: test-120041-873, starting producer #52
id: test-120041-873, starting producer #52, channel #0
id: test-120041-873, starting producer #53
id: test-120041-873, starting producer #53, channel #0
id: test-120041-873, starting producer #54
id: test-120041-873, starting producer #54, channel #0
id: test-120041-873, starting producer #55
id: test-120041-873, starting producer #55, channel #0
id: test-120041-873, starting producer #56
id: test-120041-873, starting producer #56, channel #0
id: test-120041-873, starting producer #57
id: test-120041-873, starting producer #57, channel #0
id: test-120041-873, starting producer #58
id: test-120041-873, starting producer #58, channel #0
id: test-120041-873, starting producer #59
id: test-120041-873, starting producer #59, channel #0
id: test-120041-873, starting producer #60
id: test-120041-873, starting producer #60, channel #0
id: test-120041-873, starting producer #61
id: test-120041-873, starting producer #61, channel #0
id: test-120041-873, starting producer #62
id: test-120041-873, starting producer #62, channel #0
id: test-120041-873, starting producer #63
id: test-120041-873, starting producer #63, channel #0
id: test-120041-873, time 1.006 s, sent: 52181 msg/s, confirmed: 51609 msg/s, nacked: 0 msg/s, received: 51020 msg/s, min/median/75th/95th/99th/max consumer latency: 64/15135/32358/106744/165338/186331 µs, confirm latency: 506/10039/13339/41556/154665/168333 µs
id: test-120041-873, time 2.000 s, sent: 79326 msg/s, confirmed: 78638 msg/s, nacked: 0 msg/s, received: 80099 msg/s, min/median/75th/95th/99th/max consumer latency: 203/9199/12269/31206/61672/94081 µs, confirm latency: 559/11807/15427/24677/29010/83237 µs
id: test-120041-873, time 3.000 s, sent: 68352 msg/s, confirmed: 68332 msg/s, nacked: 0 msg/s, received: 68752 msg/s, min/median/75th/95th/99th/max consumer latency: 41/7352/9384/13100/22142/30266 µs, confirm latency: 3067/15640/23367/36629/51481/53916 µs
id: test-120041-873, time 4.000 s, sent: 64917 msg/s, confirmed: 64918 msg/s, nacked: 0 msg/s, received: 64499 msg/s, min/median/75th/95th/99th/max consumer latency: 67/6488/9289/13158/16527/21196 µs, confirm latency: 5000/16603/24108/36488/40694/47636 µs
id: test-120041-873, time 5.000 s, sent: 64400 msg/s, confirmed: 64399 msg/s, nacked: 0 msg/s, received: 63937 msg/s, min/median/75th/95th/99th/max consumer latency: 460/10152/11793/19514/23988/27913 µs, confirm latency: 5422/15884/24202/43297/58699/68141 µs
id: test-120041-873, time 6.000 s, sent: 80992 msg/s, confirmed: 81012 msg/s, nacked: 0 msg/s, received: 81049 msg/s, min/median/75th/95th/99th/max consumer latency: 1635/9428/10409/12279/14332/22796 µs, confirm latency: 5015/14787/17091/26011/32361/34831 µs
id: test-120041-873, time 7.000 s, sent: 78492 msg/s, confirmed: 78473 msg/s, nacked: 0 msg/s, received: 79316 msg/s, min/median/75th/95th/99th/max consumer latency: 197/8841/9723/10868/11601/13136 µs, confirm latency: 4871/14883/16219/32985/40061/53654 µs
id: test-120041-873, time 8.000 s, sent: 83341 msg/s, confirmed: 83340 msg/s, nacked: 0 msg/s, received: 82684 msg/s, min/median/75th/95th/99th/max consumer latency: 247/9084/10028/11973/15216/17093 µs, confirm latency: 4488/14642/15803/26879/31309/40248 µs
id: test-120041-873, time 9.000 s, sent: 84032 msg/s, confirmed: 84032 msg/s, nacked: 0 msg/s, received: 83929 msg/s, min/median/75th/95th/99th/max consumer latency: 1196/8584/9545/11273/17114/32624 µs, confirm latency: 3446/14468/15739/23705/36915/50116 µs
id: test-120041-873, time 10.001 s, sent: 84043 msg/s, confirmed: 84043 msg/s, nacked: 0 msg/s, received: 84023 msg/s, min/median/75th/95th/99th/max consumer latency: 835/9322/10642/13792/15953/18242 µs, confirm latency: 4963/14724/16097/25122/27705/30566 µs
id: test-120041-873, time 11.000 s, sent: 63141 msg/s, confirmed: 63161 msg/s, nacked: 0 msg/s, received: 63397 msg/s, min/median/75th/95th/99th/max consumer latency: 130/8440/10416/15476/20847/24540 µs, confirm latency: 3728/16950/23900/32498/52573/62445 µs
id: test-120041-873, time 12.000 s, sent: 67911 msg/s, confirmed: 67893 msg/s, nacked: 0 msg/s, received: 67691 msg/s, min/median/75th/95th/99th/max consumer latency: 651/9413/10854/14152/22734/32894 µs, confirm latency: 4551/15880/23000/35636/47521/55698 µs
id: test-120041-873, time 13.003 s, sent: 78381 msg/s, confirmed: 78379 msg/s, nacked: 0 msg/s, received: 78265 msg/s, min/median/75th/95th/99th/max consumer latency: 1796/9617/11043/13329/16362/23154 µs, confirm latency: 5453/15411/19108/25730/32152/39571 µs
id: test-120041-873, time 14.000 s, sent: 77479 msg/s, confirmed: 77479 msg/s, nacked: 0 msg/s, received: 77579 msg/s, min/median/75th/95th/99th/max consumer latency: 758/9195/10897/13259/23690/35864 µs, confirm latency: 5302/15342/17899/26187/44080/56167 µs
id: test-120041-873, time 15.000 s, sent: 74355 msg/s, confirmed: 74367 msg/s, nacked: 0 msg/s, received: 74747 msg/s, min/median/75th/95th/99th/max consumer latency: 1750/9696/11300/14304/15907/17482 µs, confirm latency: 5320/15476/19759/28647/33098/39328 µs
id: test-120041-873, time 16.000 s, sent: 54853 msg/s, confirmed: 54841 msg/s, nacked: 0 msg/s, received: 54829 msg/s, min/median/75th/95th/99th/max consumer latency: 188/6233/8937/17234/23454/38631 µs, confirm latency: 5480/23901/29776/38266/46912/54365 µs
id: test-120041-873, time 17.000 s, sent: 70748 msg/s, confirmed: 70768 msg/s, nacked: 0 msg/s, received: 70622 msg/s, min/median/75th/95th/99th/max consumer latency: 801/8847/10802/14667/17834/21585 µs, confirm latency: 4291/16735/22974/28501/31875/40806 µs
id: test-120041-873, time 18.000 s, sent: 79272 msg/s, confirmed: 79252 msg/s, nacked: 0 msg/s, received: 79063 msg/s, min/median/75th/95th/99th/max consumer latency: 673/9352/10517/12632/15785/19926 µs, confirm latency: 5189/15045/17934/25957/30191/44865 µs
id: test-120041-873, time 19.000 s, sent: 82434 msg/s, confirmed: 82434 msg/s, nacked: 0 msg/s, received: 82201 msg/s, min/median/75th/95th/99th/max consumer latency: 2375/9827/10933/12859/16275/18767 µs, confirm latency: 5877/14898/16496/25024/28648/37472 µs
id: test-120041-873, time 20.000 s, sent: 77649 msg/s, confirmed: 77649 msg/s, nacked: 0 msg/s, received: 77992 msg/s, min/median/75th/95th/99th/max consumer latency: 616/9796/10838/12474/13881/15215 µs, confirm latency: 5306/15057/17937/27430/34100/45650 µs
id: test-120041-873, time 21.000 s, sent: 77418 msg/s, confirmed: 77418 msg/s, nacked: 0 msg/s, received: 77215 msg/s, min/median/75th/95th/99th/max consumer latency: 2086/10161/11453/13459/15365/17868 µs, confirm latency: 5175/15428/18655/26400/30047/33211 µs
id: test-120041-873, time 22.000 s, sent: 69627 msg/s, confirmed: 69628 msg/s, nacked: 0 msg/s, received: 69411 msg/s, min/median/75th/95th/99th/max consumer latency: 1195/9055/10643/13888/19527/28372 µs, confirm latency: 4094/17034/21806/28118/37207/45033 µs
id: test-120041-873, time 23.000 s, sent: 63043 msg/s, confirmed: 63042 msg/s, nacked: 0 msg/s, received: 63194 msg/s, min/median/75th/95th/99th/max consumer latency: 263/9580/11793/18383/21900/25069 µs, confirm latency: 2409/19021/25930/34419/37574/45587 µs
id: test-120041-873, time 24.000 s, sent: 57244 msg/s, confirmed: 57244 msg/s, nacked: 0 msg/s, received: 57730 msg/s, min/median/75th/95th/99th/max consumer latency: 38/6483/9619/12219/15191/18016 µs, confirm latency: 6047/22252/29754/35893/43524/52023 µs
id: test-120041-873, time 25.000 s, sent: 80994 msg/s, confirmed: 81012 msg/s, nacked: 0 msg/s, received: 80451 msg/s, min/median/75th/95th/99th/max consumer latency: 1060/9945/11084/13027/16131/18435 µs, confirm latency: 4170/15043/16969/26529/30084/34115 µs
test stopped (Reached time limit)
id: test-120041-873, sending rate avg: 72478 msg/s
id: test-120041-873, receiving rate avg: 72527 msg/s
id: test-120041-873, consumer latency min/median/75th/95th/99th/max 179/9207/10620/14956/32096/143453 µs
id: test-120041-873, confirm latency min/median/75th/95th/99th/max 1401/15257/20387/30693/42338/139799 µs
