Picked up JAVA_TOOL_OPTIONS: -Xmx3g
id: test-122416-758, starting consumer #0
id: test-122416-758, starting consumer #0, channel #0
id: test-122416-758, starting consumer #1
id: test-122416-758, starting consumer #1, channel #0
id: test-122416-758, starting consumer #2
id: test-122416-758, starting consumer #2, channel #0
id: test-122416-758, starting consumer #3
id: test-122416-758, starting consumer #3, channel #0
id: test-122416-758, starting consumer #4
id: test-122416-758, starting consumer #4, channel #0
id: test-122416-758, starting consumer #5
id: test-122416-758, starting consumer #5, channel #0
id: test-122416-758, starting consumer #6
id: test-122416-758, starting consumer #6, channel #0
id: test-122416-758, starting consumer #7
id: test-122416-758, starting consumer #7, channel #0
id: test-122416-758, starting consumer #8
id: test-122416-758, starting consumer #8, channel #0
id: test-122416-758, starting consumer #9
id: test-122416-758, starting consumer #9, channel #0
id: test-122416-758, starting consumer #10
id: test-122416-758, starting consumer #10, channel #0
id: test-122416-758, starting consumer #11
id: test-122416-758, starting consumer #11, channel #0
id: test-122416-758, starting consumer #12
id: test-122416-758, starting consumer #12, channel #0
id: test-122416-758, starting consumer #13
id: test-122416-758, starting consumer #13, channel #0
id: test-122416-758, starting consumer #14
id: test-122416-758, starting consumer #14, channel #0
id: test-122416-758, starting consumer #15
id: test-122416-758, starting consumer #15, channel #0
id: test-122416-758, starting consumer #16
id: test-122416-758, starting consumer #16, channel #0
id: test-122416-758, starting consumer #17
id: test-122416-758, starting consumer #17, channel #0
id: test-122416-758, starting consumer #18
id: test-122416-758, starting consumer #18, channel #0
id: test-122416-758, starting consumer #19
id: test-122416-758, starting consumer #19, channel #0
id: test-122416-758, starting consumer #20
id: test-122416-758, starting consumer #20, channel #0
id: test-122416-758, starting consumer #21
id: test-122416-758, starting consumer #21, channel #0
id: test-122416-758, starting consumer #22
id: test-122416-758, starting consumer #22, channel #0
id: test-122416-758, starting consumer #23
id: test-122416-758, starting consumer #23, channel #0
id: test-122416-758, starting consumer #24
id: test-122416-758, starting consumer #24, channel #0
id: test-122416-758, starting consumer #25
id: test-122416-758, starting consumer #25, channel #0
id: test-122416-758, starting consumer #26
id: test-122416-758, starting consumer #26, channel #0
id: test-122416-758, starting consumer #27
id: test-122416-758, starting consumer #27, channel #0
id: test-122416-758, starting consumer #28
id: test-122416-758, starting consumer #28, channel #0
id: test-122416-758, starting consumer #29
id: test-122416-758, starting consumer #29, channel #0
id: test-122416-758, starting consumer #30
id: test-122416-758, starting consumer #30, channel #0
id: test-122416-758, starting consumer #31
id: test-122416-758, starting consumer #31, channel #0
id: test-122416-758, starting consumer #32
id: test-122416-758, starting consumer #32, channel #0
id: test-122416-758, starting consumer #33
id: test-122416-758, starting consumer #33, channel #0
id: test-122416-758, starting consumer #34
id: test-122416-758, starting consumer #34, channel #0
id: test-122416-758, starting consumer #35
id: test-122416-758, starting consumer #35, channel #0
id: test-122416-758, starting consumer #36
id: test-122416-758, starting consumer #36, channel #0
id: test-122416-758, starting consumer #37
id: test-122416-758, starting consumer #37, channel #0
id: test-122416-758, starting consumer #38
id: test-122416-758, starting consumer #38, channel #0
id: test-122416-758, starting consumer #39
id: test-122416-758, starting consumer #39, channel #0
id: test-122416-758, starting consumer #40
id: test-122416-758, starting consumer #40, channel #0
id: test-122416-758, starting consumer #41
id: test-122416-758, starting consumer #41, channel #0
id: test-122416-758, starting consumer #42
id: test-122416-758, starting consumer #42, channel #0
id: test-122416-758, starting consumer #43
id: test-122416-758, starting consumer #43, channel #0
id: test-122416-758, starting consumer #44
id: test-122416-758, starting consumer #44, channel #0
id: test-122416-758, starting consumer #45
id: test-122416-758, starting consumer #45, channel #0
id: test-122416-758, starting consumer #46
id: test-122416-758, starting consumer #46, channel #0
id: test-122416-758, starting consumer #47
id: test-122416-758, starting consumer #47, channel #0
id: test-122416-758, starting consumer #48
id: test-122416-758, starting consumer #48, channel #0
id: test-122416-758, starting consumer #49
id: test-122416-758, starting consumer #49, channel #0
id: test-122416-758, starting consumer #50
id: test-122416-758, starting consumer #50, channel #0
id: test-122416-758, starting consumer #51
id: test-122416-758, starting consumer #51, channel #0
id: test-122416-758, starting consumer #52
id: test-122416-758, starting consumer #52, channel #0
id: test-122416-758, starting consumer #53
id: test-122416-758, starting consumer #53, channel #0
id: test-122416-758, starting consumer #54
id: test-122416-758, starting consumer #54, channel #0
id: test-122416-758, starting consumer #55
id: test-122416-758, starting consumer #55, channel #0
id: test-122416-758, starting consumer #56
id: test-122416-758, starting consumer #56, channel #0
id: test-122416-758, starting consumer #57
id: test-122416-758, starting consumer #57, channel #0
id: test-122416-758, starting consumer #58
id: test-122416-758, starting consumer #58, channel #0
id: test-122416-758, starting consumer #59
id: test-122416-758, starting consumer #59, channel #0
id: test-122416-758, starting consumer #60
id: test-122416-758, starting consumer #60, channel #0
id: test-122416-758, starting consumer #61
id: test-122416-758, starting consumer #61, channel #0
id: test-122416-758, starting consumer #62
id: test-122416-758, starting consumer #62, channel #0
id: test-122416-758, starting consumer #63
id: test-122416-758, starting consumer #63, channel #0
id: test-122416-758, starting producer #0
id: test-122416-758, starting producer #0, channel #0
id: test-122416-758, starting producer #1
id: test-122416-758, starting producer #1, channel #0
id: test-122416-758, starting producer #2
id: test-122416-758, starting producer #2, channel #0
id: test-122416-758, starting producer #3
id: test-122416-758, starting producer #3, channel #0
id: test-122416-758, starting producer #4
id: test-122416-758, starting producer #4, channel #0
id: test-122416-758, starting producer #5
id: test-122416-758, starting producer #5, channel #0
id: test-122416-758, starting producer #6
id: test-122416-758, starting producer #6, channel #0
id: test-122416-758, starting producer #7
id: test-122416-758, starting producer #7, channel #0
id: test-122416-758, starting producer #8
id: test-122416-758, starting producer #8, channel #0
id: test-122416-758, starting producer #9
id: test-122416-758, starting producer #9, channel #0
id: test-122416-758, starting producer #10
id: test-122416-758, starting producer #10, channel #0
id: test-122416-758, starting producer #11
id: test-122416-758, starting producer #11, channel #0
id: test-122416-758, starting producer #12
id: test-122416-758, starting producer #12, channel #0
id: test-122416-758, starting producer #13
id: test-122416-758, starting producer #13, channel #0
id: test-122416-758, starting producer #14
id: test-122416-758, starting producer #14, channel #0
id: test-122416-758, starting producer #15
id: test-122416-758, starting producer #15, channel #0
id: test-122416-758, starting producer #16
id: test-122416-758, starting producer #16, channel #0
id: test-122416-758, starting producer #17
id: test-122416-758, starting producer #17, channel #0
id: test-122416-758, starting producer #18
id: test-122416-758, starting producer #18, channel #0
id: test-122416-758, starting producer #19
id: test-122416-758, starting producer #19, channel #0
id: test-122416-758, starting producer #20
id: test-122416-758, starting producer #20, channel #0
id: test-122416-758, starting producer #21
id: test-122416-758, starting producer #21, channel #0
id: test-122416-758, starting producer #22
id: test-122416-758, starting producer #22, channel #0
id: test-122416-758, starting producer #23
id: test-122416-758, starting producer #23, channel #0
id: test-122416-758, starting producer #24
id: test-122416-758, starting producer #24, channel #0
id: test-122416-758, starting producer #25
id: test-122416-758, starting producer #25, channel #0
id: test-122416-758, starting producer #26
id: test-122416-758, starting producer #26, channel #0
id: test-122416-758, starting producer #27
id: test-122416-758, starting producer #27, channel #0
id: test-122416-758, starting producer #28
id: test-122416-758, starting producer #28, channel #0
id: test-122416-758, starting producer #29
id: test-122416-758, starting producer #29, channel #0
id: test-122416-758, starting producer #30
id: test-122416-758, starting producer #30, channel #0
id: test-122416-758, starting producer #31
id: test-122416-758, starting producer #31, channel #0
id: test-122416-758, starting producer #32
id: test-122416-758, starting producer #32, channel #0
id: test-122416-758, starting producer #33
id: test-122416-758, starting producer #33, channel #0
id: test-122416-758, starting producer #34
id: test-122416-758, starting producer #34, channel #0
id: test-122416-758, starting producer #35
id: test-122416-758, starting producer #35, channel #0
id: test-122416-758, starting producer #36
id: test-122416-758, starting producer #36, channel #0
id: test-122416-758, starting producer #37
id: test-122416-758, starting producer #37, channel #0
id: test-122416-758, starting producer #38
id: test-122416-758, starting producer #38, channel #0
id: test-122416-758, starting producer #39
id: test-122416-758, starting producer #39, channel #0
id: test-122416-758, starting producer #40
id: test-122416-758, starting producer #40, channel #0
id: test-122416-758, starting producer #41
id: test-122416-758, starting producer #41, channel #0
id: test-122416-758, starting producer #42
id: test-122416-758, starting producer #42, channel #0
id: test-122416-758, starting producer #43
id: test-122416-758, starting producer #43, channel #0
id: test-122416-758, starting producer #44
id: test-122416-758, starting producer #44, channel #0
id: test-122416-758, starting producer #45
id: test-122416-758, starting producer #45, channel #0
id: test-122416-758, starting producer #46
id: test-122416-758, starting producer #46, channel #0
id: test-122416-758, starting producer #47
id: test-122416-758, starting producer #47, channel #0
id: test-122416-758, starting producer #48
id: test-122416-758, starting producer #48, channel #0
id: test-122416-758, starting producer #49
id: test-122416-758, starting producer #49, channel #0
id: test-122416-758, starting producer #50
id: test-122416-758, starting producer #50, channel #0
id: test-122416-758, starting producer #51
id: test-122416-758, starting producer #51, channel #0
id: test-122416-758, starting producer #52
id: test-122416-758, starting producer #52, channel #0
id: test-122416-758, starting producer #53
id: test-122416-758, starting producer #53, channel #0
id: test-122416-758, starting producer #54
id: test-122416-758, starting producer #54, channel #0
id: test-122416-758, starting producer #55
id: test-122416-758, starting producer #55, channel #0
id: test-122416-758, starting producer #56
id: test-122416-758, starting producer #56, channel #0
id: test-122416-758, starting producer #57
id: test-122416-758, starting producer #57, channel #0
id: test-122416-758, starting producer #58
id: test-122416-758, starting producer #58, channel #0
id: test-122416-758, starting producer #59
id: test-122416-758, starting producer #59, channel #0
id: test-122416-758, starting producer #60
id: test-122416-758, starting producer #60, channel #0
id: test-122416-758, starting producer #61
id: test-122416-758, starting producer #61, channel #0
id: test-122416-758, starting producer #62
id: test-122416-758, starting producer #62, channel #0
id: test-122416-758, starting producer #63
id: test-122416-758, starting producer #63, channel #0
id: test-122416-758, time 1.010 s, sent: 65165 msg/s, confirmed: 63530 msg/s, nacked: 0 msg/s, received: 54082 msg/s, min/median/75th/95th/99th/max consumer latency: 100/40999/165664/331832/449704/588371 µs, confirm latency: 316/6881/13914/105678/260455/349497 µs
id: test-122416-758, time 2.000 s, sent: 98833 msg/s, confirmed: 87937 msg/s, nacked: 0 msg/s, received: 94215 msg/s, min/median/75th/95th/99th/max consumer latency: 541/105879/175230/474882/632033/664421 µs, confirm latency: 1294/95679/130002/193624/246556/277703 µs
id: test-122416-758, time 3.000 s, sent: 73412 msg/s, confirmed: 73151 msg/s, nacked: 0 msg/s, received: 76879 msg/s, min/median/75th/95th/99th/max consumer latency: 26424/128222/197987/630810/878903/974111 µs, confirm latency: 49693/154109/198379/306518/373898/559623 µs
id: test-122416-758, time 4.000 s, sent: 87630 msg/s, confirmed: 87633 msg/s, nacked: 0 msg/s, received: 89000 msg/s, min/median/75th/95th/99th/max consumer latency: 23843/106083/147648/480046/688764/866984 µs, confirm latency: 53398/132862/180069/239851/282465/347749 µs
id: test-122416-758, time 5.000 s, sent: 89321 msg/s, confirmed: 89420 msg/s, nacked: 0 msg/s, received: 89477 msg/s, min/median/75th/95th/99th/max consumer latency: 22372/103059/135655/232116/423779/629248 µs, confirm latency: 46764/130735/170193/229429/283366/480119 µs
id: test-122416-758, time 6.006 s, sent: 90848 msg/s, confirmed: 90653 msg/s, nacked: 0 msg/s, received: 91654 msg/s, min/median/75th/95th/99th/max consumer latency: 21817/95730/124617/201763/288604/409140 µs, confirm latency: 49706/125894/164111/234243/308279/377044 µs
id: test-122416-758, time 7.000 s, sent: 92489 msg/s, confirmed: 92637 msg/s, nacked: 0 msg/s, received: 91179 msg/s, min/median/75th/95th/99th/max consumer latency: 14093/103535/134936/196685/248598/308712 µs, confirm latency: 21843/127579/176293/235488/302300/331246 µs
id: test-122416-758, time 8.000 s, sent: 91797 msg/s, confirmed: 91780 msg/s, nacked: 0 msg/s, received: 92696 msg/s, min/median/75th/95th/99th/max consumer latency: 22261/98430/134427/208256/272623/294465 µs, confirm latency: 40516/126571/164720/228912/278975/395198 µs
id: test-122416-758, time 9.000 s, sent: 75677 msg/s, confirmed: 75644 msg/s, nacked: 0 msg/s, received: 75926 msg/s, min/median/75th/95th/99th/max consumer latency: 29296/109198/167234/250971/314089/444590 µs, confirm latency: 48658/145807/211680/295222/387028/419173 µs
id: test-122416-758, time 10.000 s, sent: 88873 msg/s, confirmed: 88811 msg/s, nacked: 0 msg/s, received: 89402 msg/s, min/median/75th/95th/99th/max consumer latency: 25075/99603/127231/190943/240835/335261 µs, confirm latency: 52345/129220/164968/236029/272028/364959 µs
id: test-122416-758, time 11.000 s, sent: 87601 msg/s, confirmed: 87620 msg/s, nacked: 0 msg/s, received: 87540 msg/s, min/median/75th/95th/99th/max consumer latency: 12312/103200/130865/187723/232390/306831 µs, confirm latency: 40508/136039/173174/236508/288671/372632 µs
id: test-122416-758, time 12.000 s, sent: 86721 msg/s, confirmed: 86867 msg/s, nacked: 0 msg/s, received: 86801 msg/s, min/median/75th/95th/99th/max consumer latency: 12778/107596/138312/206437/244019/335835 µs, confirm latency: 40938/137872/179719/242747/288979/316201 µs
id: test-122416-758, time 13.000 s, sent: 84606 msg/s, confirmed: 84421 msg/s, nacked: 0 msg/s, received: 83483 msg/s, min/median/75th/95th/99th/max consumer latency: 24904/104614/139270/205394/258743/320616 µs, confirm latency: 55470/136223/178744/252044/312569/380667 µs
id: test-122416-758, time 14.000 s, sent: 92795 msg/s, confirmed: 93038 msg/s, nacked: 0 msg/s, received: 92920 msg/s, min/median/75th/95th/99th/max consumer latency: 12812/100129/130036/198342/245349/330543 µs, confirm latency: 48520/123834/169155/236644/285574/356150 µs
id: test-122416-758, time 15.000 s, sent: 92549 msg/s, confirmed: 92677 msg/s, nacked: 0 msg/s, received: 92399 msg/s, min/median/75th/95th/99th/max consumer latency: 14668/96725/129877/215864/280681/325668 µs, confirm latency: 29697/131806/167261/232901/272383/302688 µs
id: test-122416-758, time 16.000 s, sent: 91993 msg/s, confirmed: 91818 msg/s, nacked: 0 msg/s, received: 93188 msg/s, min/median/75th/95th/99th/max consumer latency: 31693/97774/127502/198845/249409/324516 µs, confirm latency: 48268/123627/163801/220036/267815/339623 µs
id: test-122416-758, time 17.000 s, sent: 91247 msg/s, confirmed: 91029 msg/s, nacked: 0 msg/s, received: 91785 msg/s, min/median/75th/95th/99th/max consumer latency: 15855/94525/124888/193927/232156/319842 µs, confirm latency: 48376/124770/160745/222222/256811/324078 µs
id: test-122416-758, time 18.000 s, sent: 96258 msg/s, confirmed: 96378 msg/s, nacked: 0 msg/s, received: 94963 msg/s, min/median/75th/95th/99th/max consumer latency: 21237/95507/118985/184171/283420/343076 µs, confirm latency: 40301/119558/160209/223831/281985/345853 µs
id: test-122416-758, time 19.000 s, sent: 88149 msg/s, confirmed: 88207 msg/s, nacked: 0 msg/s, received: 89818 msg/s, min/median/75th/95th/99th/max consumer latency: 12479/98805/128890/198371/248139/385891 µs, confirm latency: 43997/129317/165888/238042/306100/357385 µs
id: test-122416-758, time 20.000 s, sent: 93188 msg/s, confirmed: 93278 msg/s, nacked: 0 msg/s, received: 92973 msg/s, min/median/75th/95th/99th/max consumer latency: 11336/98804/123223/185043/226351/286586 µs, confirm latency: 44614/127124/167369/230391/295545/312568 µs
id: test-122416-758, time 21.000 s, sent: 94623 msg/s, confirmed: 94453 msg/s, nacked: 0 msg/s, received: 92285 msg/s, min/median/75th/95th/99th/max consumer latency: 13463/99483/128483/184363/223889/277580 µs, confirm latency: 55191/122038/159364/218259/259639/369321 µs
id: test-122416-758, time 22.000 s, sent: 87742 msg/s, confirmed: 87877 msg/s, nacked: 0 msg/s, received: 87577 msg/s, min/median/75th/95th/99th/max consumer latency: 19060/113640/149575/218206/278826/334865 µs, confirm latency: 39294/129467/173401/244756/278119/374522 µs
id: test-122416-758, time 23.000 s, sent: 89683 msg/s, confirmed: 89474 msg/s, nacked: 0 msg/s, received: 90814 msg/s, min/median/75th/95th/99th/max consumer latency: 20332/98509/133336/201204/270389/310068 µs, confirm latency: 49769/135218/171548/240092/296893/370042 µs
id: test-122416-758, time 24.000 s, sent: 92379 msg/s, confirmed: 92826 msg/s, nacked: 0 msg/s, received: 93266 msg/s, min/median/75th/95th/99th/max consumer latency: 27562/97158/125404/179665/236374/310950 µs, confirm latency: 49916/123050/160297/231986/265299/336897 µs
id: test-122416-758, time 25.000 s, sent: 90054 msg/s, confirmed: 89638 msg/s, nacked: 0 msg/s, received: 89548 msg/s, min/median/75th/95th/99th/max consumer latency: 12399/97474/125347/201380/265540/350956 µs, confirm latency: 35322/130352/169875/239591/278716/388012 µs
test stopped (Reached time limit)
id: test-122416-758, sending rate avg: 88386 msg/s
id: test-122416-758, receiving rate avg: 88421 msg/s
id: test-122416-758, consumer latency min/median/75th/95th/99th/max 1121/100052/132484/209512/363989/680823 µs
id: test-122416-758, confirm latency min/median/75th/95th/99th/max 788/124679/166264/224939/277202/370045 µs
