Picked up JAVA_TOOL_OPTIONS: -Xmx3g
id: test-124318-918, starting consumer #0
id: test-124318-918, starting consumer #0, channel #0
id: test-124318-918, starting consumer #1
id: test-124318-918, starting consumer #1, channel #0
id: test-124318-918, starting consumer #2
id: test-124318-918, starting consumer #2, channel #0
id: test-124318-918, starting consumer #3
id: test-124318-918, starting consumer #3, channel #0
id: test-124318-918, starting producer #0
id: test-124318-918, starting producer #0, channel #0
id: test-124318-918, starting producer #1
id: test-124318-918, starting producer #1, channel #0
id: test-124318-918, starting producer #2
id: test-124318-918, starting producer #2, channel #0
id: test-124318-918, starting producer #3
id: test-124318-918, starting producer #3, channel #0
id: test-124318-918, time 1.004 s, sent: 56112 msg/s, confirmed: 55993 msg/s, nacked: 0 msg/s, received: 56010 msg/s, min/median/75th/95th/99th/max consumer latency: 34/1966/5902/29975/37590/41591 µs, confirm latency: 273/1726/2640/5469/7992/22219 µs
id: test-124318-918, time 2.000 s, sent: 123646 msg/s, confirmed: 123365 msg/s, nacked: 0 msg/s, received: 75823 msg/s, min/median/75th/95th/99th/max consumer latency: 40/5079/20987/259555/286459/287567 µs, confirm latency: 297/1353/2140/4551/9507/25732 µs
id: test-124318-918, time 3.000 s, sent: 232716 msg/s, confirmed: 232776 msg/s, nacked: 0 msg/s, received: 60113 msg/s, min/median/75th/95th/99th/max consumer latency: 272855/540218/592658/805455/878329/891206 µs, confirm latency: 418/1080/1421/2355/4492/60991 µs
id: test-124318-918, time 4.000 s, sent: 244234 msg/s, confirmed: 244228 msg/s, nacked: 0 msg/s, received: 31667 msg/s, min/median/75th/95th/99th/max consumer latency: 891141/1283390/1527249/1731299/1765852/1775285 µs, confirm latency: 504/1231/1563/2795/5135/21956 µs
id: test-124318-918, time 5.000 s, sent: 149954 msg/s, confirmed: 149898 msg/s, nacked: 0 msg/s, received: 69544 msg/s, min/median/75th/95th/99th/max consumer latency: 1779122/2321349/2435275/2512763/2514225/2515064 µs, confirm latency: 503/1385/1798/3057/11126/198707 µs
id: test-124318-918, time 6.000 s, sent: 230043 msg/s, confirmed: 230094 msg/s, nacked: 0 msg/s, received: 31850 msg/s, min/median/75th/95th/99th/max consumer latency: 2461935/2777335/3039595/3275962/3316070/3324476 µs, confirm latency: 445/1302/1627/2460/4839/48175 µs
id: test-124318-918, time 7.002 s, sent: 223369 msg/s, confirmed: 223318 msg/s, nacked: 0 msg/s, received: 32228 msg/s, min/median/75th/95th/99th/max consumer latency: 3332421/3745937/4002136/4192432/4201727/4205499 µs, confirm latency: 552/1396/1783/2895/4951/9916 µs
id: test-124318-918, time 8.000 s, sent: 202743 msg/s, confirmed: 202782 msg/s, nacked: 0 msg/s, received: 31573 msg/s, min/median/75th/95th/99th/max consumer latency: 4249267/4633633/4869865/5048052/5087766/5103456 µs, confirm latency: 600/1417/1811/3717/6395/40523 µs
id: test-124318-918, time 9.000 s, sent: 195912 msg/s, confirmed: 195872 msg/s, nacked: 0 msg/s, received: 51342 msg/s, min/median/75th/95th/99th/max consumer latency: 5109260/5298060/5451781/5812536/5866533/5891036 µs, confirm latency: 492/1423/1774/3125/5349/100113 µs
id: test-124318-918, time 10.000 s, sent: 219585 msg/s, confirmed: 219628 msg/s, nacked: 0 msg/s, received: 23442 msg/s, min/median/75th/95th/99th/max consumer latency: 5892918/6341515/6591083/6771083/6799436/6815108 µs, confirm latency: 599/1501/1811/2930/4363/6672 µs
id: test-124318-918, time 11.000 s, sent: 230075 msg/s, confirmed: 230097 msg/s, nacked: 0 msg/s, received: 19701 msg/s, min/median/75th/95th/99th/max consumer latency: 6814970/7279246/7469654/7693410/7732048/7742858 µs, confirm latency: 530/1460/1798/2722/4343/5580 µs
id: test-124318-918, time 12.000 s, sent: 209017 msg/s, confirmed: 209006 msg/s, nacked: 0 msg/s, received: 28553 msg/s, min/median/75th/95th/99th/max consumer latency: 7742993/8218721/8408524/8550213/8597337/8606767 µs, confirm latency: 550/1475/1866/4044/6548/12198 µs
id: test-124318-918, time 13.000 s, sent: 128186 msg/s, confirmed: 128184 msg/s, nacked: 0 msg/s, received: 61978 msg/s, min/median/75th/95th/99th/max consumer latency: 8611738/9140341/9170279/9305857/9339374/9365750 µs, confirm latency: 601/1489/1956/4212/7819/252671 µs
id: test-124318-918, time 14.000 s, sent: 94960 msg/s, confirmed: 94908 msg/s, nacked: 0 msg/s, received: 106247 msg/s, min/median/75th/95th/99th/max consumer latency: 9364526/9616593/9718304/9759749/9818902/9856124 µs, confirm latency: 490/1471/1854/4509/10405/251941 µs
id: test-124318-918, time 15.001 s, sent: 79040 msg/s, confirmed: 79040 msg/s, nacked: 0 msg/s, received: 79292 msg/s, min/median/75th/95th/99th/max consumer latency: 9960332/10221847/10472768/10515931/10532377/10543095 µs, confirm latency: 562/1495/1924/10349/106998/228924 µs
id: test-124318-918, time 16.000 s, sent: 96930 msg/s, confirmed: 96930 msg/s, nacked: 0 msg/s, received: 85162 msg/s, min/median/75th/95th/99th/max consumer latency: 10510857/10735940/10751357/10856172/10859339/10860900 µs, confirm latency: 608/1483/1873/3409/57965/252332 µs
id: test-124318-918, time 17.000 s, sent: 104890 msg/s, confirmed: 104970 msg/s, nacked: 0 msg/s, received: 99203 msg/s, min/median/75th/95th/99th/max consumer latency: 10794577/11099213/11177431/11213078/11341321/11375891 µs, confirm latency: 518/1397/1716/2674/5280/500883 µs
id: test-124318-918, time 18.000 s, sent: 120764 msg/s, confirmed: 120717 msg/s, nacked: 0 msg/s, received: 90305 msg/s, min/median/75th/95th/99th/max consumer latency: 11379028/11674005/11806178/11840719/11952977/11991962 µs, confirm latency: 423/1382/1714/2442/3343/252160 µs
id: test-124318-918, time 19.000 s, sent: 46801 msg/s, confirmed: 46768 msg/s, nacked: 0 msg/s, received: 117061 msg/s, min/median/75th/95th/99th/max consumer latency: 12014518/12204591/12439812/12460928/12467688/12470075 µs, confirm latency: 488/1606/2429/9537/501290/501651 µs
id: test-124318-918, time 20.000 s, sent: 122005 msg/s, confirmed: 122005 msg/s, nacked: 0 msg/s, received: 105004 msg/s, min/median/75th/95th/99th/max consumer latency: 12470026/12742366/12991776/13022380/13027670/13028859 µs, confirm latency: 443/1383/1732/2895/9412/251616 µs
id: test-124318-918, time 21.000 s, sent: 125389 msg/s, confirmed: 125389 msg/s, nacked: 0 msg/s, received: 101750 msg/s, min/median/75th/95th/99th/max consumer latency: 12984703/13239269/13449894/13478149/13481221/13482903 µs, confirm latency: 600/1353/1688/2552/241299/251631 µs
id: test-124318-918, time 22.000 s, sent: 109018 msg/s, confirmed: 109018 msg/s, nacked: 0 msg/s, received: 110668 msg/s, min/median/75th/95th/99th/max consumer latency: 13453285/13518312/13947729/13968972/13970307/13971375 µs, confirm latency: 514/1315/1655/4150/14456/501857 µs
id: test-124318-918, time 23.000 s, sent: 97235 msg/s, confirmed: 97267 msg/s, nacked: 0 msg/s, received: 118478 msg/s, min/median/75th/95th/99th/max consumer latency: 13970202/14097490/14123238/14160194/14283164/14300334 µs, confirm latency: 409/1337/1683/4178/8093/491706 µs
id: test-124318-918, time 24.000 s, sent: 121236 msg/s, confirmed: 121204 msg/s, nacked: 0 msg/s, received: 103834 msg/s, min/median/75th/95th/99th/max consumer latency: 14307641/14491113/14660207/14719311/14820347/14843848 µs, confirm latency: 569/1323/1631/3660/6308/251339 µs
id: test-124318-918, time 25.000 s, sent: 117390 msg/s, confirmed: 117619 msg/s, nacked: 0 msg/s, received: 104264 msg/s, min/median/75th/95th/99th/max consumer latency: 14859690/15089072/15200150/15241579/15332943/15356760 µs, confirm latency: 574/1315/1615/3481/5590/251618 µs
12:43:44.037 [RabbitMQ Error On Write Thread] ERROR c.r.perf.RelaxedExceptionHandler - An unexpected connection driver error occurred
java.net.SocketException: Broken pipe
	at java.base/sun.nio.ch.SocketDispatcher.write0(Native Method)
	at java.base/sun.nio.ch.SocketDispatcher.write(SocketDispatcher.java:65)
	at java.base/sun.nio.ch.NioSocketImpl.tryWrite(NioSocketImpl.java:403)
	at java.base/sun.nio.ch.NioSocketImpl.implWrite(NioSocketImpl.java:419)
	at java.base/sun.nio.ch.NioSocketImpl.write(NioSocketImpl.java:449)
	at java.base/sun.nio.ch.NioSocketImpl$2.write(NioSocketImpl.java:856)
	at java.base/java.net.Socket$SocketOutputStream.write(Socket.java:1207)
	at java.base/java.io.BufferedOutputStream.flushBuffer(BufferedOutputStream.java:125)
	at java.base/java.io.BufferedOutputStream.implFlush(BufferedOutputStream.java:252)
	at java.base/java.io.BufferedOutputStream.flush(BufferedOutputStream.java:240)
	at java.base/java.io.DataOutputStream.flush(DataOutputStream.java:131)
	at com.rabbitmq.client.impl.SocketFrameHandler.flush(SocketFrameHandler.java:231)
	at com.rabbitmq.client.impl.AMQConnection.flush(AMQConnection.java:673)
	at com.rabbitmq.client.impl.AMQCommand.transmit(AMQCommand.java:163)
	at com.rabbitmq.client.impl.AMQChannel.quiescingTransmit(AMQChannel.java:503)
	at com.rabbitmq.client.impl.AMQChannel.transmit(AMQChannel.java:470)
	at com.rabbitmq.client.impl.AMQChannel.transmit(AMQChannel.java:460)
	at com.rabbitmq.client.impl.recovery.RecoveryAwareChannelN.basicAck(RecoveryAwareChannelN.java:97)
	at com.rabbitmq.client.impl.recovery.AutorecoveringChannel.basicAck(AutorecoveringChannel.java:445)
	at com.rabbitmq.perf.Consumer.lambda$static$0(Consumer.java:57)
	at com.rabbitmq.perf.Consumer$ConsumerImpl.lambda$ackIfNecessary$0(Consumer.java:353)
	at com.rabbitmq.perf.AgentBase.dealWithWriteOperation(AgentBase.java:90)
	at com.rabbitmq.perf.Consumer$ConsumerImpl.ackIfNecessary(Consumer.java:350)
	at com.rabbitmq.perf.Consumer$ConsumerImpl.handleMessage(Consumer.java:320)
	at com.rabbitmq.perf.Consumer$ConsumerImpl.maybeHandleMessage(Consumer.java:301)
	at com.rabbitmq.perf.Consumer$ConsumerImpl.handleDelivery(Consumer.java:295)
	at com.rabbitmq.client.impl.ConsumerDispatcher$5.run(ConsumerDispatcher.java:149)
	at com.rabbitmq.client.impl.ConsumerWorkService$WorkPoolRunnable.run(ConsumerWorkService.java:111)
	at java.base/java.util.concurrent.ThreadPoolExecutor.runWorker(ThreadPoolExecutor.java:1144)
	at java.base/java.util.concurrent.ThreadPoolExecutor$Worker.run(ThreadPoolExecutor.java:642)
	at java.base/java.lang.Thread.run(Thread.java:1583)
test stopped (Reached time limit)
id: test-124318-918, sending rate avg: 147055 msg/s
id: test-124318-918, receiving rate avg: 71799 msg/s
id: test-124318-918, consumer latency min/median/75th/95th/99th/max 71/12134065/14049942/15045100/15218159/15371344 µs
id: test-124318-918, confirm latency min/median/75th/95th/99th/max 395/1355/1761/3235/6192/251782 µs
